Component: ARM Compiler 5.06 update 6 (build 750) Tool: armlink [4d35ed]

==============================================================================

Section Cross References

    system_stm32f10x.o(i.SetSysClock) refers to system_stm32f10x.o(i.SetSysClockTo72) for SetSysClockTo72
    system_stm32f10x.o(i.SystemCoreClockUpdate) refers to system_stm32f10x.o(.data) for SystemCoreClock
    system_stm32f10x.o(i.SystemInit) refers to system_stm32f10x.o(i.SetSysClock) for SetSysClock
    startup_stm32f10x_hd.o(STACK) refers (Special) to heapauxi.o(.text) for __use_two_region_memory
    startup_stm32f10x_hd.o(HEAP) refers (Special) to heapauxi.o(.text) for __use_two_region_memory
    startup_stm32f10x_hd.o(RESET) refers (Special) to heapauxi.o(.text) for __use_two_region_memory
    startup_stm32f10x_hd.o(RESET) refers to startup_stm32f10x_hd.o(STACK) for __initial_sp
    startup_stm32f10x_hd.o(RESET) refers to startup_stm32f10x_hd.o(.text) for Reset_Handler
    startup_stm32f10x_hd.o(RESET) refers to stm32f10x_it.o(i.NMI_Handler) for NMI_Handler
    startup_stm32f10x_hd.o(RESET) refers to stm32f10x_it.o(i.HardFault_Handler) for HardFault_Handler
    startup_stm32f10x_hd.o(RESET) refers to stm32f10x_it.o(i.MemManage_Handler) for MemManage_Handler
    startup_stm32f10x_hd.o(RESET) refers to stm32f10x_it.o(i.BusFault_Handler) for BusFault_Handler
    startup_stm32f10x_hd.o(RESET) refers to stm32f10x_it.o(i.UsageFault_Handler) for UsageFault_Handler
    startup_stm32f10x_hd.o(RESET) refers to port.o(.emb_text) for SVC_Handler
    startup_stm32f10x_hd.o(RESET) refers to stm32f10x_it.o(i.DebugMon_Handler) for DebugMon_Handler
    startup_stm32f10x_hd.o(RESET) refers to stm32f10x_it.o(i.SysTick_Handler) for SysTick_Handler
    startup_stm32f10x_hd.o(RESET) refers to delay.o(i.TIM2_IRQHandler) for TIM2_IRQHandler
    startup_stm32f10x_hd.o(RESET) refers to tim.o(i.TIM4_IRQHandler) for TIM4_IRQHandler
    startup_stm32f10x_hd.o(RESET) refers to encoder.o(i.TIM6_IRQHandler) for TIM6_IRQHandler
    startup_stm32f10x_hd.o(.text) refers (Special) to heapauxi.o(.text) for __use_two_region_memory
    startup_stm32f10x_hd.o(.text) refers to system_stm32f10x.o(i.SystemInit) for SystemInit
    startup_stm32f10x_hd.o(.text) refers to __main.o(!!!main) for __main
    startup_stm32f10x_hd.o(.text) refers to startup_stm32f10x_hd.o(HEAP) for Heap_Mem
    startup_stm32f10x_hd.o(.text) refers to startup_stm32f10x_hd.o(STACK) for Stack_Mem
    stm32f10x_can.o(i.CAN_DeInit) refers to stm32f10x_rcc.o(i.RCC_APB1PeriphResetCmd) for RCC_APB1PeriphResetCmd
    stm32f10x_can.o(i.CAN_GetITStatus) refers to stm32f10x_can.o(i.CheckITStatus) for CheckITStatus
    stm32f10x_gpio.o(i.GPIO_AFIODeInit) refers to stm32f10x_rcc.o(i.RCC_APB2PeriphResetCmd) for RCC_APB2PeriphResetCmd
    stm32f10x_gpio.o(i.GPIO_DeInit) refers to stm32f10x_rcc.o(i.RCC_APB2PeriphResetCmd) for RCC_APB2PeriphResetCmd
    stm32f10x_adc.o(i.ADC_DeInit) refers to stm32f10x_rcc.o(i.RCC_APB2PeriphResetCmd) for RCC_APB2PeriphResetCmd
    stm32f10x_rcc.o(i.RCC_GetClocksFreq) refers to stm32f10x_rcc.o(.data) for APBAHBPrescTable
    stm32f10x_rcc.o(i.RCC_WaitForHSEStartUp) refers to stm32f10x_rcc.o(i.RCC_GetFlagStatus) for RCC_GetFlagStatus
    stm32f10x_tim.o(i.TIM_DeInit) refers to stm32f10x_rcc.o(i.RCC_APB2PeriphResetCmd) for RCC_APB2PeriphResetCmd
    stm32f10x_tim.o(i.TIM_DeInit) refers to stm32f10x_rcc.o(i.RCC_APB1PeriphResetCmd) for RCC_APB1PeriphResetCmd
    stm32f10x_tim.o(i.TIM_ETRClockMode1Config) refers to stm32f10x_tim.o(i.TIM_ETRConfig) for TIM_ETRConfig
    stm32f10x_tim.o(i.TIM_ETRClockMode2Config) refers to stm32f10x_tim.o(i.TIM_ETRConfig) for TIM_ETRConfig
    stm32f10x_tim.o(i.TIM_ICInit) refers to stm32f10x_tim.o(i.TI1_Config) for TI1_Config
    stm32f10x_tim.o(i.TIM_ICInit) refers to stm32f10x_tim.o(i.TIM_SetIC1Prescaler) for TIM_SetIC1Prescaler
    stm32f10x_tim.o(i.TIM_ICInit) refers to stm32f10x_tim.o(i.TI2_Config) for TI2_Config
    stm32f10x_tim.o(i.TIM_ICInit) refers to stm32f10x_tim.o(i.TIM_SetIC2Prescaler) for TIM_SetIC2Prescaler
    stm32f10x_tim.o(i.TIM_ICInit) refers to stm32f10x_tim.o(i.TI3_Config) for TI3_Config
    stm32f10x_tim.o(i.TIM_ICInit) refers to stm32f10x_tim.o(i.TIM_SetIC3Prescaler) for TIM_SetIC3Prescaler
    stm32f10x_tim.o(i.TIM_ICInit) refers to stm32f10x_tim.o(i.TI4_Config) for TI4_Config
    stm32f10x_tim.o(i.TIM_ICInit) refers to stm32f10x_tim.o(i.TIM_SetIC4Prescaler) for TIM_SetIC4Prescaler
    stm32f10x_tim.o(i.TIM_ITRxExternalClockConfig) refers to stm32f10x_tim.o(i.TIM_SelectInputTrigger) for TIM_SelectInputTrigger
    stm32f10x_tim.o(i.TIM_PWMIConfig) refers to stm32f10x_tim.o(i.TI1_Config) for TI1_Config
    stm32f10x_tim.o(i.TIM_PWMIConfig) refers to stm32f10x_tim.o(i.TIM_SetIC1Prescaler) for TIM_SetIC1Prescaler
    stm32f10x_tim.o(i.TIM_PWMIConfig) refers to stm32f10x_tim.o(i.TI2_Config) for TI2_Config
    stm32f10x_tim.o(i.TIM_PWMIConfig) refers to stm32f10x_tim.o(i.TIM_SetIC2Prescaler) for TIM_SetIC2Prescaler
[...]
    i.vPortSetupTimerInterrupt               0x08003764   Section        0  port.o(i.vPortSetupTimerInterrupt)
    i.vTaskDelay                             0x08003784   Section        0  tasks.o(i.vTaskDelay)
    i.vTaskDelayUntil                        0x080037b8   Section        0  tasks.o(i.vTaskDelayUntil)
    i.vTaskDelete                            0x0800382c   Section        0  tasks.o(i.vTaskDelete)
    i.vTaskGetInfo                           0x080038f8   Section        0  tasks.o(i.vTaskGetInfo)
    i.vTaskGetRunTimeStats                   0x08003970   Section        0  tasks.o(i.vTaskGetRunTimeStats)
    i.vTaskList                              0x08003a44   Section        0  tasks.o(i.vTaskList)
    i.vTaskStartScheduler                    0x08003b24   Section        0  tasks.o(i.vTaskStartScheduler)
    i.vTaskSuspendAll                        0x08003b90   Section        0  tasks.o(i.vTaskSuspendAll)
    i.vTaskSwitchContext                     0x08003ba0   Section        0  tasks.o(i.vTaskSwitchContext)
    i.xPortStartScheduler                    0x08003c40   Section        0  port.o(i.xPortStartScheduler)
    i.xPortSysTickHandler                    0x08003c74   Section        0  port.o(i.xPortSysTickHandler)
    i.xTaskCreate                            0x08003ca8   Section        0  tasks.o(i.xTaskCreate)
    i.xTaskGetTickCount                      0x08003d08   Section        0  tasks.o(i.xTaskGetTickCount)
    i.xTaskIncrementTick                     0x08003d14   Section        0  tasks.o(i.xTaskIncrementTick)
    i.xTaskResumeAll                         0x08003e30   Section        0  tasks.o(i.xTaskResumeAll)
    x$fpl$d2f                                0x08003f18   Section       98  d2f.o(x$fpl$d2f)
    x$fpl$dadd                               0x08003f7c   Section      336  daddsub_clz.o(x$fpl$dadd)
    _dadd1                                   0x08003f8d   Thumb Code     0  daddsub_clz.o(x$fpl$dadd)
    x$fpl$dcheck1                            0x080040cc   Section       16  dcheck1.o(x$fpl$dcheck1)
    x$fpl$ddiv                               0x080040dc   Section      688  ddiv.o(x$fpl$ddiv)
    ddiv_entry                               0x080040e3   Thumb Code     0  ddiv.o(x$fpl$ddiv)
    x$fpl$dfix                               0x0800438c   Section       94  dfix.o(x$fpl$dfix)
    x$fpl$dflt                               0x080043ea   Section       46  dflt_clz.o(x$fpl$dflt)
    x$fpl$dmul                               0x08004418   Section      340  dmul.o(x$fpl$dmul)
    x$fpl$dnaninf                            0x0800456c   Section      156  dnaninf.o(x$fpl$dnaninf)
    x$fpl$dretinf                            0x08004608   Section       12  dretinf.o(x$fpl$dretinf)
    x$fpl$drsb                               0x08004614   Section       22  daddsub_clz.o(x$fpl$drsb)
    x$fpl$dsqrt                              0x0800462c   Section      460  dsqrt_noumaal.o(x$fpl$dsqrt)
    x$fpl$dsub                               0x080047f8   Section      468  daddsub_clz.o(x$fpl$dsub)
    _dsub1                                   0x08004809   Thumb Code     0  daddsub_clz.o(x$fpl$dsub)
    x$fpl$f2d                                0x080049cc   Section       86  f2d.o(x$fpl$f2d)
    x$fpl$fadd                               0x08004a24   Section      196  faddsub_clz.o(x$fpl$fadd)
    _fadd1                                   0x08004a33   Thumb Code     0  faddsub_clz.o(x$fpl$fadd)
    x$fpl$fcmpinf                            0x08004ae8   Section       24  fcmpi.o(x$fpl$fcmpinf)
    x$fpl$fdiv                               0x08004b00   Section      388  fdiv.o(x$fpl$fdiv)
    _fdiv1                                   0x08004b01   Thumb Code     0  fdiv.o(x$fpl$fdiv)
    x$fpl$ffix                               0x08004c84   Section       54  ffix.o(x$fpl$ffix)
    x$fpl$ffixu                              0x08004cbc   Section       62  ffixu.o(x$fpl$ffixu)
    x$fpl$fflt                               0x08004cfc   Section       48  fflt_clz.o(x$fpl$fflt)
    x$fpl$fleqf                              0x08004d2c   Section      104  fleqf.o(x$fpl$fleqf)
    x$fpl$fmul                               0x08004d94   Section      258  fmul.o(x$fpl$fmul)
    x$fpl$fnaninf                            0x08004e96   Section      140  fnaninf.o(x$fpl$fnaninf)
    x$fpl$fretinf                            0x08004f22   Section       10  fretinf.o(x$fpl$fretinf)
    x$fpl$frleqf                             0x08004f2c   Section       98  frleqf.o(x$fpl$frleqf)
    x$fpl$fsub                               0x08004f90   Section      234  faddsub_clz.o(x$fpl$fsub)
    _fsub1                                   0x08004f9f   Thumb Code     0  faddsub_clz.o(x$fpl$fsub)
    x$fpl$retnan                             0x0800507a   Section      100  retnan.o(x$fpl$retnan)
    x$fpl$scalbn                             0x080050de   Section       92  scalbn.o(x$fpl$scalbn)
    x$fpl$trapveneer                         0x0800513a   Section       48  trapv.o(x$fpl$trapveneer)
    x$fpl$usenofp                            0x0800516a   Section        0  usenofp.o(x$fpl$usenofp)
    .constdata                               0x0800516c   Section       80  inv_mpu.o(.constdata)
    .constdata                               0x080051bc   Section       17  __printf_flags_wp.o(.constdata)
    maptable                                 0x080051bc   Data          17  __printf_flags_wp.o(.constdata)
    .constdata                               0x080051d0   Section       80  asin.o(.constdata)
    pS                                       0x080051d0   Data          48  asin.o(.constdata)
    qS                                       0x08005200   Data          32  asin.o(.constdata)
    .constdata                               0x08005220   Section      152  atan.o(.constdata)
    atanhi                                   0x08005220   Data          32  atan.o(.constdata)
    atanlo                                   0x08005240   Data          32  atan.o(.constdata)
    aTodd                                    0x08005260   Data          40  atan.o(.constdata)
    aTeven                                   0x08005288   Data          48  atan.o(.constdata)
    .constdata                               0x080052b8   Section        8  qnan.o(.constdata)
    .data                                    0x20000000   Section       20  system_stm32f10x.o(.data)
    .data                                    0x20000014   Section        8  delay.o(.data)
    .data                                    0x2000001c   Section        4  tim.o(.data)
    .data                                    0x20000020   Section       16  encoder.o(.data)
    leftWheelEncoderNow                      0x20000020   Data           4  encoder.o(.data)
    rightWheelEncoderNow                     0x20000024   Data           4  encoder.o(.data)
    leftWheelEncoderLast                     0x20000028   Data           4  encoder.o(.data)
    rightWheelEncoderLast                    0x2000002c   Data           4  encoder.o(.data)
    .data                                    0x20000030   Section       53  inv_mpu.o(.data)
    st                                       0x20000030   Data          44  inv_mpu.o(.data)
    gyro_orientation                         0x2000005c   Data           9  inv_mpu.o(.data)
    .data                                    0x20000068   Section       28  chassis.o(.data)
    .data                                    0x20000084   Section       32  gyro.o(.data)
    .data                                    0x200000a4   Section       68  tasks.o(.data)
    pxDelayedTaskList                        0x200000a8   Data           4  tasks.o(.data)
    pxOverflowDelayedTaskList                0x200000ac   Data           4  tasks.o(.data)
    uxDeletedTasksWaitingCleanUp             0x200000b0   Data           4  tasks.o(.data)
    uxCurrentNumberOfTasks                   0x200000b4   Data           4  tasks.o(.data)
    xTickCount                               0x200000b8   Data           4  tasks.o(.data)
    uxTopReadyPriority                       0x200000bc   Data           4  tasks.o(.data)
    xSchedulerRunning                        0x200000c0   Data           4  tasks.o(.data)
    uxPendedTicks                            0x200000c4   Data           4  tasks.o(.data)
    xYieldPending                            0x200000c8   Data           4  tasks.o(.data)
    xNumOfOverflows                          0x200000cc   Data           4  tasks.o(.data)
    uxTaskNumber                             0x200000d0   Data           4  tasks.o(.data)
    xNextTaskUnblockTime                     0x200000d4   Data           4  tasks.o(.data)
    xIdleTaskHandle                          0x200000d8   Data           4  tasks.o(.data)
    uxSchedulerSuspended                     0x200000dc   Data           4  tasks.o(.data)
    ulTaskSwitchedInTime                     0x200000e0   Data           4  tasks.o(.data)
    ulTotalRunTime                           0x200000e4   Data           4  tasks.o(.data)
    .data                                    0x200000e8   Section       24  heap_4.o(.data)
    xStart                                   0x200000e8   Data           8  heap_4.o(.data)
    pxEnd                                    0x200000f0   Data           4  heap_4.o(.data)
    xFreeBytesRemaining                      0x200000f4   Data           4  heap_4.o(.data)
    xMinimumEverFreeBytesRemaining           0x200000f8   Data           4  heap_4.o(.data)
    xBlockAllocatedBit                       0x200000fc   Data           4  heap_4.o(.data)
    .data                                    0x20000100   Section        4  port.o(.data)
    uxCriticalNesting                        0x20000100   Data           4  port.o(.data)
    .data                                    0x20000104   Section       20  start_task.o(.data)
    StartTask_Handler                        0x20000108   Data           4  start_task.o(.data)
    chassis_Handler                          0x2000010c   Data           4  start_task.o(.data)
    Gyro_Handler                             0x20000110   Data           4  start_task.o(.data)
    CPUTask_Handler                          0x20000114   Data           4  start_task.o(.data)
    .bss                                     0x20000118   Section       16  inv_mpu_dmp_motion_driver.o(.bss)
    dmp                                      0x20000118   Data          16  inv_mpu_dmp_motion_driver.o(.bss)
    .bss                                     0x20000128   Section      120  chassis.o(.bss)
    .bss                                     0x200001a0   Section      740  tasks.o(.bss)
    pxReadyTasksLists                        0x200001a0   Data         640  tasks.o(.bss)
    xDelayedTaskList1                        0x20000420   Data          20  tasks.o(.bss)
    xDelayedTaskList2                        0x20000434   Data          20  tasks.o(.bss)
    xPendingReadyList                        0x20000448   Data          20  tasks.o(.bss)
    xTasksWaitingTermination                 0x2000045c   Data          20  tasks.o(.bss)
    xSuspendedTaskList                       0x20000470   Data          20  tasks.o(.bss)
    .bss                                     0x20000484   Section    17408  heap_4.o(.bss)
    ucHeap                                   0x20000484   Data       17408  heap_4.o(.bss)
    .bss                                     0x20004884   Section       96  libspace.o(.bss)
    HEAP                                     0x200048e8   Section      512  startup_stm32f10x_hd.o(HEAP)
    Heap_Mem                                 0x200048e8   Data         512  startup_stm32f10x_hd.o(HEAP)
    STACK                                    0x20004ae8   Section     1024  startup_stm32f10x_hd.o(STACK)
    Stack_Mem                                0x20004ae8   Data        1024  startup_stm32f10x_hd.o(STACK)
    __initial_sp                             0x20004ee8   Data           0  startup_stm32f10x_hd.o(STACK)

    Global Symbols

    Symbol Name                              Value     Ov Type        Size  Object(Section)

    BuildAttributes$$THM_ISAv4$P$D$K$B$S$PE$A:L22UL41UL21$X:L11$S22US41US21$IEEE1$IW$USESV6$~STKCKD$USESV7$~SHL$OTIME$ROPI$IEEEX$EBA8$UX$STANDARDLIB$REQ8$PRES8$EABIv2 0x00000000   Number         0  anon$$obj.o ABSOLUTE
    __ARM_use_no_argv                        0x00000000   Number         0  main.o ABSOLUTE
    _printf_flags                            0x00000000   Number         0  printf_stubs.o ABSOLUTE
    _printf_return_value                     0x00000000   Number         0  printf_stubs.o ABSOLUTE
    _printf_sizespec                         0x00000000   Number         0  printf_stubs.o ABSOLUTE
    _printf_widthprec                        0x00000000   Number         0  printf_stubs.o ABSOLUTE
    __ARM_exceptions_init                     - Undefined Weak Reference
    __alloca_initialize                       - Undefined Weak Reference
    __arm_preinit_                            - Undefined Weak Reference
    __cpp_initialize__aeabi_                  - Undefined Weak Reference
    __cxa_finalize                            - Undefined Weak Reference
    __rt_locale                               - Undefined Weak Reference
    __sigvec_lookup                           - Undefined Weak Reference
    __user_heap_extent                        - Undefined Weak Reference
    _atexit_init                              - Undefined Weak Reference
    _call_atexit_fns                          - Undefined Weak Reference
    _clock_init                               - Undefined Weak Reference
    _fp_trap_init                             - Undefined Weak Reference
    _fp_trap_shutdown                         - Undefined Weak Reference
    _get_lc_collate                           - Undefined Weak Reference
    _get_lc_ctype                             - Undefined Weak Reference
    _get_lc_monetary                          - Undefined Weak Reference
    _get_lc_numeric                           - Undefined Weak Reference
    _get_lc_time                              - Undefined Weak Reference
    _getenv_init                              - Undefined Weak Reference
    _handle_redirection                       - Undefined Weak Reference
    _mutex_acquire                            - Undefined Weak Reference
    _mutex_free                               - Undefined Weak Reference
    _mutex_release                            - Undefined Weak Reference
    _printf_mbtowc                            - Undefined Weak Reference
    _printf_truncate_signed                   - Undefined Weak Reference
    _printf_truncate_unsigned                 - Undefined Weak Reference
    _rand_init                                - Undefined Weak Reference
    _signal_finish                            - Undefined Weak Reference
    _signal_init                              - Undefined Weak Reference
    __Vectors_Size                           0x00000130   Number         0  startup_stm32f10x_hd.o ABSOLUTE
    __Vectors                                0x08000000   Data           4  startup_stm32f10x_hd.o(RESET)
    __Vectors_End                            0x08000130   Data           0  startup_stm32f10x_hd.o(RESET)
    __main                                   0x08000131   Thumb Code     8  __main.o(!!!main)
    __scatterload                            0x08000139   Thumb Code     0  __scatter.o(!!!scatter)
    __scatterload_rt2                        0x08000139   Thumb Code    44  __scatter.o(!!!scatter)
    __scatterload_rt2_thumb_only             0x08000139   Thumb Code     0  __scatter.o(!!!scatter)
    __scatterload_null                       0x08000147   Thumb Code     0  __scatter.o(!!!scatter)
    __scatterload_copy                       0x0800016d   Thumb Code    26  __scatter_copy.o(!!handler_copy)
    __scatterload_zeroinit                   0x08000189   Thumb Code    28  __scatter_zi.o(!!handler_zi)
    _printf_percent                          0x080001a5   Thumb Code     0  _printf_percent.o(.ARM.Collect$$_printf_percent$$00000000)
    _printf_u                                0x080001a5   Thumb Code     0  _printf_u.o(.ARM.Collect$$_printf_percent$$0000000A)
    _printf_c                                0x080001ab   Thumb Code     0  _printf_c.o(.ARM.Collect$$_printf_percent$$00000013)
    _printf_percent_end                      0x080001b1   Thumb Code     0  _printf_percent_end.o(.ARM.Collect$$_printf_percent$$00000017)
    __rt_lib_init                            0x080001b5   Thumb Code     0  libinit.o(.ARM.Collect$$libinit$$00000000)
    __rt_lib_init_alloca_1                   0x080001b7   Thumb Code     0  libinit2.o(.ARM.Collect$$libinit$$0000002E)
    __rt_lib_init_argv_1                     0x080001b7   Thumb Code     0  libinit2.o(.ARM.Collect$$libinit$$0000002C)
    __rt_lib_init_atexit_1                   0x080001b7   Thumb Code     0  libinit2.o(.ARM.Collect$$libinit$$0000001B)
    __rt_lib_init_clock_1                    0x080001b7   Thumb Code     0  libinit2.o(.ARM.Collect$$libinit$$00000021)
    __rt_lib_init_cpp_1                      0x080001b7   Thumb Code     0  libinit2.o(.ARM.Collect$$libinit$$00000032)
    __rt_lib_init_exceptions_1               0x080001b7   Thumb Code     0  libinit2.o(.ARM.Collect$$libinit$$00000030)
    __rt_lib_init_fp_1                       0x080001b7   Thumb Code     0  libinit2.o(.ARM.Collect$$libinit$$00000002)
    __rt_lib_init_fp_trap_1                  0x080001b7   Thumb Code     0  libinit2.o(.ARM.Collect$$libinit$$0000001F)
    __rt_lib_init_getenv_1                   0x080001b7   Thumb Code     0  libinit2.o(.ARM.Collect$$libinit$$00000023)
    __rt_lib_init_heap_1                     0x080001b7   Thumb Code     0  libinit2.o(.ARM.Collect$$libinit$$0000000A)
    __rt_lib_init_lc_collate_1               0x080001b7   Thumb Code     0  libinit2.o(.ARM.Collect$$libinit$$00000011)
    __rt_lib_init_lc_ctype_1                 0x080001b7   Thumb Code     0  libinit2.o(.ARM.Collect$$libinit$$00000013)
    __rt_lib_init_lc_monetary_1              0x080001b7   Thumb Code     0  libinit2.o(.ARM.Collect$$libinit$$00000015)
    __rt_lib_init_lc_numeric_1               0x080001b7   Thumb Code     0  libinit2.o(.ARM.Collect$$libinit$$00000017)
    __rt_lib_init_lc_time_1                  0x080001b7   Thumb Code     0  libinit2.o(.ARM.Collect$$libinit$$00000019)
    __rt_lib_init_preinit_1                  0x080001b7   Thumb Code     0  libinit2.o(.ARM.Collect$$libinit$$00000004)
    __rt_lib_init_rand_1                     0x080001b7   Thumb Code     0  libinit2.o(.ARM.Collect$$libinit$$0000000E)
    __rt_lib_init_return                     0x080001b7   Thumb Code     0  libinit2.o(.ARM.Collect$$libinit$$00000033)
    __rt_lib_init_signal_1                   0x080001b7   Thumb Code     0  libinit2.o(.ARM.Collect$$libinit$$0000001D)
    __rt_lib_init_stdio_1                    0x080001b7   Thumb Code     0  libinit2.o(.ARM.Collect$$libinit$$00000025)
    __rt_lib_init_user_alloc_1               0x080001b7   Thumb Code     0  libinit2.o(.ARM.Collect$$libinit$$0000000C)
    __rt_lib_shutdown                        0x080001b9   Thumb Code     0  libshutdown.o(.ARM.Collect$$libshutdown$$00000000)
    __rt_lib_shutdown_cpp_1                  0x080001bb   Thumb Code     0  libshutdown2.o(.ARM.Collect$$libshutdown$$00000002)
    __rt_lib_shutdown_fp_trap_1              0x080001bb   Thumb Code     0  libshutdown2.o(.ARM.Collect$$libshutdown$$00000007)
    __rt_lib_shutdown_heap_1                 0x080001bb   Thumb Code     0  libshutdown2.o(.ARM.Collect$$libshutdown$$0000000F)
    __rt_lib_shutdown_return                 0x080001bb   Thumb Code     0  libshutdown2.o(.ARM.Collect$$libshutdown$$00000010)
    __rt_lib_shutdown_signal_1               0x080001bb   Thumb Code     0  libshutdown2.o(.ARM.Collect$$libshutdown$$0000000A)
    __rt_lib_shutdown_stdio_1                0x080001bb   Thumb Code     0  libshutdown2.o(.ARM.Collect$$libshutdown$$00000004)
    __rt_lib_shutdown_user_alloc_1           0x080001bb   Thumb Code     0  libshutdown2.o(.ARM.Collect$$libshutdown$$0000000C)
    __rt_entry                               0x080001bd   Thumb Code     0  __rtentry.o(.ARM.Collect$$rtentry$$00000000)
    __rt_entry_presh_1                       0x080001bd   Thumb Code     0  __rtentry2.o(.ARM.Collect$$rtentry$$00000002)
    __rt_entry_sh                            0x080001bd   Thumb Code     0  __rtentry4.o(.ARM.Collect$$rtentry$$00000004)
    __rt_entry_li                            0x080001c3   Thumb Code     0  __rtentry2.o(.ARM.Collect$$rtentry$$0000000A)
    __rt_entry_postsh_1                      0x080001c3   Thumb Code     0  __rtentry2.o(.ARM.Collect$$rtentry$$00000009)
    __rt_entry_main                          0x080001c7   Thumb Code     0  __rtentry2.o(.ARM.Collect$$rtentry$$0000000D)
    __rt_entry_postli_1                      0x080001c7   Thumb Code     0  __rtentry2.o(.ARM.Collect$$rtentry$$0000000C)
    __rt_exit                                0x080001cf   Thumb Code     0  rtexit.o(.ARM.Collect$$rtexit$$00000000)
    __rt_exit_ls                             0x080001d1   Thumb Code     0  rtexit2.o(.ARM.Collect$$rtexit$$00000003)
    __rt_exit_prels_1                        0x080001d1   Thumb Code     0  rtexit2.o(.ARM.Collect$$rtexit$$00000002)
    __rt_exit_exit                           0x080001d5   Thumb Code     0  rtexit2.o(.ARM.Collect$$rtexit$$00000004)
    SVC_Handler                              0x080001dd   Thumb Code    32  port.o(.emb_text)
    __asm___6_port_c_39a90d8d__prvStartFirstTask 0x08000201   Thumb Code    28  port.o(.emb_text)
    PendSV_Handler                           0x08000221   Thumb Code    72  port.o(.emb_text)
    vPortGetIPSR                             0x0800026d   Thumb Code     6  port.o(.emb_text)
    Reset_Handler                            0x08000275   Thumb Code     8  startup_stm32f10x_hd.o(.text)
    ADC1_2_IRQHandler                        0x0800028f   Thumb Code     0  startup_stm32f10x_hd.o(.text)
    ADC3_IRQHandler                          0x0800028f   Thumb Code     0  startup_stm32f10x_hd.o(.text)
    CAN1_RX1_IRQHandler                      0x0800028f   Thumb Code     0  startup_stm32f10x_hd.o(.text)
    CAN1_SCE_IRQHandler                      0x0800028f   Thumb Code     0  startup_stm32f10x_hd.o(.text)
    DMA1_Channel1_IRQHandler                 0x0800028f   Thumb Code     0  startup_stm32f10x_hd.o(.text)
    DMA1_Channel2_IRQHandler                 0x0800028f   Thumb Code     0  startup_stm32f10x_hd.o(.text)
    DMA1_Channel3_IRQHandler                 0x0800028f   Thumb Code     0  startup_stm32f10x_hd.o(.text)
    DMA1_Channel4_IRQHandler                 0x0800028f   Thumb Code     0  startup_stm32f10x_hd.o(.text)
    DMA1_Channel5_IRQHandler                 0x0800028f   Thumb Code     0  startup_stm32f10x_hd.o(.text)
    DMA1_Channel6_IRQHandler                 0x0800028f   Thumb Code     0  startup_stm32f10x_hd.o(.text)
    DMA1_Channel7_IRQHandler                 0x0800028f   Thumb Code     0  startup_stm32f10x_hd.o(.text)
    DMA2_Channel1_IRQHandler                 0x0800028f   Thumb Code     0  startup_stm32f10x_hd.o(.text)
    DMA2_Channel2_IRQHandler                 0x0800028f   Thumb Code     0  startup_stm32f10x_hd.o(.text)
    DMA2_Channel3_IRQHandler                 0x0800028f   Thumb Code     0  startup_stm32f10x_hd.o(.text)
    DMA2_Channel4_5_IRQHandler               0x0800028f   Thumb Code     0  startup_stm32f10x_hd.o(.text)
    EXTI0_IRQHandler                         0x0800028f   Thumb Code     0  startup_stm32f10x_hd.o(.text)
    EXTI15_10_IRQHandler                     0x0800028f   Thumb Code     0  startup_stm32f10x_hd.o(.text)
    EXTI1_IRQHandler                         0x0800028f   Thumb Code     0  startup_stm32f10x_hd.o(.text)
    EXTI2_IRQHandler                         0x0800028f   Thumb Code     0  startup_stm32f10x_hd.o(.text)
    EXTI3_IRQHandler                         0x0800028f   Thumb Code     0  startup_stm32f10x_hd.o(.text)
    EXTI4_IRQHandler                         0x0800028f   Thumb Code     0  startup_stm32f10x_hd.o(.text)
    EXTI9_5_IRQHandler                       0x0800028f   Thumb Code     0  startup_stm32f10x_hd.o(.text)
    FLASH_IRQHandler                         0x0800028f   Thumb Code     0  startup_stm32f10x_hd.o(.text)
    FSMC_IRQHandler                          0x0800028f   Thumb Code     0  startup_stm32f10x_hd.o(.text)
    I2C1_ER_IRQHandler                       0x0800028f   Thumb Code     0  startup_stm32f10x_hd.o(.text)
    I2C1_EV_IRQHandler                       0x0800028f   Thumb Code     0  startup_stm32f10x_hd.o(.text)
    I2C2_ER_IRQHandler                       0x0800028f   Thumb Code     0  startup_stm32f10x_hd.o(.text)
    I2C2_EV_IRQHandler                       0x0800028f   Thumb Code     0  startup_stm32f10x_hd.o(.text)
    PVD_IRQHandler                           0x0800028f   Thumb Code     0  startup_stm32f10x_hd.o(.text)
    RCC_IRQHandler                           0x0800028f   Thumb Code     0  startup_stm32f10x_hd.o(.text)
    RTCAlarm_IRQHandler                      0x0800028f   Thumb Code     0  startup_stm32f10x_hd.o(.text)
    RTC_IRQHandler                           0x0800028f   Thumb Code     0  startup_stm32f10x_hd.o(.text)
    SDIO_IRQHandler                          0x0800028f   Thumb Code     0  startup_stm32f10x_hd.o(.text)
    SPI1_IRQHandler                          0x0800028f   Thumb Code     0  startup_stm32f10x_hd.o(.text)
    SPI2_IRQHandler                          0x0800028f   Thumb Code     0  startup_stm32f10x_hd.o(.text)
    SPI3_IRQHandler                          0x0800028f   Thumb Code     0  startup_stm32f10x_hd.o(.text)
    TAMPER_IRQHandler                        0x0800028f   Thumb Code     0  startup_stm32f10x_hd.o(.text)
    TIM1_BRK_IRQHandler                      0x0800028f   Thumb Code     0  startup_stm32f10x_hd.o(.text)
    TIM1_CC_IRQHandler                       0x0800028f   Thumb Code     0  startup_stm32f10x_hd.o(.text)
    TIM1_TRG_COM_IRQHandler                  0x0800028f   Thumb Code     0  startup_stm32f10x_hd.o(.text)
    TIM1_UP_IRQHandler                       0x0800028f   Thumb Code     0  startup_stm32f10x_hd.o(.text)
    TIM3_IRQHandler                          0x0800028f   Thumb Code     0  startup_stm32f10x_hd.o(.text)
    TIM5_IRQHandler                          0x0800028f   Thumb Code     0  startup_stm32f10x_hd.o(.text)
    TIM7_IRQHandler                          0x0800028f   Thumb Code     0  startup_stm32f10x_hd.o(.text)
    TIM8_BRK_IRQHandler                      0x0800028f   Thumb Code     0  startup_stm32f10x_hd.o(.text)
    TIM8_CC_IRQHandler                       0x0800028f   Thumb Code     0  startup_stm32f10x_hd.o(.text)
    TIM8_TRG_COM_IRQHandler                  0x0800028f   Thumb Code     0  startup_stm32f10x_hd.o(.text)
    TIM8_UP_IRQHandler                       0x0800028f   Thumb Code     0  startup_stm32f10x_hd.o(.text)
    UART4_IRQHandler                         0x0800028f   Thumb Code     0  startup_stm32f10x_hd.o(.text)
    UART5_IRQHandler                         0x0800028f   Thumb Code     0  startup_stm32f10x_hd.o(.text)
    USART1_IRQHandler                        0x0800028f   Thumb Code     0  startup_stm32f10x_hd.o(.text)
    USART2_IRQHandler                        0x0800028f   Thumb Code     0  startup_stm32f10x_hd.o(.text)
    USART3_IRQHandler                        0x0800028f   Thumb Code     0  startup_stm32f10x_hd.o(.text)
    USBWakeUp_IRQHandler                     0x0800028f   Thumb Code     0  startup_stm32f10x_hd.o(.text)
    USB_HP_CAN1_TX_IRQHandler                0x0800028f   Thumb Code     0  startup_stm32f10x_hd.o(.text)
    USB_LP_CAN1_RX0_IRQHandler               0x0800028f   Thumb Code     0  startup_stm32f10x_hd.o(.text)
    WWDG_IRQHandler                          0x0800028f   Thumb Code     0  startup_stm32f10x_hd.o(.text)
    __user_initial_stackheap                 0x08000291   Thumb Code     0  startup_stm32f10x_hd.o(.text)
    __2sprintf                               0x080002b5   Thumb Code    34  noretval__2sprintf.o(.text)
    _printf_str                              0x080002dd   Thumb Code    82  _printf_str.o(.text)
    _printf_int_dec                          0x08000331   Thumb Code   104  _printf_dec.o(.text)
    __printf                                 0x080003a9   Thumb Code   308  __printf_flags_wp.o(.text)
    strcpy                                   0x080004e1   Thumb Code    72  strcpy.o(.text)
    strlen                                   0x08000529   Thumb Code    62  strlen.o(.text)
    __aeabi_memset                           0x08000567   Thumb Code    16  aeabi_memset.o(.text)
    __aeabi_memclr4                          0x08000577   Thumb Code     0  rt_memclr_w.o(.text)
    __aeabi_memclr8                          0x08000577   Thumb Code     0  rt_memclr_w.o(.text)
    __rt_memclr_w                            0x08000577   Thumb Code    78  rt_memclr_w.o(.text)
    _memset_w                                0x0800057b   Thumb Code     0  rt_memclr_w.o(.text)
    __use_two_region_memory                  0x080005c5   Thumb Code     2  heapauxi.o(.text)
    __rt_heap_escrow                         0x080005c7   Thumb Code     2  heapauxi.o(.text)
    __rt_heap_expand                         0x080005c9   Thumb Code     2  heapauxi.o(.text)
    __read_errno                             0x080005cb   Thumb Code    10  _rserrno.o(.text)
    __set_errno                              0x080005d5   Thumb Code    12  _rserrno.o(.text)
    _printf_int_common                       0x080005e1   Thumb Code   178  _printf_intcommon.o(.text)
    _printf_char_common                      0x0800069f   Thumb Code    32  _printf_char_common.o(.text)
    _sputc                                   0x080006c5   Thumb Code    10  _sputc.o(.text)
    _printf_cs_common                        0x080006cf   Thumb Code    20  _printf_char.o(.text)
    _printf_char                             0x080006e3   Thumb Code    16  _printf_char.o(.text)
    _printf_string                           0x080006f3   Thumb Code     8  _printf_char.o(.text)
    __aeabi_memclr                           0x080006fb   Thumb Code     0  rt_memclr.o(.text)
    __rt_memclr                              0x080006fb   Thumb Code    68  rt_memclr.o(.text)
    _memset                                  0x080006ff   Thumb Code     0  rt_memclr.o(.text)
    __aeabi_errno_addr                       0x08000741   Thumb Code     8  rt_errno_addr_intlibspace.o(.text)
    __errno$intlibspace                      0x08000741   Thumb Code     0  rt_errno_addr_intlibspace.o(.text)
    __rt_errno_addr$intlibspace              0x08000741   Thumb Code     0  rt_errno_addr_intlibspace.o(.text)
    __user_libspace                          0x08000749   Thumb Code     8  libspace.o(.text)
    __user_perproc_libspace                  0x08000749   Thumb Code     0  libspace.o(.text)
    __user_perthread_libspace                0x08000749   Thumb Code     0  libspace.o(.text)
    __user_setup_stackheap                   0x08000751   Thumb Code    74  sys_stackheap_outer.o(.text)
    exit                                     0x0800079b   Thumb Code    18  exit.o(.text)
    __I$use$semihosting                      0x080007ad   Thumb Code     0  use_no_semi.o(.text)
    __use_no_semihosting_swi                 0x080007ad   Thumb Code     2  use_no_semi.o(.text)
    __semihosting_library_function           0x080007af   Thumb Code     0  indicate_semi.o(.text)
    _sys_exit                                0x080007b1   Thumb Code     8  sys_exit.o(.text)
    BSP_init                                 0x080007bd   Thumb Code    46  main.o(i.BSP_init)
    BusFault_Handler                         0x080007eb   Thumb Code     4  stm32f10x_it.o(i.BusFault_Handler)
    CHASSIC_task                             0x080007ef   Thumb Code    36  chassis.o(i.CHASSIC_task)
    CPU_task                                 0x08000813   Thumb Code    42  start_task.o(i.CPU_task)
    Chassis_CurrentPid_Cal                   0x0800083d   Thumb Code    50  chassis.o(i.Chassis_CurrentPid_Cal)
    DebugMon_Handler                         0x08000881   Thumb Code     2  stm32f10x_it.o(i.DebugMon_Handler)
    Encoder_Init_TIM3                        0x08000885   Thumb Code   158  encoder.o(i.Encoder_Init_TIM3)
    Encoder_Init_TIM5                        0x0800092d   Thumb Code   158  encoder.o(i.Encoder_Init_TIM5)
    GPIO_Init                                0x080009d5   Thumb Code   278  stm32f10x_gpio.o(i.GPIO_Init)
    GPIO_PinRemapConfig                      0x08000aed   Thumb Code   138  stm32f10x_gpio.o(i.GPIO_PinRemapConfig)
    GPIO_ResetBits                           0x08000b7d   Thumb Code     4  stm32f10x_gpio.o(i.GPIO_ResetBits)
    GPIO_SetBits                             0x08000b81   Thumb Code     4  stm32f10x_gpio.o(i.GPIO_SetBits)
    GYRO_task                                0x08000b85   Thumb Code    52  gyro.o(i.GYRO_task)
    Get_Motor_Speed                          0x08000be1   Thumb Code   172  encoder.o(i.Get_Motor_Speed)
    HardFault_Handler                        0x08000cad   Thumb Code     4  stm32f10x_it.o(i.HardFault_Handler)
    MPU_Get_Accelerometer                    0x08000cb1   Thumb Code    80  mpu6050.o(i.MPU_Get_Accelerometer)
    MPU_Get_Gyroscope                        0x08000d01   Thumb Code    80  mpu6050.o(i.MPU_Get_Gyroscope)
    MPU_Get_Temperature                      0x08000d51   Thumb Code    86  mpu6050.o(i.MPU_Get_Temperature)
    MPU_IIC_Ack                              0x08000db9   Thumb Code    62  mpuiic.o(i.MPU_IIC_Ack)
    MPU_IIC_Delay                            0x08000e05   Thumb Code    10  mpuiic.o(i.MPU_IIC_Delay)
    MPU_IIC_Init                             0x08000e11   Thumb Code    50  mpuiic.o(i.MPU_IIC_Init)
    MPU_IIC_NAck                             0x08000e49   Thumb Code    62  mpuiic.o(i.MPU_IIC_NAck)
    MPU_IIC_Read_Byte                        0x08000e95   Thumb Code    94  mpuiic.o(i.MPU_IIC_Read_Byte)
    MPU_IIC_Send_Byte                        0x08000f01   Thumb Code    80  mpuiic.o(i.MPU_IIC_Send_Byte)
    MPU_IIC_Start                            0x08000f5d   Thumb Code    60  mpuiic.o(i.MPU_IIC_Start)
    MPU_IIC_Stop                             0x08000fa5   Thumb Code    58  mpuiic.o(i.MPU_IIC_Stop)
    MPU_IIC_Wait_Ack                         0x08000fed   Thumb Code    86  mpuiic.o(i.MPU_IIC_Wait_Ack)
    MPU_Init                                 0x08001051   Thumb Code   180  mpu6050.o(i.MPU_Init)
    MPU_Read_Byte                            0x08001111   Thumb Code    58  mpu6050.o(i.MPU_Read_Byte)
    MPU_Read_Len                             0x0800114b   Thumb Code   116  mpu6050.o(i.MPU_Read_Len)
    MPU_Set_Accel_Fsr                        0x080011bf   Thumb Code    16  mpu6050.o(i.MPU_Set_Accel_Fsr)
    MPU_Set_Gyro_Fsr                         0x080011cf   Thumb Code    16  mpu6050.o(i.MPU_Set_Gyro_Fsr)
    MPU_Set_LPF                              0x080011df   Thumb Code    58  mpu6050.o(i.MPU_Set_LPF)
    MPU_Set_Rate                             0x08001219   Thumb Code    58  mpu6050.o(i.MPU_Set_Rate)
    MPU_Write_Byte                           0x08001253   Thumb Code    68  mpu6050.o(i.MPU_Write_Byte)
    MPU_Write_Len                            0x08001297   Thumb Code    96  mpu6050.o(i.MPU_Write_Len)
    MemManage_Handler                        0x080012f7   Thumb Code     4  stm32f10x_it.o(i.MemManage_Handler)
    NMI_Handler                              0x080012fb   Thumb Code     2  stm32f10x_it.o(i.NMI_Handler)
    NVIC_Init                                0x080012fd   Thumb Code   100  misc.o(i.NVIC_Init)
    NVIC_PriorityGroupConfig                 0x0800136d   Thumb Code    10  misc.o(i.NVIC_PriorityGroupConfig)
    PID_Calc                                 0x08001381   Thumb Code   232  pid.o(i.PID_Calc)
    PID_Param_Init                           0x08001469   Thumb Code    28  chassis.o(i.PID_Param_Init)
    RCC_APB1PeriphClockCmd                   0x08001495   Thumb Code    26  stm32f10x_rcc.o(i.RCC_APB1PeriphClockCmd)
    RCC_APB2PeriphClockCmd                   0x080014b5   Thumb Code    26  stm32f10x_rcc.o(i.RCC_APB2PeriphClockCmd)
    SysTick_Handler                          0x080015bd   Thumb Code     8  stm32f10x_it.o(i.SysTick_Handler)
    SystemInit                               0x080015c5   Thumb Code    78  system_stm32f10x.o(i.SystemInit)
    TIM1_PWM_Init                            0x08001865   Thumb Code   260  pwm.o(i.TIM1_PWM_Init)
    TIM2_IRQHandler                          0x08001971   Thumb Code    32  delay.o(i.TIM2_IRQHandler)
    TIM2_Init                                0x08001995   Thumb Code    92  delay.o(i.TIM2_Init)
    TIM4_IRQHandler                          0x080019f1   Thumb Code    32  tim.o(i.TIM4_IRQHandler)
    TIM4_Init                                0x08001a19   Thumb Code    92  tim.o(i.TIM4_Init)
    TIM6_IRQHandler                          0x08001a79   Thumb Code    26  encoder.o(i.TIM6_IRQHandler)
    TIM6_Init                                0x08001a99   Thumb Code   100  encoder.o(i.TIM6_Init)
    TIM_ARRPreloadConfig                     0x08001b01   Thumb Code    24  stm32f10x_tim.o(i.TIM_ARRPreloadConfig)
    TIM_ClearFlag                            0x08001b19   Thumb Code     6  stm32f10x_tim.o(i.TIM_ClearFlag)
    TIM_ClearITPendingBit                    0x08001b1f   Thumb Code     6  stm32f10x_tim.o(i.TIM_ClearITPendingBit)
    TIM_Cmd                                  0x08001b25   Thumb Code    24  stm32f10x_tim.o(i.TIM_Cmd)
    TIM_CtrlPWMOutputs                       0x08001b3d   Thumb Code    30  stm32f10x_tim.o(i.TIM_CtrlPWMOutputs)
    TIM_EncoderInterfaceConfig               0x08001b5b   Thumb Code    66  stm32f10x_tim.o(i.TIM_EncoderInterfaceConfig)
    TIM_GetITStatus                          0x08001b9d   Thumb Code    34  stm32f10x_tim.o(i.TIM_GetITStatus)
    TIM_ICInit                               0x08001bc1   Thumb Code   150  stm32f10x_tim.o(i.TIM_ICInit)
    TIM_ICStructInit                         0x08001c6d   Thumb Code    18  stm32f10x_tim.o(i.TIM_ICStructInit)
    TIM_ITConfig                             0x08001c7f   Thumb Code    18  stm32f10x_tim.o(i.TIM_ITConfig)
    TIM_OC1Init                              0x08001c91   Thumb Code   132  stm32f10x_tim.o(i.TIM_OC1Init)
    TIM_OC1PreloadConfig                     0x08001d29   Thumb Code    18  stm32f10x_tim.o(i.TIM_OC1PreloadConfig)
    TIM_OC2Init                              0x08001d3d   Thumb Code   154  stm32f10x_tim.o(i.TIM_OC2Init)
    TIM_OC2PreloadConfig                     0x08001de1   Thumb Code    26  stm32f10x_tim.o(i.TIM_OC2PreloadConfig)
    TIM_SetCompare1                          0x08001dfb   Thumb Code     4  stm32f10x_tim.o(i.TIM_SetCompare1)
    TIM_SetCounter                           0x08001dff   Thumb Code     4  stm32f10x_tim.o(i.TIM_SetCounter)
    TIM_SetIC1Prescaler                      0x08001e03   Thumb Code    18  stm32f10x_tim.o(i.TIM_SetIC1Prescaler)
    TIM_SetIC2Prescaler                      0x08001e15   Thumb Code    26  stm32f10x_tim.o(i.TIM_SetIC2Prescaler)
    TIM_SetIC3Prescaler                      0x08001e2f   Thumb Code    18  stm32f10x_tim.o(i.TIM_SetIC3Prescaler)
    TIM_SetIC4Prescaler                      0x08001e41   Thumb Code    26  stm32f10x_tim.o(i.TIM_SetIC4Prescaler)
    TIM_TimeBaseInit                         0x08001e5d   Thumb Code   122  stm32f10x_tim.o(i.TIM_TimeBaseInit)
    TIM_TimeBaseStructInit                   0x08001f01   Thumb Code    18  stm32f10x_tim.o(i.TIM_TimeBaseStructInit)
    UsageFault_Handler                       0x08001f13   Thumb Code     4  stm32f10x_it.o(i.UsageFault_Handler)
    __ARM_fpclassify                         0x08001f17   Thumb Code    40  fpclassify.o(i.__ARM_fpclassify)
    __kernel_poly                            0x08001f3f   Thumb Code   170  poly.o(i.__kernel_poly)
    __mathlib_dbl_infnan                     0x08001fe9   Thumb Code     6  dunder.o(i.__mathlib_dbl_infnan)
    __mathlib_dbl_infnan2                    0x08001fef   Thumb Code     4  dunder.o(i.__mathlib_dbl_infnan2)
    __mathlib_dbl_invalid                    0x08001ff3   Thumb Code    12  dunder.o(i.__mathlib_dbl_invalid)
    __mathlib_dbl_underflow                  0x08002001   Thumb Code    10  dunder.o(i.__mathlib_dbl_underflow)
    _is_digit                                0x08002011   Thumb Code    14  __printf_wp.o(i._is_digit)
    asin                                     0x08002021   Thumb Code   572  asin.o(i.asin)
    atan                                     0x08002291   Thumb Code   474  atan.o(i.atan)
    atan2                                    0x080024b1   Thumb Code   346  atan2.o(i.atan2)
    delay_ms                                 0x08002695   Thumb Code    38  delay.o(i.delay_ms)
    delay_us                                 0x080026c1   Thumb Code    42  delay.o(i.delay_us)
    dmp_read_fifo                            0x080026f5   Thumb Code   456  inv_mpu_dmp_motion_driver.o(i.dmp_read_fifo)
    eTaskGetState                            0x080028c1   Thumb Code    88  tasks.o(i.eTaskGetState)
    getTIMx_DetaCnt                          0x0800292d   Thumb Code    20  encoder.o(i.getTIMx_DetaCnt)
    main                                     0x08002941   Thumb Code    22  main.o(i.main)
    mget_ms                                  0x08002957   Thumb Code     2  inv_mpu.o(i.mget_ms)
    mpu_dmp_get_data                         0x08002959   Thumb Code   544  inv_mpu.o(i.mpu_dmp_get_data)
    mpu_read_fifo_stream                     0x08002b7d   Thumb Code   186  inv_mpu.o(i.mpu_read_fifo_stream)
    mpu_reset_fifo                           0x08002c3d   Thumb Code   450  inv_mpu.o(i.mpu_reset_fifo)
    pid_speed_chose                          0x08002e05   Thumb Code   142  chassis.o(i.pid_speed_chose)
    pvPortMalloc                             0x08003385   Thumb Code   188  heap_4.o(i.pvPortMalloc)
    pxPortInitialiseStack                    0x08003455   Thumb Code    30  port.o(i.pxPortInitialiseStack)
    sqrt                                     0x08003479   Thumb Code    76  sqrt.o(i.sqrt)
    startTast                                0x080034c5   Thumb Code    24  start_task.o(i.startTast)
    start_task                               0x080034f1   Thumb Code    88  start_task.o(i.start_task)
    uxListRemove                             0x0800358d   Thumb Code    40  list.o(i.uxListRemove)
    uxTaskGetSystemState                     0x080035b5   Thumb Code   154  tasks.o(i.uxTaskGetSystemState)
    vListInitialise                          0x0800366d   Thumb Code    26  list.o(i.vListInitialise)
    vListInitialiseItem                      0x08003687   Thumb Code     6  list.o(i.vListInitialiseItem)
    vListInsert                              0x0800368d   Thumb Code    52  list.o(i.vListInsert)
    vListInsertEnd                           0x080036c1   Thumb Code    24  list.o(i.vListInsertEnd)
    vPortEnterCritical                       0x080036d9   Thumb Code    30  port.o(i.vPortEnterCritical)
    vPortExitCritical                        0x080036fd   Thumb Code    28  port.o(i.vPortExitCritical)
    vPortFree                                0x0800371d   Thumb Code    64  heap_4.o(i.vPortFree)
    vPortSetupTimerInterrupt                 0x08003765   Thumb Code    26  port.o(i.vPortSetupTimerInterrupt)
    vTaskDelay                               0x08003785   Thumb Code    46  tasks.o(i.vTaskDelay)
    vTaskDelayUntil                          0x080037b9   Thumb Code   106  tasks.o(i.vTaskDelayUntil)
    vTaskDelete                              0x0800382d   Thumb Code   166  tasks.o(i.vTaskDelete)
    vTaskGetInfo                             0x080038f9   Thumb Code   114  tasks.o(i.vTaskGetInfo)
    vTaskGetRunTimeStats                     0x08003971   Thumb Code   182  tasks.o(i.vTaskGetRunTimeStats)
    vTaskList                                0x08003a45   Thumb Code   204  tasks.o(i.vTaskList)
    vTaskStartScheduler                      0x08003b25   Thumb Code    76  tasks.o(i.vTaskStartScheduler)
    vTaskSuspendAll                          0x08003b91   Thumb Code    12  tasks.o(i.vTaskSuspendAll)
    vTaskSwitchContext                       0x08003ba1   Thumb Code   128  tasks.o(i.vTaskSwitchContext)
    xPortStartScheduler                      0x08003c41   Thumb Code    42  port.o(i.xPortStartScheduler)
    xPortSysTickHandler                      0x08003c75   Thumb Code    46  port.o(i.xPortSysTickHandler)
    xTaskCreate                              0x08003ca9   Thumb Code    96  tasks.o(i.xTaskCreate)
    xTaskGetTickCount                        0x08003d09   Thumb Code     6  tasks.o(i.xTaskGetTickCount)
    xTaskIncrementTick                       0x08003d15   Thumb Code   238  tasks.o(i.xTaskIncrementTick)
    xTaskResumeAll                           0x08003e31   Thumb Code   196  tasks.o(i.xTaskResumeAll)
    __aeabi_d2f                              0x08003f19   Thumb Code     0  d2f.o(x$fpl$d2f)
    _d2f                                     0x08003f19   Thumb Code    98  d2f.o(x$fpl$d2f)
    __aeabi_dadd                             0x08003f7d   Thumb Code     0  daddsub_clz.o(x$fpl$dadd)
    _dadd                                    0x08003f7d   Thumb Code   332  daddsub_clz.o(x$fpl$dadd)
    __fpl_dcheck_NaN1                        0x080040cd   Thumb Code    10  dcheck1.o(x$fpl$dcheck1)
    __aeabi_ddiv                             0x080040dd   Thumb Code     0  ddiv.o(x$fpl$ddiv)
    _ddiv                                    0x080040dd   Thumb Code   552  ddiv.o(x$fpl$ddiv)
    __aeabi_d2iz                             0x0800438d   Thumb Code     0  dfix.o(x$fpl$dfix)
    _dfix                                    0x0800438d   Thumb Code    94  dfix.o(x$fpl$dfix)
    __aeabi_i2d                              0x080043eb   Thumb Code     0  dflt_clz.o(x$fpl$dflt)
    _dflt                                    0x080043eb   Thumb Code    46  dflt_clz.o(x$fpl$dflt)
    __aeabi_dmul                             0x08004419   Thumb Code     0  dmul.o(x$fpl$dmul)
    _dmul                                    0x08004419   Thumb Code   332  dmul.o(x$fpl$dmul)
    __fpl_dnaninf                            0x0800456d   Thumb Code   156  dnaninf.o(x$fpl$dnaninf)
    __fpl_dretinf                            0x08004609   Thumb Code    12  dretinf.o(x$fpl$dretinf)
    __aeabi_drsub                            0x08004615   Thumb Code     0  daddsub_clz.o(x$fpl$drsb)
    _drsb                                    0x08004615   Thumb Code    22  daddsub_clz.o(x$fpl$drsb)
    _dsqrt                                   0x0800462d   Thumb Code   456  dsqrt_noumaal.o(x$fpl$dsqrt)
    __aeabi_dsub                             0x080047f9   Thumb Code     0  daddsub_clz.o(x$fpl$dsub)
    _dsub                                    0x080047f9   Thumb Code   464  daddsub_clz.o(x$fpl$dsub)
    __aeabi_f2d                              0x080049cd   Thumb Code     0  f2d.o(x$fpl$f2d)
    _f2d                                     0x080049cd   Thumb Code    86  f2d.o(x$fpl$f2d)
    __aeabi_fadd                             0x08004a25   Thumb Code     0  faddsub_clz.o(x$fpl$fadd)
    _fadd                                    0x08004a25   Thumb Code   196  faddsub_clz.o(x$fpl$fadd)
    __fpl_fcmp_Inf                           0x08004ae9   Thumb Code    24  fcmpi.o(x$fpl$fcmpinf)
    __aeabi_fdiv                             0x08004b01   Thumb Code     0  fdiv.o(x$fpl$fdiv)
    _fdiv                                    0x08004b01   Thumb Code   384  fdiv.o(x$fpl$fdiv)
    __aeabi_f2iz                             0x08004c85   Thumb Code     0  ffix.o(x$fpl$ffix)
    _ffix                                    0x08004c85   Thumb Code    54  ffix.o(x$fpl$ffix)
    __aeabi_f2uiz                            0x08004cbd   Thumb Code     0  ffixu.o(x$fpl$ffixu)
    _ffixu                                   0x08004cbd   Thumb Code    62  ffixu.o(x$fpl$ffixu)
    __aeabi_i2f                              0x08004cfd   Thumb Code     0  fflt_clz.o(x$fpl$fflt)
    _fflt                                    0x08004cfd   Thumb Code    48  fflt_clz.o(x$fpl$fflt)
    __aeabi_cfcmple                          0x08004d2d   Thumb Code     0  fleqf.o(x$fpl$fleqf)
    _fcmple                                  0x08004d2d   Thumb Code   104  fleqf.o(x$fpl$fleqf)
    __fpl_fcmple_InfNaN                      0x08004d7f   Thumb Code     0  fleqf.o(x$fpl$fleqf)
    __aeabi_fmul                             0x08004d95   Thumb Code     0  fmul.o(x$fpl$fmul)
    _fmul                                    0x08004d95   Thumb Code   258  fmul.o(x$fpl$fmul)
    __fpl_fnaninf                            0x08004e97   Thumb Code   140  fnaninf.o(x$fpl$fnaninf)
    __fpl_fretinf                            0x08004f23   Thumb Code    10  fretinf.o(x$fpl$fretinf)
    __aeabi_cfrcmple                         0x08004f2d   Thumb Code     0  frleqf.o(x$fpl$frleqf)
    _frcmple                                 0x08004f2d   Thumb Code    98  frleqf.o(x$fpl$frleqf)
    __aeabi_fsub                             0x08004f91   Thumb Code     0  faddsub_clz.o(x$fpl$fsub)
    _fsub                                    0x08004f91   Thumb Code   234  faddsub_clz.o(x$fpl$fsub)
    __fpl_return_NaN                         0x0800507b   Thumb Code   100  retnan.o(x$fpl$retnan)
    __ARM_scalbn                             0x080050df   Thumb Code    92  scalbn.o(x$fpl$scalbn)
    __fpl_cmpreturn                          0x0800513b   Thumb Code    48  trapv.o(x$fpl$trapveneer)
    __I$use$fp                               0x0800516a   Number         0  usenofp.o(x$fpl$usenofp)
    reg                                      0x0800516c   Data          27  inv_mpu.o(.constdata)
    hw                                       0x08005188   Data          12  inv_mpu.o(.constdata)
    test                                     0x08005194   Data          40  inv_mpu.o(.constdata)
    __mathlib_zero                           0x080052b8   Data           8  qnan.o(.constdata)
    Region$$Table$$Base                      0x080052c0   Number         0  anon$$obj.o(Region$$Table)
    Region$$Table$$Limit                     0x080052e0   Number         0  anon$$obj.o(Region$$Table)
    SystemCoreClock                          0x20000000   Data           4  system_stm32f10x.o(.data)
    AHBPrescTable                            0x20000004   Data          16  system_stm32f10x.o(.data)
    delayms                                  0x20000014   Data           4  delay.o(.data)
    delayus                                  0x20000018   Data           4  delay.o(.data)
    CPU_RunTime                              0x2000001c   Data           4  tim.o(.data)
    leftSpeedNow                             0x20000068   Data           4  chassis.o(.data)
    rightSpeedNow                            0x2000006c   Data           4  chassis.o(.data)
    angle                                    0x20000070   Data           4  chassis.o(.data)
    led0pwmval                               0x20000074   Data           2  chassis.o(.data)
    led0pwmval2                              0x20000076   Data           2  chassis.o(.data)
    i                                        0x20000078   Data           4  chassis.o(.data)
    flag                                     0x2000007c   Data           4  chassis.o(.data)
    Chassis_high_water                       0x20000080   Data           4  chassis.o(.data)
    pitch                                    0x20000084   Data           4  gyro.o(.data)
    roll                                     0x20000088   Data           4  gyro.o(.data)
    yaw                                      0x2000008c   Data           4  gyro.o(.data)
    aacx                                     0x20000090   Data           2  gyro.o(.data)
    aacy                                     0x20000092   Data           2  gyro.o(.data)
    aacz                                     0x20000094   Data           2  gyro.o(.data)
    gyrox                                    0x20000096   Data           2  gyro.o(.data)
    gyroy                                    0x20000098   Data           2  gyro.o(.data)
    gyroz                                    0x2000009a   Data           2  gyro.o(.data)
    temp                                     0x2000009c   Data           2  gyro.o(.data)
    GYRO_high_water                          0x200000a0   Data           4  gyro.o(.data)
    pxCurrentTCB                             0x200000a4   Data           4  tasks.o(.data)
    CPU_high_water                           0x20000104   Data           4  start_task.o(.data)
    Chassis_speed                            0x20000128   Data          60  chassis.o(.bss)
    Chassis_location                         0x20000164   Data          60  chassis.o(.bss)
    __libspace_start                         0x20004884   Data          96  libspace.o(.bss)
    __temporary_stack_top$libspace           0x200048e4   Data           0  libspace.o(.bss)



==============================================================================

Memory Map of the image

  Image Entry point : 0x08000131

  Load Region LR_IROM1 (Base: 0x08000000, Size: 0x000053f8, Max: 0x00040000, ABSOLUTE)

    Execution Region ER_IROM1 (Exec base: 0x08000000, Load base: 0x08000000, Size: 0x000052e0, Max: 0x00040000, ABSOLUTE)

    Exec Addr    Load Addr    Size         Type   Attr      Idx    E Section Name        Object

    0x08000000   0x08000000   0x00000130   Data   RO           96    RESET               startup_stm32f10x_hd.o
    0x08000130   0x08000130   0x00000008   Code   RO         3927  * !!!main             c_w.l(__main.o)
    0x08000138   0x08000138   0x00000034   Code   RO         4430    !!!scatter          c_w.l(__scatter.o)
    0x0800016c   0x0800016c   0x0000001a   Code   RO         4432    !!handler_copy      c_w.l(__scatter_copy.o)
    0x08000186   0x08000186   0x00000002   PAD
    0x08000188   0x08000188   0x0000001c   Code   RO         4434    !!handler_zi        c_w.l(__scatter_zi.o)
    0x080001a4   0x080001a4   0x00000000   Code   RO         3912    .ARM.Collect$$_printf_percent$$00000000  c_w.l(_printf_percent.o)
    0x080001a4   0x080001a4   0x00000006   Code   RO         3911    .ARM.Collect$$_printf_percent$$0000000A  c_w.l(_printf_u.o)
    0x080001aa   0x080001aa   0x00000006   Code   RO         3908    .ARM.Collect$$_printf_percent$$00000013  c_w.l(_printf_c.o)
    0x080001b0   0x080001b0   0x00000004   Code   RO         4020    .ARM.Collect$$_printf_percent$$00000017  c_w.l(_printf_percent_end.o)
    0x080001b4   0x080001b4   0x00000002   Code   RO         4221    .ARM.Collect$$libinit$$00000000  c_w.l(libinit.o)
    0x080001b6   0x080001b6   0x00000000   Code   RO         4223    .ARM.Collect$$libinit$$00000002  c_w.l(libinit2.o)
    0x080001b6   0x080001b6   0x00000000   Code   RO         4225    .ARM.Collect$$libinit$$00000004  c_w.l(libinit2.o)
    0x080001b6   0x080001b6   0x00000000   Code   RO         4228    .ARM.Collect$$libinit$$0000000A  c_w.l(libinit2.o)
    0x080001b6   0x080001b6   0x00000000   Code   RO         4230    .ARM.Collect$$libinit$$0000000C  c_w.l(libinit2.o)
    0x080001b6   0x080001b6   0x00000000   Code   RO         4232    .ARM.Collect$$libinit$$0000000E  c_w.l(libinit2.o)
    0x080001b6   0x080001b6   0x00000000   Code   RO         4235    .ARM.Collect$$libinit$$00000011  c_w.l(libinit2.o)
    0x080001b6   0x080001b6   0x00000000   Code   RO         4237    .ARM.Collect$$libinit$$00000013  c_w.l(libinit2.o)
    0x080001b6   0x080001b6   0x00000000   Code   RO         4239    .ARM.Collect$$libinit$$00000015  c_w.l(libinit2.o)
    0x080001b6   0x080001b6   0x00000000   Code   RO         4241    .ARM.Collect$$libinit$$00000017  c_w.l(libinit2.o)
    0x080001b6   0x080001b6   0x00000000   Code   RO         4243    .ARM.Collect$$libinit$$00000019  c_w.l(libinit2.o)
    0x080001b6   0x080001b6   0x00000000   Code   RO         4245    .ARM.Collect$$libinit$$0000001B  c_w.l(libinit2.o)
    0x080001b6   0x080001b6   0x00000000   Code   RO         4247    .ARM.Collect$$libinit$$0000001D  c_w.l(libinit2.o)
    0x080001b6   0x080001b6   0x00000000   Code   RO         4249    .ARM.Collect$$libinit$$0000001F  c_w.l(libinit2.o)
    0x080001b6   0x080001b6   0x00000000   Code   RO         4251    .ARM.Collect$$libinit$$00000021  c_w.l(libinit2.o)
    0x080001b6   0x080001b6   0x00000000   Code   RO         4253    .ARM.Collect$$libinit$$00000023  c_w.l(libinit2.o)
    0x080001b6   0x080001b6   0x00000000   Code   RO         4255    .ARM.Collect$$libinit$$00000025  c_w.l(libinit2.o)
    0x080001b6   0x080001b6   0x00000000   Code   RO         4259    .ARM.Collect$$libinit$$0000002C  c_w.l(libinit2.o)
    0x080001b6   0x080001b6   0x00000000   Code   RO         4261    .ARM.Collect$$libinit$$0000002E  c_w.l(libinit2.o)
    0x080001b6   0x080001b6   0x00000000   Code   RO         4263    .ARM.Collect$$libinit$$00000030  c_w.l(libinit2.o)
    0x080001b6   0x080001b6   0x00000000   Code   RO         4265    .ARM.Collect$$libinit$$00000032  c_w.l(libinit2.o)
    0x080001b6   0x080001b6   0x00000002   Code   RO         4266    .ARM.Collect$$libinit$$00000033  c_w.l(libinit2.o)
    0x080001b8   0x080001b8   0x00000002   Code   RO         4411    .ARM.Collect$$libshutdown$$00000000  c_w.l(libshutdown.o)
    0x080001ba   0x080001ba   0x00000000   Code   RO         4268    .ARM.Collect$$libshutdown$$00000002  c_w.l(libshutdown2.o)
    0x080001ba   0x080001ba   0x00000000   Code   RO         4270    .ARM.Collect$$libshutdown$$00000004  c_w.l(libshutdown2.o)
    0x080001ba   0x080001ba   0x00000000   Code   RO         4273    .ARM.Collect$$libshutdown$$00000007  c_w.l(libshutdown2.o)
    0x080001ba   0x080001ba   0x00000000   Code   RO         4276    .ARM.Collect$$libshutdown$$0000000A  c_w.l(libshutdown2.o)
    0x080001ba   0x080001ba   0x00000000   Code   RO         4278    .ARM.Collect$$libshutdown$$0000000C  c_w.l(libshutdown2.o)
    0x080001ba   0x080001ba   0x00000000   Code   RO         4281    .ARM.Collect$$libshutdown$$0000000F  c_w.l(libshutdown2.o)
    0x080001ba   0x080001ba   0x00000002   Code   RO         4282    .ARM.Collect$$libshutdown$$00000010  c_w.l(libshutdown2.o)
    0x080001bc   0x080001bc   0x00000000   Code   RO         4005    .ARM.Collect$$rtentry$$00000000  c_w.l(__rtentry.o)
    0x080001bc   0x080001bc   0x00000000   Code   RO         4082    .ARM.Collect$$rtentry$$00000002  c_w.l(__rtentry2.o)
    0x080001bc   0x080001bc   0x00000006   Code   RO         4094    .ARM.Collect$$rtentry$$00000004  c_w.l(__rtentry4.o)
    0x080001c2   0x080001c2   0x00000000   Code   RO         4084    .ARM.Collect$$rtentry$$00000009  c_w.l(__rtentry2.o)
    0x080001c2   0x080001c2   0x00000004   Code   RO         4085    .ARM.Collect$$rtentry$$0000000A  c_w.l(__rtentry2.o)
    0x080001c6   0x080001c6   0x00000000   Code   RO         4087    .ARM.Collect$$rtentry$$0000000C  c_w.l(__rtentry2.o)
    0x080001c6   0x080001c6   0x00000008   Code   RO         4088    .ARM.Collect$$rtentry$$0000000D  c_w.l(__rtentry2.o)
    0x080001ce   0x080001ce   0x00000002   Code   RO         4292    .ARM.Collect$$rtexit$$00000000  c_w.l(rtexit.o)
    0x080001d0   0x080001d0   0x00000000   Code   RO         4352    .ARM.Collect$$rtexit$$00000002  c_w.l(rtexit2.o)
    0x080001d0   0x080001d0   0x00000004   Code   RO         4353    .ARM.Collect$$rtexit$$00000003  c_w.l(rtexit2.o)
    0x080001d4   0x080001d4   0x00000006   Code   RO         4354    .ARM.Collect$$rtexit$$00000004  c_w.l(rtexit2.o)
    0x080001da   0x080001da   0x00000002   PAD
    0x080001dc   0x080001dc   0x00000096   Code   RO         3737    .emb_text           port.o
    0x08000272   0x08000272   0x00000002   PAD
    0x08000274   0x08000274   0x00000040   Code   RO           97    .text               startup_stm32f10x_hd.o
    0x080002b4   0x080002b4   0x00000028   Code   RO         3857    .text               c_w.l(noretval__2sprintf.o)
    0x080002dc   0x080002dc   0x00000052   Code   RO         3863    .text               c_w.l(_printf_str.o)
    0x0800032e   0x0800032e   0x00000002   PAD
    0x08000330   0x08000330   0x00000078   Code   RO         3865    .text               c_w.l(_printf_dec.o)
    0x080003a8   0x080003a8   0x00000138   Code   RO         3900    .text               c_w.l(__printf_flags_wp.o)
    0x080004e0   0x080004e0   0x00000048   Code   RO         3915    .text               c_w.l(strcpy.o)
    0x08000528   0x08000528   0x0000003e   Code   RO         3917    .text               c_w.l(strlen.o)
    0x08000566   0x08000566   0x00000010   Code   RO         3921    .text               c_w.l(aeabi_memset.o)
    0x08000576   0x08000576   0x0000004e   Code   RO         3923    .text               c_w.l(rt_memclr_w.o)
    0x080005c4   0x080005c4   0x00000006   Code   RO         3925    .text               c_w.l(heapauxi.o)
    0x080005ca   0x080005ca   0x00000016   Code   RO         4008    .text               c_w.l(_rserrno.o)
    0x080005e0   0x080005e0   0x000000b2   Code   RO         4010    .text               c_w.l(_printf_intcommon.o)
    0x08000692   0x08000692   0x00000002   PAD
    0x08000694   0x08000694   0x00000030   Code   RO         4012    .text               c_w.l(_printf_char_common.o)
    0x080006c4   0x080006c4   0x0000000a   Code   RO         4014    .text               c_w.l(_sputc.o)
    0x080006ce   0x080006ce   0x0000002c   Code   RO         4016    .text               c_w.l(_printf_char.o)
    0x080006fa   0x080006fa   0x00000044   Code   RO         4029    .text               c_w.l(rt_memclr.o)
    0x0800073e   0x0800073e   0x00000002   PAD
    0x08000740   0x08000740   0x00000008   Code   RO         4103    .text               c_w.l(rt_errno_addr_intlibspace.o)
    0x08000748   0x08000748   0x00000008   Code   RO         4132    .text               c_w.l(libspace.o)
    0x08000750   0x08000750   0x0000004a   Code   RO         4137    .text               c_w.l(sys_stackheap_outer.o)
    0x0800079a   0x0800079a   0x00000012   Code   RO         4210    .text               c_w.l(exit.o)
    0x080007ac   0x080007ac   0x00000002   Code   RO         4289    .text               c_w.l(use_no_semi.o)
    0x080007ae   0x080007ae   0x00000000   Code   RO         4291    .text               c_w.l(indicate_semi.o)
    0x080007ae   0x080007ae   0x00000002   PAD
    0x080007b0   0x080007b0   0x0000000c   Code   RO         4349    .text               c_w.l(sys_exit.o)
    0x080007bc   0x080007bc   0x0000002e   Code   RO         2103    i.BSP_init          main.o
    0x080007ea   0x080007ea   0x00000004   Code   RO         2052    i.BusFault_Handler  stm32f10x_it.o
    0x080007ee   0x080007ee   0x00000024   Code   RO         2966    i.CHASSIC_task      chassis.o
    0x08000812   0x08000812   0x0000002a   Code   RO         3808    i.CPU_task          start_task.o
    0x0800083c   0x0800083c   0x00000044   Code   RO         2967    i.Chassis_CurrentPid_Cal  chassis.o
    0x08000880   0x08000880   0x00000002   Code   RO         2053    i.DebugMon_Handler  stm32f10x_it.o
    0x08000882   0x08000882   0x00000002   PAD
    0x08000884   0x08000884   0x000000a8   Code   RO         2262    i.Encoder_Init_TIM3  encoder.o
    0x0800092c   0x0800092c   0x000000a8   Code   RO         2263    i.Encoder_Init_TIM5  encoder.o
    0x080009d4   0x080009d4   0x00000116   Code   RO          302    i.GPIO_Init         stm32f10x_gpio.o
    0x08000aea   0x08000aea   0x00000002   PAD
    0x08000aec   0x08000aec   0x00000090   Code   RO          304    i.GPIO_PinRemapConfig  stm32f10x_gpio.o
    0x08000b7c   0x08000b7c   0x00000004   Code   RO          309    i.GPIO_ResetBits    stm32f10x_gpio.o
    0x08000b80   0x08000b80   0x00000004   Code   RO          310    i.GPIO_SetBits      stm32f10x_gpio.o
    0x08000b84   0x08000b84   0x0000005c   Code   RO         3003    i.GYRO_task         gyro.o
    0x08000be0   0x08000be0   0x000000cc   Code   RO         2264    i.Get_Motor_Speed   encoder.o
    0x08000cac   0x08000cac   0x00000004   Code   RO         2054    i.HardFault_Handler  stm32f10x_it.o
    0x08000cb0   0x08000cb0   0x00000050   Code   RO         2381    i.MPU_Get_Accelerometer  mpu6050.o
    0x08000d00   0x08000d00   0x00000050   Code   RO         2382    i.MPU_Get_Gyroscope  mpu6050.o
    0x08000d50   0x08000d50   0x00000068   Code   RO         2383    i.MPU_Get_Temperature  mpu6050.o
    0x08000db8   0x08000db8   0x0000004c   Code   RO         2318    i.MPU_IIC_Ack       mpuiic.o
    0x08000e04   0x08000e04   0x0000000a   Code   RO         2319    i.MPU_IIC_Delay     mpuiic.o
    0x08000e0e   0x08000e0e   0x00000002   PAD
    0x08000e10   0x08000e10   0x00000038   Code   RO         2320    i.MPU_IIC_Init      mpuiic.o
    0x08000e48   0x08000e48   0x0000004c   Code   RO         2321    i.MPU_IIC_NAck      mpuiic.o
    0x08000e94   0x08000e94   0x0000006c   Code   RO         2322    i.MPU_IIC_Read_Byte  mpuiic.o
    0x08000f00   0x08000f00   0x0000005c   Code   RO         2323    i.MPU_IIC_Send_Byte  mpuiic.o
    0x08000f5c   0x08000f5c   0x00000048   Code   RO         2324    i.MPU_IIC_Start     mpuiic.o
    0x08000fa4   0x08000fa4   0x00000048   Code   RO         2325    i.MPU_IIC_Stop      mpuiic.o
    0x08000fec   0x08000fec   0x00000064   Code   RO         2326    i.MPU_IIC_Wait_Ack  mpuiic.o
    0x08001050   0x08001050   0x000000c0   Code   RO         2384    i.MPU_Init          mpu6050.o
    0x08001110   0x08001110   0x0000003a   Code   RO         2385    i.MPU_Read_Byte     mpu6050.o
    0x0800114a   0x0800114a   0x00000074   Code   RO         2386    i.MPU_Read_Len      mpu6050.o
    0x080011be   0x080011be   0x00000010   Code   RO         2387    i.MPU_Set_Accel_Fsr  mpu6050.o
    0x080011ce   0x080011ce   0x00000010   Code   RO         2388    i.MPU_Set_Gyro_Fsr  mpu6050.o
    0x080011de   0x080011de   0x0000003a   Code   RO         2389    i.MPU_Set_LPF       mpu6050.o
    0x08001218   0x08001218   0x0000003a   Code   RO         2390    i.MPU_Set_Rate      mpu6050.o
    0x08001252   0x08001252   0x00000044   Code   RO         2391    i.MPU_Write_Byte    mpu6050.o
    0x08001296   0x08001296   0x00000060   Code   RO         2392    i.MPU_Write_Len     mpu6050.o
    0x080012f6   0x080012f6   0x00000004   Code   RO         2055    i.MemManage_Handler  stm32f10x_it.o
    0x080012fa   0x080012fa   0x00000002   Code   RO         2056    i.NMI_Handler       stm32f10x_it.o
    0x080012fc   0x080012fc   0x00000070   Code   RO          101    i.NVIC_Init         misc.o
    0x0800136c   0x0800136c   0x00000014   Code   RO          102    i.NVIC_PriorityGroupConfig  misc.o
    0x08001380   0x08001380   0x000000e8   Code   RO         3835    i.PID_Calc          pid.o
    0x08001468   0x08001468   0x0000002c   Code   RO         2968    i.PID_Param_Init    chassis.o
    0x08001494   0x08001494   0x00000020   Code   RO          634    i.RCC_APB1PeriphClockCmd  stm32f10x_rcc.o
    0x080014b4   0x080014b4   0x00000020   Code   RO          636    i.RCC_APB2PeriphClockCmd  stm32f10x_rcc.o
    0x080014d4   0x080014d4   0x00000008   Code   RO            1    i.SetSysClock       system_stm32f10x.o
    0x080014dc   0x080014dc   0x000000e0   Code   RO            2    i.SetSysClockTo72   system_stm32f10x.o
    0x080015bc   0x080015bc   0x00000008   Code   RO         2057    i.SysTick_Handler   stm32f10x_it.o
    0x080015c4   0x080015c4   0x00000060   Code   RO            4    i.SystemInit        system_stm32f10x.o
    0x08001624   0x08001624   0x00000080   Code   RO          832    i.TI1_Config        stm32f10x_tim.o
    0x080016a4   0x080016a4   0x00000098   Code   RO          833    i.TI2_Config        stm32f10x_tim.o
    0x0800173c   0x0800173c   0x00000090   Code   RO          834    i.TI3_Config        stm32f10x_tim.o
    0x080017cc   0x080017cc   0x00000098   Code   RO          835    i.TI4_Config        stm32f10x_tim.o
    0x08001864   0x08001864   0x0000010c   Code   RO         2306    i.TIM1_PWM_Init     pwm.o
    0x08001970   0x08001970   0x00000024   Code   RO         2205    i.TIM2_IRQHandler   delay.o
    0x08001994   0x08001994   0x0000005c   Code   RO         2206    i.TIM2_Init         delay.o
    0x080019f0   0x080019f0   0x00000028   Code   RO         2238    i.TIM4_IRQHandler   tim.o
    0x08001a18   0x08001a18   0x00000060   Code   RO         2239    i.TIM4_Init         tim.o
    0x08001a78   0x08001a78   0x00000020   Code   RO         2265    i.TIM6_IRQHandler   encoder.o
    0x08001a98   0x08001a98   0x00000068   Code   RO         2266    i.TIM6_Init         encoder.o
    0x08001b00   0x08001b00   0x00000018   Code   RO          836    i.TIM_ARRPreloadConfig  stm32f10x_tim.o
    0x08001b18   0x08001b18   0x00000006   Code   RO          842    i.TIM_ClearFlag     stm32f10x_tim.o
    0x08001b1e   0x08001b1e   0x00000006   Code   RO          843    i.TIM_ClearITPendingBit  stm32f10x_tim.o
    0x08001b24   0x08001b24   0x00000018   Code   RO          848    i.TIM_Cmd           stm32f10x_tim.o
    0x08001b3c   0x08001b3c   0x0000001e   Code   RO          850    i.TIM_CtrlPWMOutputs  stm32f10x_tim.o
    0x08001b5a   0x08001b5a   0x00000042   Code   RO          857    i.TIM_EncoderInterfaceConfig  stm32f10x_tim.o
    0x08001b9c   0x08001b9c   0x00000022   Code   RO          869    i.TIM_GetITStatus   stm32f10x_tim.o
    0x08001bbe   0x08001bbe   0x00000002   PAD
    0x08001bc0   0x08001bc0   0x000000ac   Code   RO          871    i.TIM_ICInit        stm32f10x_tim.o
    0x08001c6c   0x08001c6c   0x00000012   Code   RO          872    i.TIM_ICStructInit  stm32f10x_tim.o
    0x08001c7e   0x08001c7e   0x00000012   Code   RO          873    i.TIM_ITConfig      stm32f10x_tim.o
    0x08001c90   0x08001c90   0x00000098   Code   RO          877    i.TIM_OC1Init       stm32f10x_tim.o
    0x08001d28   0x08001d28   0x00000012   Code   RO          880    i.TIM_OC1PreloadConfig  stm32f10x_tim.o
    0x08001d3a   0x08001d3a   0x00000002   PAD
    0x08001d3c   0x08001d3c   0x000000a4   Code   RO          882    i.TIM_OC2Init       stm32f10x_tim.o
    0x08001de0   0x08001de0   0x0000001a   Code   RO          885    i.TIM_OC2PreloadConfig  stm32f10x_tim.o
    0x08001dfa   0x08001dfa   0x00000004   Code   RO          909    i.TIM_SetCompare1   stm32f10x_tim.o
    0x08001dfe   0x08001dfe   0x00000004   Code   RO          913    i.TIM_SetCounter    stm32f10x_tim.o
    0x08001e02   0x08001e02   0x00000012   Code   RO          914    i.TIM_SetIC1Prescaler  stm32f10x_tim.o
    0x08001e14   0x08001e14   0x0000001a   Code   RO          915    i.TIM_SetIC2Prescaler  stm32f10x_tim.o
    0x08001e2e   0x08001e2e   0x00000012   Code   RO          916    i.TIM_SetIC3Prescaler  stm32f10x_tim.o
    0x08001e40   0x08001e40   0x0000001a   Code   RO          917    i.TIM_SetIC4Prescaler  stm32f10x_tim.o
    0x08001e5a   0x08001e5a   0x00000002   PAD
    0x08001e5c   0x08001e5c   0x000000a4   Code   RO          919    i.TIM_TimeBaseInit  stm32f10x_tim.o
    0x08001f00   0x08001f00   0x00000012   Code   RO          920    i.TIM_TimeBaseStructInit  stm32f10x_tim.o
    0x08001f12   0x08001f12   0x00000004   Code   RO         2058    i.UsageFault_Handler  stm32f10x_it.o
    0x08001f16   0x08001f16   0x00000028   Code   RO         4068    i.__ARM_fpclassify  m_ws.l(fpclassify.o)
    0x08001f3e   0x08001f3e   0x000000aa   Code   RO         4070    i.__kernel_poly     m_ws.l(poly.o)
    0x08001fe8   0x08001fe8   0x00000006   Code   RO         4055    i.__mathlib_dbl_infnan  m_ws.l(dunder.o)
    0x08001fee   0x08001fee   0x00000004   Code   RO         4056    i.__mathlib_dbl_infnan2  m_ws.l(dunder.o)
    0x08001ff2   0x08001ff2   0x0000000c   Code   RO         4057    i.__mathlib_dbl_invalid  m_ws.l(dunder.o)
    0x08001ffe   0x08001ffe   0x00000002   PAD
    0x08002000   0x08002000   0x00000010   Code   RO         4060    i.__mathlib_dbl_underflow  m_ws.l(dunder.o)
    0x08002010   0x08002010   0x0000000e   Code   RO         3898    i._is_digit         c_w.l(__printf_wp.o)
    0x0800201e   0x0800201e   0x00000002   PAD
    0x08002020   0x08002020   0x00000270   Code   RO         3988    i.asin              m_ws.l(asin.o)
    0x08002290   0x08002290   0x00000220   Code   RO         4045    i.atan              m_ws.l(atan.o)
    0x080024b0   0x080024b0   0x00000180   Code   RO         3998    i.atan2             m_ws.l(atan2.o)
    0x08002630   0x08002630   0x00000064   Code   RO         2459    i.decode_gesture    inv_mpu_dmp_motion_driver.o
    0x08002694   0x08002694   0x0000002c   Code   RO         2207    i.delay_ms          delay.o
    0x080026c0   0x080026c0   0x00000034   Code   RO         2208    i.delay_us          delay.o
    0x080026f4   0x080026f4   0x000001cc   Code   RO         2469    i.dmp_read_fifo     inv_mpu_dmp_motion_driver.o
    0x080028c0   0x080028c0   0x0000006c   Code   RO         3335    i.eTaskGetState     tasks.o
    0x0800292c   0x0800292c   0x00000014   Code   RO         2267    i.getTIMx_DetaCnt   encoder.o
    0x08002940   0x08002940   0x00000016   Code   RO         2104    i.main              main.o
    0x08002956   0x08002956   0x00000002   Code   RO         2647    i.mget_ms           inv_mpu.o
    0x08002958   0x08002958   0x00000224   Code   RO         2649    i.mpu_dmp_get_data  inv_mpu.o
    0x08002b7c   0x08002b7c   0x000000c0   Code   RO         2672    i.mpu_read_fifo_stream  inv_mpu.o
    0x08002c3c   0x08002c3c   0x000001c8   Code   RO         2676    i.mpu_reset_fifo    inv_mpu.o
    0x08002e04   0x08002e04   0x000000bc   Code   RO         2969    i.pid_speed_chose   chassis.o
    0x08002ec0   0x08002ec0   0x00000098   Code   RO         3337    i.prvAddCurrentTaskToDelayedList  tasks.o
    0x08002f58   0x08002f58   0x000000b8   Code   RO         3338    i.prvAddNewTaskToReadyList  tasks.o
    0x08003010   0x08003010   0x00000064   Code   RO         3339    i.prvCheckTasksWaitingTermination  tasks.o
    0x08003074   0x08003074   0x00000012   Code   RO         3340    i.prvDeleteTCB      tasks.o
    0x08003086   0x08003086   0x00000002   PAD
    0x08003088   0x08003088   0x0000007c   Code   RO         3688    i.prvHeapInit       heap_4.o
    0x08003104   0x08003104   0x00000028   Code   RO         3341    i.prvIdleTask       tasks.o
    0x0800312c   0x0800312c   0x00000090   Code   RO         3342    i.prvInitialiseNewTask  tasks.o
    0x080031bc   0x080031bc   0x00000068   Code   RO         3343    i.prvInitialiseTaskLists  tasks.o
    0x08003224   0x08003224   0x00000068   Code   RO         3689    i.prvInsertBlockIntoFreeList  heap_4.o
    0x0800328c   0x0800328c   0x0000006a   Code   RO         3344    i.prvListTasksWithinSingleList  tasks.o
    0x080032f6   0x080032f6   0x00000002   PAD
    0x080032f8   0x080032f8   0x00000034   Code   RO         3345    i.prvResetNextTaskUnblockTime  tasks.o
    0x0800332c   0x0800332c   0x00000016   Code   RO         3346    i.prvTaskCheckFreeStackSpace  tasks.o
    0x08003342   0x08003342   0x00000016   Code   RO         3738    i.prvTaskExitError  port.o
    0x08003358   0x08003358   0x0000002a   Code   RO         3348    i.prvWriteNameToBuffer  tasks.o
    0x08003382   0x08003382   0x00000002   PAD
    0x08003384   0x08003384   0x000000d0   Code   RO         3690    i.pvPortMalloc      heap_4.o
    0x08003454   0x08003454   0x00000024   Code   RO         3739    i.pxPortInitialiseStack  port.o
    0x08003478   0x08003478   0x0000004c   Code   RO         4074    i.sqrt              m_ws.l(sqrt.o)
    0x080034c4   0x080034c4   0x0000002c   Code   RO         3809    i.startTast         start_task.o
    0x080034f0   0x080034f0   0x0000009c   Code   RO         3810    i.start_task        start_task.o
    0x0800358c   0x0800358c   0x00000028   Code   RO         3134    i.uxListRemove      list.o
    0x080035b4   0x080035b4   0x000000b8   Code   RO         3352    i.uxTaskGetSystemState  tasks.o
    0x0800366c   0x0800366c   0x0000001a   Code   RO         3135    i.vListInitialise   list.o
    0x08003686   0x08003686   0x00000006   Code   RO         3136    i.vListInitialiseItem  list.o
    0x0800368c   0x0800368c   0x00000034   Code   RO         3137    i.vListInsert       list.o
    0x080036c0   0x080036c0   0x00000018   Code   RO         3138    i.vListInsertEnd    list.o
    0x080036d8   0x080036d8   0x00000024   Code   RO         3741    i.vPortEnterCritical  port.o
    0x080036fc   0x080036fc   0x00000020   Code   RO         3742    i.vPortExitCritical  port.o
    0x0800371c   0x0800371c   0x00000048   Code   RO         3691    i.vPortFree         heap_4.o
    0x08003764   0x08003764   0x00000020   Code   RO         3743    i.vPortSetupTimerInterrupt  port.o
    0x08003784   0x08003784   0x00000034   Code   RO         3357    i.vTaskDelay        tasks.o
    0x080037b8   0x080037b8   0x00000074   Code   RO         3358    i.vTaskDelayUntil   tasks.o
    0x0800382c   0x0800382c   0x000000cc   Code   RO         3359    i.vTaskDelete       tasks.o
    0x080038f8   0x080038f8   0x00000078   Code   RO         3361    i.vTaskGetInfo      tasks.o
    0x08003970   0x08003970   0x000000d4   Code   RO         3362    i.vTaskGetRunTimeStats  tasks.o
    0x08003a44   0x08003a44   0x000000e0   Code   RO         3363    i.vTaskList         tasks.o
    0x08003b24   0x08003b24   0x0000006c   Code   RO         3372    i.vTaskStartScheduler  tasks.o
    0x08003b90   0x08003b90   0x00000010   Code   RO         3374    i.vTaskSuspendAll   tasks.o
    0x08003ba0   0x08003ba0   0x000000a0   Code   RO         3375    i.vTaskSwitchContext  tasks.o
    0x08003c40   0x08003c40   0x00000034   Code   RO         3744    i.xPortStartScheduler  port.o
    0x08003c74   0x08003c74   0x00000034   Code   RO         3745    i.xPortSysTickHandler  port.o
    0x08003ca8   0x08003ca8   0x00000060   Code   RO         3377    i.xTaskCreate       tasks.o
    0x08003d08   0x08003d08   0x0000000c   Code   RO         3381    i.xTaskGetTickCount  tasks.o
    0x08003d14   0x08003d14   0x0000011c   Code   RO         3383    i.xTaskIncrementTick  tasks.o
    0x08003e30   0x08003e30   0x000000e8   Code   RO         3388    i.xTaskResumeAll    tasks.o
    0x08003f18   0x08003f18   0x00000062   Code   RO         3929    x$fpl$d2f           fz_ws.l(d2f.o)
    0x08003f7a   0x08003f7a   0x00000002   PAD
    0x08003f7c   0x08003f7c   0x00000150   Code   RO         3931    x$fpl$dadd          fz_ws.l(daddsub_clz.o)
    0x080040cc   0x080040cc   0x00000010   Code   RO         4121    x$fpl$dcheck1       fz_ws.l(dcheck1.o)
    0x080040dc   0x080040dc   0x000002b0   Code   RO         3938    x$fpl$ddiv          fz_ws.l(ddiv.o)
    0x0800438c   0x0800438c   0x0000005e   Code   RO         3941    x$fpl$dfix          fz_ws.l(dfix.o)
    0x080043ea   0x080043ea   0x0000002e   Code   RO         3946    x$fpl$dflt          fz_ws.l(dflt_clz.o)
    0x08004418   0x08004418   0x00000154   Code   RO         3951    x$fpl$dmul          fz_ws.l(dmul.o)
    0x0800456c   0x0800456c   0x0000009c   Code   RO         4031    x$fpl$dnaninf       fz_ws.l(dnaninf.o)
    0x08004608   0x08004608   0x0000000c   Code   RO         4033    x$fpl$dretinf       fz_ws.l(dretinf.o)
    0x08004614   0x08004614   0x00000016   Code   RO         3932    x$fpl$drsb          fz_ws.l(daddsub_clz.o)
    0x0800462a   0x0800462a   0x00000002   PAD
    0x0800462c   0x0800462c   0x000001cc   Code   RO         4125    x$fpl$dsqrt         fz_ws.l(dsqrt_noumaal.o)
    0x080047f8   0x080047f8   0x000001d4   Code   RO         3933    x$fpl$dsub          fz_ws.l(daddsub_clz.o)
    0x080049cc   0x080049cc   0x00000056   Code   RO         3953    x$fpl$f2d           fz_ws.l(f2d.o)
    0x08004a22   0x08004a22   0x00000002   PAD
    0x08004a24   0x08004a24   0x000000c4   Code   RO         3955    x$fpl$fadd          fz_ws.l(faddsub_clz.o)
    0x08004ae8   0x08004ae8   0x00000018   Code   RO         4035    x$fpl$fcmpinf       fz_ws.l(fcmpi.o)
    0x08004b00   0x08004b00   0x00000184   Code   RO         3962    x$fpl$fdiv          fz_ws.l(fdiv.o)
    0x08004c84   0x08004c84   0x00000036   Code   RO         3967    x$fpl$ffix          fz_ws.l(ffix.o)
    0x08004cba   0x08004cba   0x00000002   PAD
    0x08004cbc   0x08004cbc   0x0000003e   Code   RO         3971    x$fpl$ffixu         fz_ws.l(ffixu.o)
    0x08004cfa   0x08004cfa   0x00000002   PAD
    0x08004cfc   0x08004cfc   0x00000030   Code   RO         3976    x$fpl$fflt          fz_ws.l(fflt_clz.o)
    0x08004d2c   0x08004d2c   0x00000068   Code   RO         3981    x$fpl$fleqf         fz_ws.l(fleqf.o)
    0x08004d94   0x08004d94   0x00000102   Code   RO         3983    x$fpl$fmul          fz_ws.l(fmul.o)
    0x08004e96   0x08004e96   0x0000008c   Code   RO         4037    x$fpl$fnaninf       fz_ws.l(fnaninf.o)
    0x08004f22   0x08004f22   0x0000000a   Code   RO         4039    x$fpl$fretinf       fz_ws.l(fretinf.o)
    0x08004f2c   0x08004f2c   0x00000062   Code   RO         3985    x$fpl$frleqf        fz_ws.l(frleqf.o)
    0x08004f8e   0x08004f8e   0x00000002   PAD
    0x08004f90   0x08004f90   0x000000ea   Code   RO         3957    x$fpl$fsub          fz_ws.l(faddsub_clz.o)
    0x0800507a   0x0800507a   0x00000064   Code   RO         4287    x$fpl$retnan        fz_ws.l(retnan.o)
    0x080050de   0x080050de   0x0000005c   Code   RO         4041    x$fpl$scalbn        fz_ws.l(scalbn.o)
    0x0800513a   0x0800513a   0x00000030   Code   RO         4347    x$fpl$trapveneer    fz_ws.l(trapv.o)
    0x0800516a   0x0800516a   0x00000000   Code   RO         4043    x$fpl$usenofp       fz_ws.l(usenofp.o)
    0x0800516a   0x0800516a   0x00000002   PAD
    0x0800516c   0x0800516c   0x00000050   Data   RO         2693    .constdata          inv_mpu.o
    0x080051bc   0x080051bc   0x00000011   Data   RO         3901    .constdata          c_w.l(__printf_flags_wp.o)
    0x080051cd   0x080051cd   0x00000003   PAD
    0x080051d0   0x080051d0   0x00000050   Data   RO         3989    .constdata          m_ws.l(asin.o)
    0x08005220   0x08005220   0x00000098   Data   RO         4046    .constdata          m_ws.l(atan.o)
    0x080052b8   0x080052b8   0x00000008   Data   RO         4072    .constdata          m_ws.l(qnan.o)
    0x080052c0   0x080052c0   0x00000020   Data   RO         4428    Region$$Table       anon$$obj.o


    Execution Region RW_IRAM1 (Exec base: 0x20000000, Load base: 0x080052e0, Size: 0x00004ee8, Max: 0x0000c000, ABSOLUTE)

    Exec Addr    Load Addr    Size         Type   Attr      Idx    E Section Name        Object

    0x20000000   0x080052e0   0x00000014   Data   RW            5    .data               system_stm32f10x.o
    0x20000014   0x080052f4   0x00000008   Data   RW         2209    .data               delay.o
    0x2000001c   0x080052fc   0x00000004   Data   RW         2240    .data               tim.o
    0x20000020   0x08005300   0x00000010   Data   RW         2268    .data               encoder.o
    0x20000030   0x08005310   0x00000035   Data   RW         2695    .data               inv_mpu.o
    0x20000065   0x08005345   0x00000003   PAD
    0x20000068   0x08005348   0x0000001c   Data   RW         2971    .data               chassis.o
    0x20000084   0x08005364   0x00000020   Data   RW         3004    .data               gyro.o
    0x200000a4   0x08005384   0x00000044   Data   RW         3391    .data               tasks.o
    0x200000e8   0x080053c8   0x00000018   Data   RW         3696    .data               heap_4.o
    0x20000100   0x080053e0   0x00000004   Data   RW         3746    .data               port.o
    0x20000104   0x080053e4   0x00000014   Data   RW         3811    .data               start_task.o
    0x20000118        -       0x00000010   Zero   RW         2487    .bss                inv_mpu_dmp_motion_driver.o
    0x20000128        -       0x00000078   Zero   RW         2970    .bss                chassis.o
    0x200001a0        -       0x000002e4   Zero   RW         3390    .bss                tasks.o
    0x20000484        -       0x00004400   Zero   RW         3695    .bss                heap_4.o
    0x20004884        -       0x00000060   Zero   RW         4133    .bss                c_w.l(libspace.o)
    0x200048e4   0x080053f8   0x00000004   PAD
    0x200048e8        -       0x00000200   Zero   RW           95    HEAP                startup_stm32f10x_hd.o
    0x20004ae8        -       0x00000400   Zero   RW           94    STACK               startup_stm32f10x_hd.o


==============================================================================

Image component sizes


      Code (inc. data)   RO Data    RW Data    ZI Data      Debug   Object Name

       336         80          0         28        120       3186   chassis.o
         0          0          0          0          0         32   core_cm3.o
       224         20          0          8          0       2482   delay.o
       696         62          0         16          0       4281   encoder.o
         0          0          0          0          0       1476   event_groups.o
        92         40          0         32          0       1487   gyro.o
       508         62          0         24      17408       3991   heap_4.o
      1198         16         80         53          0       7683   inv_mpu.o
       560         10          0          0         16       7540   inv_mpu_dmp_motion_driver.o
       148          0          0          0          0       3322   list.o
        68          0          0          0          0      11638   main.o
       132         22          0          0          0       1583   misc.o
       942         30          0          0          0       8505   mpu6050.o
       662        100          0          0          0       5030   mpuiic.o
       232          0          0          0          0       1055   pid.o
       412         50          0          4          0       9348   port.o
       268          8          0          0          0        840   pwm.o
       242         88          0         20          0       2089   start_task.o
        64         26        304          0       1536        816   startup_stm32f10x_hd.o
       430          6          0          0          0       3962   stm32f10x_gpio.o
        28          0          0          0          0       3319   stm32f10x_it.o
        64         12          0          0          0       1186   stm32f10x_rcc.o
      1612        180          0          0          0      17281   stm32f10x_tim.o
       328         28          0         20          0     240457   system_stm32f10x.o
      3092        438          0         68        740      30630   tasks.o
       136         12          0          4          0       1628   tim.o

    ----------------------------------------------------------------------
     12494       1290        416        280      19820     374847   Object Totals
         0          0         32          0          0          0   (incl. Generated)
        20          0          0          3          0          0   (incl. Padding)

    ----------------------------------------------------------------------

      Code (inc. data)   RO Data    RW Data    ZI Data      Debug   Library Member Name

         8          0          0          0          0         68   __main.o
       312          4         17          0          0         92   __printf_flags_wp.o
        14          0          0          0          0         68   __printf_wp.o
         0          0          0          0          0          0   __rtentry.o
        12          0          0          0          0          0   __rtentry2.o
         6          0          0          0          0          0   __rtentry4.o
        52          8          0          0          0          0   __scatter.o
        26          0          0          0          0          0   __scatter_copy.o
        28          0          0          0          0          0   __scatter_zi.o
         6          0          0          0          0          0   _printf_c.o
        44          0          0          0          0        108   _printf_char.o
        48          6          0          0          0         96   _printf_char_common.o
       120         16          0          0          0         92   _printf_dec.o
       178          0          0          0          0         88   _printf_intcommon.o
         0          0          0          0          0          0   _printf_percent.o
         4          0          0          0          0          0   _printf_percent_end.o
        82          0          0          0          0         80   _printf_str.o
         6          0          0          0          0          0   _printf_u.o
        22          0          0          0          0        100   _rserrno.o
        10          0          0          0          0         68   _sputc.o
        16          0          0          0          0         68   aeabi_memset.o
        18          0          0          0          0         80   exit.o
         6          0          0          0          0        152   heapauxi.o
         0          0          0          0          0          0   indicate_semi.o
         2          0          0          0          0          0   libinit.o
         2          0          0          0          0          0   libinit2.o
         2          0          0          0          0          0   libshutdown.o
         2          0          0          0          0          0   libshutdown2.o
         8          4          0          0         96         68   libspace.o
        40          6          0          0          0         84   noretval__2sprintf.o
         8          4          0          0          0         68   rt_errno_addr_intlibspace.o
        68          0          0          0          0         68   rt_memclr.o
        78          0          0          0          0         80   rt_memclr_w.o
         2          0          0          0          0          0   rtexit.o
        10          0          0          0          0          0   rtexit2.o
        72          0          0          0          0         80   strcpy.o
        62          0          0          0          0         76   strlen.o
        12          4          0          0          0         68   sys_exit.o
        74          0          0          0          0         80   sys_stackheap_outer.o
         2          0          0          0          0         68   use_no_semi.o
        98          4          0          0          0         92   d2f.o
       826         16          0          0          0        348   daddsub_clz.o
        16          4          0          0          0         68   dcheck1.o
       688        140          0          0          0        208   ddiv.o
        94          4          0          0          0         92   dfix.o
        46          0          0          0          0         68   dflt_clz.o
       340         12          0          0          0        104   dmul.o
       156          4          0          0          0         92   dnaninf.o
        12          0          0          0          0         68   dretinf.o
       460         56          0          0          0        120   dsqrt_noumaal.o
        86          4          0          0          0         84   f2d.o
       430          8          0          0          0        168   faddsub_clz.o
        24          0          0          0          0         68   fcmpi.o
       388         76          0          0          0         96   fdiv.o
        54          4          0          0          0         84   ffix.o
        62          4          0          0          0         84   ffixu.o
        48          0          0          0          0         68   fflt_clz.o
       104          4          0          0          0         84   fleqf.o
       258          4          0          0          0         84   fmul.o
       140          4          0          0          0         84   fnaninf.o
        10          0          0          0          0         68   fretinf.o
        98          0          0          0          0         68   frleqf.o
       100          0          0          0          0         68   retnan.o
        92          0          0          0          0         68   scalbn.o
        48          0          0          0          0         68   trapv.o
         0          0          0          0          0          0   usenofp.o
       624         52         80          0          0        168   asin.o
       544         70        152          0          0        124   atan.o
       384         38          0          0          0        144   atan2.o
        38          6          0          0          0        272   dunder.o
        40          0          0          0          0         68   fpclassify.o
       170          0          0          0          0         96   poly.o
         0          0          8          0          0          0   qnan.o
        76          0          0          0          0         84   sqrt.o

    ----------------------------------------------------------------------
      8046        566        260          0        100       5360   Library Totals
        30          0          3          0          4          0   (incl. Padding)

    ----------------------------------------------------------------------

      Code (inc. data)   RO Data    RW Data    ZI Data      Debug   Library Name

      1462         52         17          0         96       1900   c_w.l
      4678        348          0          0          0       2504   fz_ws.l
      1876        166        240          0          0        956   m_ws.l

    ----------------------------------------------------------------------
      8046        566        260          0        100       5360   Library Totals

    ----------------------------------------------------------------------

==============================================================================


      Code (inc. data)   RO Data    RW Data    ZI Data      Debug   

     20540       1856        676        280      19920     370323   Grand Totals
     20540       1856        676        280      19920     370323   ELF Image Totals
     20540       1856        676        280          0          0   ROM Totals

==============================================================================

    Total RO  Size (Code + RO Data)                21216 (  20.72kB)
    Total RW  Size (RW Data + ZI Data)             20200 (  19.73kB)
    Total ROM Size (Code + RO Data + RW Data)      21496 (  20.99kB)

==============================================================================

