Component: ARM Compiler 5.06 update 6 (build 750) Tool: armlink [4d35ed]

==============================================================================

Section Cross References

    system_stm32f10x.o(i.SetSysClock) refers to system_stm32f10x.o(i.SetSysClockTo72) for SetSysClockTo72
    system_stm32f10x.o(i.SystemCoreClockUpdate) refers to system_stm32f10x.o(.data) for SystemCoreClock
    system_stm32f10x.o(i.SystemInit) refers to system_stm32f10x.o(i.SetSysClock) for SetSysClock
    startup_stm32f10x_hd.o(STACK) refers (Special) to heapauxi.o(.text) for __use_two_region_memory
    startup_stm32f10x_hd.o(HEAP) refers (Special) to heapauxi.o(.text) for __use_two_region_memory
    startup_stm32f10x_hd.o(RESET) refers (Special) to heapauxi.o(.text) for __use_two_region_memory
    startup_stm32f10x_hd.o(RESET) refers to startup_stm32f10x_hd.o(STACK) for __initial_sp
    startup_stm32f10x_hd.o(RESET) refers to startup_stm32f10x_hd.o(.text) for Reset_Handler
    startup_stm32f10x_hd.o(RESET) refers to stm32f10x_it.o(i.NMI_Handler) for NMI_Handler
    startup_stm32f10x_hd.o(RESET) refers to stm32f10x_it.o(i.HardFault_Handler) for HardFault_Handler
    startup_stm32f10x_hd.o(RESET) refers to stm32f10x_it.o(i.MemManage_Handler) for MemManage_Handler
    startup_stm32f10x_hd.o(RESET) refers to stm32f10x_it.o(i.BusFault_Handler) for BusFault_Handler
    startup_stm32f10x_hd.o(RESET) refers to stm32f10x_it.o(i.UsageFault_Handler) for UsageFault_Handler
    startup_stm32f10x_hd.o(RESET) refers to port.o(.emb_text) for SVC_Handler
    startup_stm32f10x_hd.o(RESET) refers to stm32f10x_it.o(i.DebugMon_Handler) for DebugMon_Handler
    startup_stm32f10x_hd.o(RESET) refers to stm32f10x_it.o(i.SysTick_Handler) for SysTick_Handler
    startup_stm32f10x_hd.o(RESET) refers to uart.o(i.DMA1_Channel6_IRQHandler) for DMA1_Channel6_IRQHandler
    startup_stm32f10x_hd.o(RESET) refers to uart.o(i.DMA1_Channel7_IRQHandler) for DMA1_Channel7_IRQHandler
    startup_stm32f10x_hd.o(RESET) refers to delay.o(i.TIM2_IRQHandler) for TIM2_IRQHandler
    startup_stm32f10x_hd.o(RESET) refers to tim.o(i.TIM4_IRQHandler) for TIM4_IRQHandler
    startup_stm32f10x_hd.o(RESET) refers to bsp_esp8266.o(i.USART3_IRQHandler) for USART3_IRQHandler
    startup_stm32f10x_hd.o(RESET) refers to chassis.o(i.TIM6_IRQHandler) for TIM6_IRQHandler
    startup_stm32f10x_hd.o(.text) refers (Special) to heapauxi.o(.text) for __use_two_region_memory
    startup_stm32f10x_hd.o(.text) refers to system_stm32f10x.o(i.SystemInit) for SystemInit
    startup_stm32f10x_hd.o(.text) refers to __main.o(!!!main) for __main
    startup_stm32f10x_hd.o(.text) refers to startup_stm32f10x_hd.o(HEAP) for Heap_Mem
    startup_stm32f10x_hd.o(.text) refers to startup_stm32f10x_hd.o(STACK) for Stack_Mem
    stm32f10x_can.o(i.CAN_DeInit) refers to stm32f10x_rcc.o(i.RCC_APB1PeriphResetCmd) for RCC_APB1PeriphResetCmd
    stm32f10x_can.o(i.CAN_GetITStatus) refers to stm32f10x_can.o(i.CheckITStatus) for CheckITStatus
    stm32f10x_gpio.o(i.GPIO_AFIODeInit) refers to stm32f10x_rcc.o(i.RCC_APB2PeriphResetCmd) for RCC_APB2PeriphResetCmd
    stm32f10x_gpio.o(i.GPIO_DeInit) refers to stm32f10x_rcc.o(i.RCC_APB2PeriphResetCmd) for RCC_APB2PeriphResetCmd
    stm32f10x_adc.o(i.ADC_DeInit) refers to stm32f10x_rcc.o(i.RCC_APB2PeriphResetCmd) for RCC_APB2PeriphResetCmd
    stm32f10x_rcc.o(i.RCC_GetClocksFreq) refers to stm32f10x_rcc.o(.data) for APBAHBPrescTable
    stm32f10x_rcc.o(i.RCC_WaitForHSEStartUp) refers to stm32f10x_rcc.o(i.RCC_GetFlagStatus) for RCC_GetFlagStatus
    stm32f10x_tim.o(i.TIM_DeInit) refers to stm32f10x_rcc.o(i.RCC_APB2PeriphResetCmd) for RCC_APB2PeriphResetCmd
    stm32f10x_tim.o(i.TIM_DeInit) refers to stm32f10x_rcc.o(i.RCC_APB1PeriphResetCmd) for RCC_APB1PeriphResetCmd
    stm32f10x_tim.o(i.TIM_ETRClockMode1Config) refers to stm32f10x_tim.o(i.TIM_ETRConfig) for TIM_ETRConfig
    stm32f10x_tim.o(i.TIM_ETRClockMode2Config) refers to stm32f10x_tim.o(i.TIM_ETRConfig) for TIM_ETRConfig
    stm32f10x_tim.o(i.TIM_ICInit) refers to stm32f10x_tim.o(i.TI1_Config) for TI1_Config
    stm32f10x_tim.o(i.TIM_ICInit) refers to stm32f10x_tim.o(i.TIM_SetIC1Prescaler) for TIM_SetIC1Prescaler
    stm32f10x_tim.o(i.TIM_ICInit) refers to stm32f10x_tim.o(i.TI2_Config) for TI2_Config
    stm32f10x_tim.o(i.TIM_ICInit) refers to stm32f10x_tim.o(i.TIM_SetIC2Prescaler) for TIM_SetIC2Prescaler
    stm32f10x_tim.o(i.TIM_ICInit) refers to stm32f10x_tim.o(i.TI3_Config) for TI3_Config
    stm32f10x_tim.o(i.TIM_ICInit) refers to stm32f10x_tim.o(i.TIM_SetIC3Prescaler) for TIM_SetIC3Prescaler
    stm32f10x_tim.o(i.TIM_ICInit) refers to stm32f10x_tim.o(i.TI4_Config) for TI4_Config
    stm32f10x_tim.o(i.TIM_ICInit) refers to stm32f10x_tim.o(i.TIM_SetIC4Prescaler) for TIM_SetIC4Prescaler
    stm32f10x_tim.o(i.TIM_ITRxExternalClockConfig) refers to stm32f10x_tim.o(i.TIM_SelectInputTrigger) for TIM_SelectInputTrigger
    stm32f10x_tim.o(i.TIM_PWMIConfig) refers to stm32f10x_tim.o(i.TI1_Config) for TI1_Config
[...]
    __rt_lib_shutdown_cpp_1                  0x080001fb   Thumb Code     0  libshutdown2.o(.ARM.Collect$$libshutdown$$00000002)
    __rt_lib_shutdown_fp_trap_1              0x080001fb   Thumb Code     0  libshutdown2.o(.ARM.Collect$$libshutdown$$00000007)
    __rt_lib_shutdown_heap_1                 0x080001fb   Thumb Code     0  libshutdown2.o(.ARM.Collect$$libshutdown$$0000000F)
    __rt_lib_shutdown_return                 0x080001fb   Thumb Code     0  libshutdown2.o(.ARM.Collect$$libshutdown$$00000010)
    __rt_lib_shutdown_signal_1               0x080001fb   Thumb Code     0  libshutdown2.o(.ARM.Collect$$libshutdown$$0000000A)
    __rt_lib_shutdown_stdio_1                0x080001fb   Thumb Code     0  libshutdown2.o(.ARM.Collect$$libshutdown$$00000004)
    __rt_lib_shutdown_user_alloc_1           0x080001fb   Thumb Code     0  libshutdown2.o(.ARM.Collect$$libshutdown$$0000000C)
    __rt_entry                               0x080001fd   Thumb Code     0  __rtentry.o(.ARM.Collect$$rtentry$$00000000)
    __rt_entry_presh_1                       0x080001fd   Thumb Code     0  __rtentry2.o(.ARM.Collect$$rtentry$$00000002)
    __rt_entry_sh                            0x080001fd   Thumb Code     0  __rtentry4.o(.ARM.Collect$$rtentry$$00000004)
    __rt_entry_li                            0x08000203   Thumb Code     0  __rtentry2.o(.ARM.Collect$$rtentry$$0000000A)
    __rt_entry_postsh_1                      0x08000203   Thumb Code     0  __rtentry2.o(.ARM.Collect$$rtentry$$00000009)
    __rt_entry_main                          0x08000207   Thumb Code     0  __rtentry2.o(.ARM.Collect$$rtentry$$0000000D)
    __rt_entry_postli_1                      0x08000207   Thumb Code     0  __rtentry2.o(.ARM.Collect$$rtentry$$0000000C)
    __rt_exit                                0x0800020f   Thumb Code     0  rtexit.o(.ARM.Collect$$rtexit$$00000000)
    __rt_exit_ls                             0x08000211   Thumb Code     0  rtexit2.o(.ARM.Collect$$rtexit$$00000003)
    __rt_exit_prels_1                        0x08000211   Thumb Code     0  rtexit2.o(.ARM.Collect$$rtexit$$00000002)
    __rt_exit_exit                           0x08000215   Thumb Code     0  rtexit2.o(.ARM.Collect$$rtexit$$00000004)
    SVC_Handler                              0x0800021d   Thumb Code    32  port.o(.emb_text)
    __asm___6_port_c_39a90d8d__prvStartFirstTask 0x08000241   Thumb Code    28  port.o(.emb_text)
    PendSV_Handler                           0x08000261   Thumb Code    72  port.o(.emb_text)
    vPortGetIPSR                             0x080002ad   Thumb Code     6  port.o(.emb_text)
    Reset_Handler                            0x080002b5   Thumb Code     8  startup_stm32f10x_hd.o(.text)
    ADC1_2_IRQHandler                        0x080002cf   Thumb Code     0  startup_stm32f10x_hd.o(.text)
    ADC3_IRQHandler                          0x080002cf   Thumb Code     0  startup_stm32f10x_hd.o(.text)
    CAN1_RX1_IRQHandler                      0x080002cf   Thumb Code     0  startup_stm32f10x_hd.o(.text)
    CAN1_SCE_IRQHandler                      0x080002cf   Thumb Code     0  startup_stm32f10x_hd.o(.text)
    DMA1_Channel1_IRQHandler                 0x080002cf   Thumb Code     0  startup_stm32f10x_hd.o(.text)
    DMA1_Channel2_IRQHandler                 0x080002cf   Thumb Code     0  startup_stm32f10x_hd.o(.text)
    DMA1_Channel3_IRQHandler                 0x080002cf   Thumb Code     0  startup_stm32f10x_hd.o(.text)
    DMA1_Channel4_IRQHandler                 0x080002cf   Thumb Code     0  startup_stm32f10x_hd.o(.text)
    DMA1_Channel5_IRQHandler                 0x080002cf   Thumb Code     0  startup_stm32f10x_hd.o(.text)
    DMA2_Channel1_IRQHandler                 0x080002cf   Thumb Code     0  startup_stm32f10x_hd.o(.text)
    DMA2_Channel2_IRQHandler                 0x080002cf   Thumb Code     0  startup_stm32f10x_hd.o(.text)
    DMA2_Channel3_IRQHandler                 0x080002cf   Thumb Code     0  startup_stm32f10x_hd.o(.text)
    DMA2_Channel4_5_IRQHandler               0x080002cf   Thumb Code     0  startup_stm32f10x_hd.o(.text)
    EXTI0_IRQHandler                         0x080002cf   Thumb Code     0  startup_stm32f10x_hd.o(.text)
    EXTI15_10_IRQHandler                     0x080002cf   Thumb Code     0  startup_stm32f10x_hd.o(.text)
    EXTI1_IRQHandler                         0x080002cf   Thumb Code     0  startup_stm32f10x_hd.o(.text)
    EXTI2_IRQHandler                         0x080002cf   Thumb Code     0  startup_stm32f10x_hd.o(.text)
    EXTI3_IRQHandler                         0x080002cf   Thumb Code     0  startup_stm32f10x_hd.o(.text)
    EXTI4_IRQHandler                         0x080002cf   Thumb Code     0  startup_stm32f10x_hd.o(.text)
    EXTI9_5_IRQHandler                       0x080002cf   Thumb Code     0  startup_stm32f10x_hd.o(.text)
    FLASH_IRQHandler                         0x080002cf   Thumb Code     0  startup_stm32f10x_hd.o(.text)
    FSMC_IRQHandler                          0x080002cf   Thumb Code     0  startup_stm32f10x_hd.o(.text)
    I2C1_ER_IRQHandler                       0x080002cf   Thumb Code     0  startup_stm32f10x_hd.o(.text)
    I2C1_EV_IRQHandler                       0x080002cf   Thumb Code     0  startup_stm32f10x_hd.o(.text)
    I2C2_ER_IRQHandler                       0x080002cf   Thumb Code     0  startup_stm32f10x_hd.o(.text)
    I2C2_EV_IRQHandler                       0x080002cf   Thumb Code     0  startup_stm32f10x_hd.o(.text)
    PVD_IRQHandler                           0x080002cf   Thumb Code     0  startup_stm32f10x_hd.o(.text)
    RCC_IRQHandler                           0x080002cf   Thumb Code     0  startup_stm32f10x_hd.o(.text)
    RTCAlarm_IRQHandler                      0x080002cf   Thumb Code     0  startup_stm32f10x_hd.o(.text)
    RTC_IRQHandler                           0x080002cf   Thumb Code     0  startup_stm32f10x_hd.o(.text)
    SDIO_IRQHandler                          0x080002cf   Thumb Code     0  startup_stm32f10x_hd.o(.text)
    SPI1_IRQHandler                          0x080002cf   Thumb Code     0  startup_stm32f10x_hd.o(.text)
    SPI2_IRQHandler                          0x080002cf   Thumb Code     0  startup_stm32f10x_hd.o(.text)
    SPI3_IRQHandler                          0x080002cf   Thumb Code     0  startup_stm32f10x_hd.o(.text)
    TAMPER_IRQHandler                        0x080002cf   Thumb Code     0  startup_stm32f10x_hd.o(.text)
    TIM1_BRK_IRQHandler                      0x080002cf   Thumb Code     0  startup_stm32f10x_hd.o(.text)
    TIM1_CC_IRQHandler                       0x080002cf   Thumb Code     0  startup_stm32f10x_hd.o(.text)
    TIM1_TRG_COM_IRQHandler                  0x080002cf   Thumb Code     0  startup_stm32f10x_hd.o(.text)
    TIM1_UP_IRQHandler                       0x080002cf   Thumb Code     0  startup_stm32f10x_hd.o(.text)
    TIM3_IRQHandler                          0x080002cf   Thumb Code     0  startup_stm32f10x_hd.o(.text)
    TIM5_IRQHandler                          0x080002cf   Thumb Code     0  startup_stm32f10x_hd.o(.text)
    TIM7_IRQHandler                          0x080002cf   Thumb Code     0  startup_stm32f10x_hd.o(.text)
    TIM8_BRK_IRQHandler                      0x080002cf   Thumb Code     0  startup_stm32f10x_hd.o(.text)
    TIM8_CC_IRQHandler                       0x080002cf   Thumb Code     0  startup_stm32f10x_hd.o(.text)
    TIM8_TRG_COM_IRQHandler                  0x080002cf   Thumb Code     0  startup_stm32f10x_hd.o(.text)
    TIM8_UP_IRQHandler                       0x080002cf   Thumb Code     0  startup_stm32f10x_hd.o(.text)
    UART4_IRQHandler                         0x080002cf   Thumb Code     0  startup_stm32f10x_hd.o(.text)
    UART5_IRQHandler                         0x080002cf   Thumb Code     0  startup_stm32f10x_hd.o(.text)
    USART1_IRQHandler                        0x080002cf   Thumb Code     0  startup_stm32f10x_hd.o(.text)
    USART2_IRQHandler                        0x080002cf   Thumb Code     0  startup_stm32f10x_hd.o(.text)
    USBWakeUp_IRQHandler                     0x080002cf   Thumb Code     0  startup_stm32f10x_hd.o(.text)
    USB_HP_CAN1_TX_IRQHandler                0x080002cf   Thumb Code     0  startup_stm32f10x_hd.o(.text)
    USB_LP_CAN1_RX0_IRQHandler               0x080002cf   Thumb Code     0  startup_stm32f10x_hd.o(.text)
    WWDG_IRQHandler                          0x080002cf   Thumb Code     0  startup_stm32f10x_hd.o(.text)
    __user_initial_stackheap                 0x080002d1   Thumb Code     0  startup_stm32f10x_hd.o(.text)
    __aeabi_ldivmod                          0x080002f5   Thumb Code     0  llsdiv.o(.text)
    _ll_sdiv                                 0x080002f5   Thumb Code    72  llsdiv.o(.text)
    __2sprintf                               0x0800033d   Thumb Code    34  noretval__2sprintf.o(.text)
    __printf                                 0x08000365   Thumb Code   104  __printf.o(.text)
    _printf_str                              0x080003cd   Thumb Code    82  _printf_str.o(.text)
    _printf_int_dec                          0x08000421   Thumb Code   104  _printf_dec.o(.text)
    strstr                                   0x08000499   Thumb Code    36  strstr.o(.text)
    memcmp                                   0x080004bd   Thumb Code    88  memcmp.o(.text)
    strcpy                                   0x08000515   Thumb Code    72  strcpy.o(.text)
    strlen                                   0x0800055d   Thumb Code    62  strlen.o(.text)
    __aeabi_memcpy                           0x0800059b   Thumb Code     0  rt_memcpy_v6.o(.text)
    __rt_memcpy                              0x0800059b   Thumb Code   138  rt_memcpy_v6.o(.text)
    _memcpy_lastbytes                        0x08000601   Thumb Code     0  rt_memcpy_v6.o(.text)
    __aeabi_memset                           0x08000625   Thumb Code    16  aeabi_memset.o(.text)
    __aeabi_memclr                           0x08000635   Thumb Code     0  rt_memclr.o(.text)
    __rt_memclr                              0x08000635   Thumb Code    68  rt_memclr.o(.text)
    _memset                                  0x08000639   Thumb Code     0  rt_memclr.o(.text)
    __aeabi_memclr4                          0x08000679   Thumb Code     0  rt_memclr_w.o(.text)
    __aeabi_memclr8                          0x08000679   Thumb Code     0  rt_memclr_w.o(.text)
    __rt_memclr_w                            0x08000679   Thumb Code    78  rt_memclr_w.o(.text)
    _memset_w                                0x0800067d   Thumb Code     0  rt_memclr_w.o(.text)
    __use_two_region_memory                  0x080006c7   Thumb Code     2  heapauxi.o(.text)
    __rt_heap_escrow$2region                 0x080006c9   Thumb Code     2  heapauxi.o(.text)
    __rt_heap_expand$2region                 0x080006cb   Thumb Code     2  heapauxi.o(.text)
    __aeabi_uldivmod                         0x080006cd   Thumb Code     0  lludivv7m.o(.text)
    _ll_udiv                                 0x080006cd   Thumb Code   238  lludivv7m.o(.text)
    _printf_int_common                       0x080007bb   Thumb Code   178  _printf_intcommon.o(.text)
    _printf_char_common                      0x08000877   Thumb Code    32  _printf_char_common.o(.text)
    _sputc                                   0x0800089d   Thumb Code    10  _sputc.o(.text)
    _printf_cs_common                        0x080008a7   Thumb Code    20  _printf_char.o(.text)
    _printf_char                             0x080008bb   Thumb Code    16  _printf_char.o(.text)
    _printf_string                           0x080008cb   Thumb Code     8  _printf_char.o(.text)
    __aeabi_memcpy4                          0x080008d3   Thumb Code     0  rt_memcpy_w.o(.text)
    __aeabi_memcpy8                          0x080008d3   Thumb Code     0  rt_memcpy_w.o(.text)
    __rt_memcpy_w                            0x080008d3   Thumb Code   100  rt_memcpy_w.o(.text)
    _memcpy_lastbytes_aligned                0x0800091b   Thumb Code     0  rt_memcpy_w.o(.text)
    __user_libspace                          0x08000939   Thumb Code     8  libspace.o(.text)
    __user_perproc_libspace                  0x08000939   Thumb Code     0  libspace.o(.text)
    __user_perthread_libspace                0x08000939   Thumb Code     0  libspace.o(.text)
    __user_setup_stackheap                   0x08000941   Thumb Code    74  sys_stackheap_outer.o(.text)
    exit                                     0x0800098b   Thumb Code    18  exit.o(.text)
    _sys_exit                                0x0800099d   Thumb Code     8  sys_exit.o(.text)
    __I$use$semihosting                      0x080009a9   Thumb Code     0  use_no_semi.o(.text)
    __use_no_semihosting_swi                 0x080009a9   Thumb Code     2  use_no_semi.o(.text)
    BSP_init                                 0x080009ab   Thumb Code    50  main.o(i.BSP_init)
    __semihosting_library_function           0x080009ab   Thumb Code     0  indicate_semi.o(.text)
    BusFault_Handler                         0x080009dd   Thumb Code     4  stm32f10x_it.o(i.BusFault_Handler)
    CHASSIC_task                             0x080009e1   Thumb Code    30  chassis.o(i.CHASSIC_task)
    CPU_task                                 0x08000a01   Thumb Code    38  start_task.o(i.CPU_task)
    Chassis_CurrentPid_Cal                   0x08000a31   Thumb Code   132  chassis.o(i.Chassis_CurrentPid_Cal)
    DMA1_Channel6_IRQHandler                 0x08000ac1   Thumb Code    28  uart.o(i.DMA1_Channel6_IRQHandler)
    DMA1_Channel7_IRQHandler                 0x08000ae1   Thumb Code    38  uart.o(i.DMA1_Channel7_IRQHandler)
    DMA_ClearFlag                            0x08000b0d   Thumb Code    18  stm32f10x_dma.o(i.DMA_ClearFlag)
    DMA_ClearITPendingBit                    0x08000b29   Thumb Code    18  stm32f10x_dma.o(i.DMA_ClearITPendingBit)
    DMA_Cmd                                  0x08000b45   Thumb Code    24  stm32f10x_dma.o(i.DMA_Cmd)
    DMA_DeInit                               0x08000b5d   Thumb Code   324  stm32f10x_dma.o(i.DMA_DeInit)
    DMA_GetFlagStatus                        0x08000ca9   Thumb Code    36  stm32f10x_dma.o(i.DMA_GetFlagStatus)
    DMA_GetITStatus                          0x08000cd5   Thumb Code    36  stm32f10x_dma.o(i.DMA_GetITStatus)
    DMA_ITConfig                             0x08000d01   Thumb Code    18  stm32f10x_dma.o(i.DMA_ITConfig)
    DMA_Init                                 0x08000d13   Thumb Code    60  stm32f10x_dma.o(i.DMA_Init)
    DebugMon_Handler                         0x08000d4f   Thumb Code     2  stm32f10x_it.o(i.DebugMon_Handler)
    Encoder_Init_TIM3                        0x08000d51   Thumb Code   158  encoder.o(i.Encoder_Init_TIM3)
    Encoder_Init_TIM5                        0x08000df9   Thumb Code   158  encoder.o(i.Encoder_Init_TIM5)
    GPIO_Init                                0x08000ea1   Thumb Code   278  stm32f10x_gpio.o(i.GPIO_Init)
    GPIO_ResetBits                           0x08000fb7   Thumb Code     4  stm32f10x_gpio.o(i.GPIO_ResetBits)
    GPIO_SetBits                             0x08000fbb   Thumb Code     4  stm32f10x_gpio.o(i.GPIO_SetBits)
    GYRO                                     0x08000fc1   Thumb Code    34  gyro.o(i.GYRO)
    Get_Motor_Speed                          0x08000ff9   Thumb Code   120  encoder.o(i.Get_Motor_Speed)
    HardFault_Handler                        0x08001089   Thumb Code     4  stm32f10x_it.o(i.HardFault_Handler)
    IIR_TICK_d_L                             0x0800108d   Thumb Code   404  iir.o(i.IIR_TICK_d_L)
    IIR_TICK_d_R                             0x08001231   Thumb Code   404  iir.o(i.IIR_TICK_d_R)
    JudgeBuffReceive                         0x080013d5   Thumb Code   184  data_dispose.o(i.JudgeBuffReceive)
    MPU_IIC_Ack                              0x080014a1   Thumb Code    62  mpuiic.o(i.MPU_IIC_Ack)
    MPU_IIC_Delay                            0x080014ed   Thumb Code    10  mpuiic.o(i.MPU_IIC_Delay)
    MPU_IIC_Init                             0x080014f9   Thumb Code    50  mpuiic.o(i.MPU_IIC_Init)
    MPU_IIC_NAck                             0x08001531   Thumb Code    62  mpuiic.o(i.MPU_IIC_NAck)
    MPU_IIC_Read_Byte                        0x0800157d   Thumb Code    94  mpuiic.o(i.MPU_IIC_Read_Byte)
    MPU_IIC_Send_Byte                        0x080015e9   Thumb Code    80  mpuiic.o(i.MPU_IIC_Send_Byte)
    MPU_IIC_Start                            0x08001645   Thumb Code    60  mpuiic.o(i.MPU_IIC_Start)
    MPU_IIC_Stop                             0x0800168d   Thumb Code    58  mpuiic.o(i.MPU_IIC_Stop)
    MPU_IIC_Wait_Ack                         0x080016d5   Thumb Code    86  mpuiic.o(i.MPU_IIC_Wait_Ack)
    MPU_Read_Len                             0x08001739   Thumb Code   116  mpu6050.o(i.MPU_Read_Len)
    MPU_Write_Len                            0x080017ad   Thumb Code    96  mpu6050.o(i.MPU_Write_Len)
    MemManage_Handler                        0x0800180d   Thumb Code     4  stm32f10x_it.o(i.MemManage_Handler)
    NMI_Handler                              0x08001811   Thumb Code     2  stm32f10x_it.o(i.NMI_Handler)
    NVIC_Init                                0x08001815   Thumb Code   100  misc.o(i.NVIC_Init)
    NVIC_PriorityGroupConfig                 0x08001885   Thumb Code    10  misc.o(i.NVIC_PriorityGroupConfig)
    PID_Param_Init                           0x08001899   Thumb Code   126  chassis.o(i.PID_Param_Init)
    RCC_AHBPeriphClockCmd                    0x08001951   Thumb Code    26  stm32f10x_rcc.o(i.RCC_AHBPeriphClockCmd)
    RCC_APB1PeriphClockCmd                   0x08001971   Thumb Code    26  stm32f10x_rcc.o(i.RCC_APB1PeriphClockCmd)
    RCC_APB2PeriphClockCmd                   0x08001991   Thumb Code    26  stm32f10x_rcc.o(i.RCC_APB2PeriphClockCmd)
    RCC_GetClocksFreq                        0x080019b1   Thumb Code   192  stm32f10x_rcc.o(i.RCC_GetClocksFreq)
    SoftReset                                0x08001b6d   Thumb Code    38  chassis.o(i.SoftReset)
    SysTick_Handler                          0x08001b9d   Thumb Code     8  stm32f10x_it.o(i.SysTick_Handler)
    SystemInit                               0x08001ba5   Thumb Code    78  system_stm32f10x.o(i.SystemInit)
    TIM1_PWM_Init                            0x08001e45   Thumb Code   310  pwm.o(i.TIM1_PWM_Init)
    TIM2_IRQHandler                          0x08001f89   Thumb Code    32  delay.o(i.TIM2_IRQHandler)
    TIM2_Init                                0x08001fad   Thumb Code    92  delay.o(i.TIM2_Init)
    TIM4_IRQHandler                          0x08002009   Thumb Code    32  tim.o(i.TIM4_IRQHandler)
    TIM4_Init                                0x08002031   Thumb Code    92  tim.o(i.TIM4_Init)
    TIM6_IRQHandler                          0x08002091   Thumb Code   346  chassis.o(i.TIM6_IRQHandler)
    TIM6_Init                                0x08002215   Thumb Code   100  encoder.o(i.TIM6_Init)
    TIM_ARRPreloadConfig                     0x0800227d   Thumb Code    24  stm32f10x_tim.o(i.TIM_ARRPreloadConfig)
    TIM_ClearFlag                            0x08002295   Thumb Code     6  stm32f10x_tim.o(i.TIM_ClearFlag)
    TIM_ClearITPendingBit                    0x0800229b   Thumb Code     6  stm32f10x_tim.o(i.TIM_ClearITPendingBit)
    TIM_Cmd                                  0x080022a1   Thumb Code    24  stm32f10x_tim.o(i.TIM_Cmd)
    TIM_CtrlPWMOutputs                       0x080022b9   Thumb Code    30  stm32f10x_tim.o(i.TIM_CtrlPWMOutputs)
    TIM_EncoderInterfaceConfig               0x080022d7   Thumb Code    66  stm32f10x_tim.o(i.TIM_EncoderInterfaceConfig)
    TIM_GetITStatus                          0x08002319   Thumb Code    34  stm32f10x_tim.o(i.TIM_GetITStatus)
    TIM_ICInit                               0x0800233d   Thumb Code   150  stm32f10x_tim.o(i.TIM_ICInit)
    TIM_ICStructInit                         0x080023e9   Thumb Code    18  stm32f10x_tim.o(i.TIM_ICStructInit)
    TIM_ITConfig                             0x080023fb   Thumb Code    18  stm32f10x_tim.o(i.TIM_ITConfig)
    TIM_OC1Init                              0x0800240d   Thumb Code   132  stm32f10x_tim.o(i.TIM_OC1Init)
    TIM_OC1PreloadConfig                     0x080024a5   Thumb Code    18  stm32f10x_tim.o(i.TIM_OC1PreloadConfig)
    TIM_OC2Init                              0x080024b9   Thumb Code   154  stm32f10x_tim.o(i.TIM_OC2Init)
    TIM_OC2PreloadConfig                     0x0800255d   Thumb Code    26  stm32f10x_tim.o(i.TIM_OC2PreloadConfig)
    TIM_SetCompare1                          0x08002577   Thumb Code     4  stm32f10x_tim.o(i.TIM_SetCompare1)
    TIM_SetCompare2                          0x0800257b   Thumb Code     4  stm32f10x_tim.o(i.TIM_SetCompare2)
    TIM_SetCounter                           0x0800257f   Thumb Code     4  stm32f10x_tim.o(i.TIM_SetCounter)
    TIM_SetIC1Prescaler                      0x08002583   Thumb Code    18  stm32f10x_tim.o(i.TIM_SetIC1Prescaler)
    TIM_SetIC2Prescaler                      0x08002595   Thumb Code    26  stm32f10x_tim.o(i.TIM_SetIC2Prescaler)
    TIM_SetIC3Prescaler                      0x080025af   Thumb Code    18  stm32f10x_tim.o(i.TIM_SetIC3Prescaler)
    TIM_SetIC4Prescaler                      0x080025c1   Thumb Code    26  stm32f10x_tim.o(i.TIM_SetIC4Prescaler)
    TIM_TimeBaseInit                         0x080025dd   Thumb Code   122  stm32f10x_tim.o(i.TIM_TimeBaseInit)
    TIM_TimeBaseStructInit                   0x08002681   Thumb Code    18  stm32f10x_tim.o(i.TIM_TimeBaseStructInit)
    UART2_DMA_Init                           0x08002695   Thumb Code   386  uart.o(i.UART2_DMA_Init)
    USART3_IRQHandler                        0x0800282d   Thumb Code   134  bsp_esp8266.o(i.USART3_IRQHandler)
    USART_Cmd                                0x080028cd   Thumb Code    24  stm32f10x_usart.o(i.USART_Cmd)
    USART_DMACmd                             0x080028e5   Thumb Code    18  stm32f10x_usart.o(i.USART_DMACmd)
    USART_GetITStatus                        0x080028f7   Thumb Code    84  stm32f10x_usart.o(i.USART_GetITStatus)
    USART_ITConfig                           0x0800294b   Thumb Code    74  stm32f10x_usart.o(i.USART_ITConfig)
    USART_Init                               0x08002995   Thumb Code   210  stm32f10x_usart.o(i.USART_Init)
    USART_ReceiveData                        0x08002a6d   Thumb Code    10  stm32f10x_usart.o(i.USART_ReceiveData)
    UsageFault_Handler                       0x08002a77   Thumb Code     4  stm32f10x_it.o(i.UsageFault_Handler)
    __ARM_fpclassify                         0x08002a7b   Thumb Code    40  fpclassify.o(i.__ARM_fpclassify)
    __kernel_poly                            0x08002aa3   Thumb Code   170  poly.o(i.__kernel_poly)
    __mathlib_dbl_infnan                     0x08002b4d   Thumb Code     6  dunder.o(i.__mathlib_dbl_infnan)
    __mathlib_dbl_infnan2                    0x08002b53   Thumb Code     4  dunder.o(i.__mathlib_dbl_infnan2)
    __mathlib_dbl_underflow                  0x08002b59   Thumb Code    10  dunder.o(i.__mathlib_dbl_underflow)
    atan                                     0x08002c11   Thumb Code   474  atan.o(i.atan)
    atan2                                    0x08002e31   Thumb Code   346  atan2.o(i.atan2)
    control                                  0x08002fb1   Thumb Code    84  chassis.o(i.control)
    delay_ms                                 0x08003071   Thumb Code    38  delay.o(i.delay_ms)
    delay_us                                 0x0800309d   Thumb Code    42  delay.o(i.delay_us)
    dmp_enable_6x_lp_quat                    0x080030d1   Thumb Code    60  inv_mpu_dmp_motion_driver.o(i.dmp_enable_6x_lp_quat)
    dmp_enable_feature                       0x0800310d   Thumb Code   530  inv_mpu_dmp_motion_driver.o(i.dmp_enable_feature)
    dmp_enable_gyro_cal                      0x08003329   Thumb Code    62  inv_mpu_dmp_motion_driver.o(i.dmp_enable_gyro_cal)
    dmp_enable_lp_quat                       0x08003381   Thumb Code    60  inv_mpu_dmp_motion_driver.o(i.dmp_enable_lp_quat)
    dmp_load_motion_driver_firmware          0x080033bd   Thumb Code    20  inv_mpu_dmp_motion_driver.o(i.dmp_load_motion_driver_firmware)
    dmp_read_fifo                            0x080033d5   Thumb Code   456  inv_mpu_dmp_motion_driver.o(i.dmp_read_fifo)
    dmp_set_accel_bias                       0x080035a1   Thumb Code   300  inv_mpu_dmp_motion_driver.o(i.dmp_set_accel_bias)
    dmp_set_fifo_rate                        0x080036d1   Thumb Code    96  inv_mpu_dmp_motion_driver.o(i.dmp_set_fifo_rate)
    dmp_set_gyro_bias                        0x08003741   Thumb Code   294  inv_mpu_dmp_motion_driver.o(i.dmp_set_gyro_bias)
    dmp_set_orientation                      0x08003871   Thumb Code   290  inv_mpu_dmp_motion_driver.o(i.dmp_set_orientation)
    dmp_set_shake_reject_thresh              0x080039a9   Thumb Code    56  inv_mpu_dmp_motion_driver.o(i.dmp_set_shake_reject_thresh)
    dmp_set_shake_reject_time                0x080039e1   Thumb Code    38  inv_mpu_dmp_motion_driver.o(i.dmp_set_shake_reject_time)
    dmp_set_shake_reject_timeout             0x08003a07   Thumb Code    38  inv_mpu_dmp_motion_driver.o(i.dmp_set_shake_reject_timeout)
    dmp_set_tap_axes                         0x08003a2d   Thumb Code    70  inv_mpu_dmp_motion_driver.o(i.dmp_set_tap_axes)
    dmp_set_tap_count                        0x08003a73   Thumb Code    38  inv_mpu_dmp_motion_driver.o(i.dmp_set_tap_count)
    dmp_set_tap_thresh                       0x08003a99   Thumb Code   396  inv_mpu_dmp_motion_driver.o(i.dmp_set_tap_thresh)
    dmp_set_tap_time                         0x08003c39   Thumb Code    38  inv_mpu_dmp_motion_driver.o(i.dmp_set_tap_time)
    dmp_set_tap_time_multi                   0x08003c5f   Thumb Code    38  inv_mpu_dmp_motion_driver.o(i.dmp_set_tap_time_multi)
    eTaskGetState                            0x08003c85   Thumb Code    88  tasks.o(i.eTaskGetState)
    getCrc8                                  0x08003cf1   Thumb Code    56  data_dispose.o(i.getCrc8)
    getTIMx_DetaCnt                          0x08003d29   Thumb Code    20  encoder.o(i.getTIMx_DetaCnt)
    inv_orientation_matrix_to_scalar         0x08004371   Thumb Code    40  inv_mpu.o(i.inv_orientation_matrix_to_scalar)
    inv_row_2_scale                          0x08004399   Thumb Code    78  inv_mpu.o(i.inv_row_2_scale)
    main                                     0x080043e7   Thumb Code    24  main.o(i.main)
    mget_ms                                  0x080043ff   Thumb Code     2  inv_mpu.o(i.mget_ms)
    motor_L_back                             0x08004401   Thumb Code    16  pwm.o(i.motor_L_back)
    motor_L_move                             0x08004419   Thumb Code    16  pwm.o(i.motor_L_move)
    motor_L_stop                             0x08004431   Thumb Code    14  pwm.o(i.motor_L_stop)
    motor_R_back                             0x08004449   Thumb Code    16  pwm.o(i.motor_R_back)
    motor_R_move                             0x08004461   Thumb Code    16  pwm.o(i.motor_R_move)
    motor_R_stop                             0x08004479   Thumb Code    14  pwm.o(i.motor_R_stop)
    motor_direction                          0x08004491   Thumb Code    90  chassis.o(i.motor_direction)
    mpu_configure_fifo                       0x080044f5   Thumb Code   106  inv_mpu.o(i.mpu_configure_fifo)
    mpu_dmp_get_data                         0x08004565   Thumb Code   296  inv_mpu.o(i.mpu_dmp_get_data)
    mpu_dmp_init                             0x08004691   Thumb Code   154  inv_mpu.o(i.mpu_dmp_init)
    mpu_get_accel_fsr                        0x08004731   Thumb Code    72  inv_mpu.o(i.mpu_get_accel_fsr)
    mpu_get_accel_sens                       0x0800477d   Thumb Code    78  inv_mpu.o(i.mpu_get_accel_sens)
    mpu_get_fifo_config                      0x080047d1   Thumb Code    12  inv_mpu.o(i.mpu_get_fifo_config)
    mpu_get_gyro_fsr                         0x080047e1   Thumb Code    64  inv_mpu.o(i.mpu_get_gyro_fsr)
    mpu_get_gyro_sens                        0x08004825   Thumb Code    58  inv_mpu.o(i.mpu_get_gyro_sens)
    mpu_get_lpf                              0x08004875   Thumb Code    74  inv_mpu.o(i.mpu_get_lpf)
    mpu_get_sample_rate                      0x080048c5   Thumb Code    26  inv_mpu.o(i.mpu_get_sample_rate)
    mpu_init                                 0x080048e5   Thumb Code   396  inv_mpu.o(i.mpu_init)
    mpu_load_firmware                        0x08004a75   Thumb Code   180  inv_mpu.o(i.mpu_load_firmware)
    mpu_lp_accel_mode                        0x08004b2d   Thumb Code   218  inv_mpu.o(i.mpu_lp_accel_mode)
    mpu_read_fifo_stream                     0x08004c0d   Thumb Code   186  inv_mpu.o(i.mpu_read_fifo_stream)
    mpu_read_mem                             0x08004ccd   Thumb Code   122  inv_mpu.o(i.mpu_read_mem)
    mpu_reset_fifo                           0x08004d4d   Thumb Code   450  inv_mpu.o(i.mpu_reset_fifo)
    mpu_run_self_test                        0x08004f15   Thumb Code   278  inv_mpu.o(i.mpu_run_self_test)
    mpu_set_accel_fsr                        0x08005031   Thumb Code   126  inv_mpu.o(i.mpu_set_accel_fsr)
    mpu_set_bypass                           0x080050b5   Thumb Code   328  inv_mpu.o(i.mpu_set_bypass)
    mpu_set_dmp_state                        0x08005201   Thumb Code   138  inv_mpu.o(i.mpu_set_dmp_state)
    mpu_set_gyro_fsr                         0x08005291   Thumb Code   132  inv_mpu.o(i.mpu_set_gyro_fsr)
    mpu_set_int_latched                      0x08005319   Thumb Code   102  inv_mpu.o(i.mpu_set_int_latched)
    mpu_set_lpf                              0x08005385   Thumb Code   126  inv_mpu.o(i.mpu_set_lpf)
    mpu_set_sample_rate                      0x08005409   Thumb Code   152  inv_mpu.o(i.mpu_set_sample_rate)
    mpu_set_sensors                          0x080054a5   Thumb Code   202  inv_mpu.o(i.mpu_set_sensors)
    mpu_write_mem                            0x08005575   Thumb Code   122  inv_mpu.o(i.mpu_write_mem)
    pid_motor_chose                          0x080055f5   Thumb Code   130  chassis.o(i.pid_motor_chose)
    pvPortMalloc                             0x08005b51   Thumb Code   188  heap_4.o(i.pvPortMalloc)
    pxPortInitialiseStack                    0x08005c21   Thumb Code    30  port.o(i.pxPortInitialiseStack)
    run_self_test                            0x08005c45   Thumb Code   148  inv_mpu.o(i.run_self_test)
    speed_PID_Calc                           0x08005d69   Thumb Code   232  pid.o(i.speed_PID_Calc)
    startTast                                0x08005e51   Thumb Code    24  start_task.o(i.startTast)
    start_task                               0x08005e7d   Thumb Code    66  start_task.o(i.start_task)
    usartSendData                            0x08005ef1   Thumb Code   148  data_dispose.o(i.usartSendData)
    uxListRemove                             0x08005fa1   Thumb Code    40  list.o(i.uxListRemove)
    uxTaskGetSystemState                     0x08005fc9   Thumb Code   154  tasks.o(i.uxTaskGetSystemState)
    vListInitialise                          0x08006081   Thumb Code    26  list.o(i.vListInitialise)
    vListInitialiseItem                      0x0800609b   Thumb Code     6  list.o(i.vListInitialiseItem)
    vListInsert                              0x080060a1   Thumb Code    52  list.o(i.vListInsert)
    vListInsertEnd                           0x080060d5   Thumb Code    24  list.o(i.vListInsertEnd)
    vPortEnterCritical                       0x080060ed   Thumb Code    30  port.o(i.vPortEnterCritical)
    vPortExitCritical                        0x08006111   Thumb Code    28  port.o(i.vPortExitCritical)
    vPortFree                                0x08006131   Thumb Code    64  heap_4.o(i.vPortFree)
    vPortSetupTimerInterrupt                 0x08006179   Thumb Code    26  port.o(i.vPortSetupTimerInterrupt)
    vTaskDelay                               0x08006199   Thumb Code    46  tasks.o(i.vTaskDelay)
    vTaskDelayUntil                          0x080061cd   Thumb Code   106  tasks.o(i.vTaskDelayUntil)
    vTaskDelete                              0x08006241   Thumb Code   166  tasks.o(i.vTaskDelete)
    vTaskGetInfo                             0x0800630d   Thumb Code   114  tasks.o(i.vTaskGetInfo)
    vTaskGetRunTimeStats                     0x08006385   Thumb Code   182  tasks.o(i.vTaskGetRunTimeStats)
    vTaskList                                0x08006459   Thumb Code   204  tasks.o(i.vTaskList)
    vTaskStartScheduler                      0x08006539   Thumb Code    76  tasks.o(i.vTaskStartScheduler)
    vTaskSuspendAll                          0x080065a5   Thumb Code    12  tasks.o(i.vTaskSuspendAll)
    vTaskSwitchContext                       0x080065b5   Thumb Code   128  tasks.o(i.vTaskSwitchContext)
    xPortStartScheduler                      0x08006655   Thumb Code    42  port.o(i.xPortStartScheduler)
    xPortSysTickHandler                      0x08006689   Thumb Code    46  port.o(i.xPortSysTickHandler)
    xTaskCreate                              0x080066bd   Thumb Code    96  tasks.o(i.xTaskCreate)
    xTaskGetTickCount                        0x0800671d   Thumb Code     6  tasks.o(i.xTaskGetTickCount)
    xTaskIncrementTick                       0x08006729   Thumb Code   238  tasks.o(i.xTaskIncrementTick)
    xTaskResumeAll                           0x08006845   Thumb Code   196  tasks.o(i.xTaskResumeAll)
    __aeabi_d2f                              0x0800692d   Thumb Code     0  d2f.o(x$fpl$d2f)
    _d2f                                     0x0800692d   Thumb Code    98  d2f.o(x$fpl$d2f)
    __aeabi_dadd                             0x08006991   Thumb Code     0  daddsub_clz.o(x$fpl$dadd)
    _dadd                                    0x08006991   Thumb Code   332  daddsub_clz.o(x$fpl$dadd)
    __fpl_dcheck_NaN1                        0x08006ae1   Thumb Code    10  dcheck1.o(x$fpl$dcheck1)
    __aeabi_ddiv                             0x08006af1   Thumb Code     0  ddiv.o(x$fpl$ddiv)
    _ddiv                                    0x08006af1   Thumb Code   552  ddiv.o(x$fpl$ddiv)
    __aeabi_d2iz                             0x08006da1   Thumb Code     0  dfix.o(x$fpl$dfix)
    _dfix                                    0x08006da1   Thumb Code    94  dfix.o(x$fpl$dfix)
    __aeabi_i2d                              0x08006dff   Thumb Code     0  dflt_clz.o(x$fpl$dflt)
    _dflt                                    0x08006dff   Thumb Code    46  dflt_clz.o(x$fpl$dflt)
    __aeabi_dmul                             0x08006e2d   Thumb Code     0  dmul.o(x$fpl$dmul)
    _dmul                                    0x08006e2d   Thumb Code   332  dmul.o(x$fpl$dmul)
    __fpl_dnaninf                            0x08006f81   Thumb Code   156  dnaninf.o(x$fpl$dnaninf)
    __fpl_dretinf                            0x0800701d   Thumb Code    12  dretinf.o(x$fpl$dretinf)
    __aeabi_drsub                            0x08007029   Thumb Code     0  daddsub_clz.o(x$fpl$drsb)
    _drsb                                    0x08007029   Thumb Code    22  daddsub_clz.o(x$fpl$drsb)
    __aeabi_dsub                             0x08007041   Thumb Code     0  daddsub_clz.o(x$fpl$dsub)
    _dsub                                    0x08007041   Thumb Code   464  daddsub_clz.o(x$fpl$dsub)
    __aeabi_f2d                              0x08007215   Thumb Code     0  f2d.o(x$fpl$f2d)
    _f2d                                     0x08007215   Thumb Code    86  f2d.o(x$fpl$f2d)
    __aeabi_fadd                             0x0800726d   Thumb Code     0  faddsub_clz.o(x$fpl$fadd)
    _fadd                                    0x0800726d   Thumb Code   196  faddsub_clz.o(x$fpl$fadd)
    __fpl_fcmp_Inf                           0x08007331   Thumb Code    24  fcmpi.o(x$fpl$fcmpinf)
    __aeabi_fdiv                             0x08007349   Thumb Code     0  fdiv.o(x$fpl$fdiv)
    _fdiv                                    0x08007349   Thumb Code   384  fdiv.o(x$fpl$fdiv)
    __aeabi_cfcmpeq                          0x080074cd   Thumb Code     0  feqf.o(x$fpl$feqf)
    _fcmpeq                                  0x080074cd   Thumb Code   104  feqf.o(x$fpl$feqf)
    __aeabi_f2iz                             0x08007535   Thumb Code     0  ffix.o(x$fpl$ffix)
    _ffix                                    0x08007535   Thumb Code    54  ffix.o(x$fpl$ffix)
    __aeabi_f2uiz                            0x0800756d   Thumb Code     0  ffixu.o(x$fpl$ffixu)
    _ffixu                                   0x0800756d   Thumb Code    62  ffixu.o(x$fpl$ffixu)
    __aeabi_i2f                              0x080075ad   Thumb Code     0  fflt_clz.o(x$fpl$fflt)
    _fflt                                    0x080075ad   Thumb Code    48  fflt_clz.o(x$fpl$fflt)
    __aeabi_ui2f                             0x080075dd   Thumb Code     0  fflt_clz.o(x$fpl$ffltu)
    _ffltu                                   0x080075dd   Thumb Code    38  fflt_clz.o(x$fpl$ffltu)
    __aeabi_cfcmple                          0x08007605   Thumb Code     0  fleqf.o(x$fpl$fleqf)
    _fcmple                                  0x08007605   Thumb Code   104  fleqf.o(x$fpl$fleqf)
    __fpl_fcmple_InfNaN                      0x08007657   Thumb Code     0  fleqf.o(x$fpl$fleqf)
    __aeabi_fmul                             0x0800766d   Thumb Code     0  fmul.o(x$fpl$fmul)
    _fmul                                    0x0800766d   Thumb Code   258  fmul.o(x$fpl$fmul)
    __fpl_fnaninf                            0x0800776f   Thumb Code   140  fnaninf.o(x$fpl$fnaninf)
    __fpl_fretinf                            0x080077fb   Thumb Code    10  fretinf.o(x$fpl$fretinf)
    __aeabi_cfrcmple                         0x08007805   Thumb Code     0  frleqf.o(x$fpl$frleqf)
    _frcmple                                 0x08007805   Thumb Code    98  frleqf.o(x$fpl$frleqf)
    __aeabi_fsub                             0x08007869   Thumb Code     0  faddsub_clz.o(x$fpl$fsub)
    _fsub                                    0x08007869   Thumb Code   234  faddsub_clz.o(x$fpl$fsub)
    __fpl_return_NaN                         0x08007953   Thumb Code   100  retnan.o(x$fpl$retnan)
    __ARM_scalbn                             0x080079b7   Thumb Code    92  scalbn.o(x$fpl$scalbn)
    __fpl_cmpreturn                          0x08007a13   Thumb Code    48  trapv.o(x$fpl$trapveneer)
    __I$use$fp                               0x08007a42   Number         0  usenofp.o(x$fpl$usenofp)
    reg                                      0x08008638   Data          27  inv_mpu.o(.constdata)
    hw                                       0x08008654   Data          12  inv_mpu.o(.constdata)
    test                                     0x08008660   Data          40  inv_mpu.o(.constdata)
    header                                   0x08008688   Data           2  data_dispose.o(.constdata)
    ender                                    0x0800868a   Data           2  data_dispose.o(.constdata)
    NUM                                      0x08008690   Data          40  iir.o(.constdata)
    DEN                                      0x080086b8   Data          40  iir.o(.constdata)
    __mathlib_zero                           0x08008778   Data           8  qnan.o(.constdata)
    Region$$Table$$Base                      0x0800879c   Number         0  anon$$obj.o(Region$$Table)
    Region$$Table$$Limit                     0x080087bc   Number         0  anon$$obj.o(Region$$Table)
    SystemCoreClock                          0x20000000   Data           4  system_stm32f10x.o(.data)
    AHBPrescTable                            0x20000004   Data          16  system_stm32f10x.o(.data)
    delayms                                  0x20000028   Data           4  delay.o(.data)
    delayus                                  0x2000002c   Data           4  delay.o(.data)
    CPU_RunTime                              0x20000030   Data           4  tim.o(.data)
    F103RC_chassis                           0x20000080   Data          20  chassis.o(.data)
    led0pwmval                               0x20000094   Data           4  chassis.o(.data)
    led0pwmval2                              0x20000098   Data           4  chassis.o(.data)
    i                                        0x2000009c   Data           4  chassis.o(.data)
    flag                                     0x200000a0   Data           4  chassis.o(.data)
    positionNow                              0x200000a8   Data           8  chassis.o(.data)
    Chassis_high_water                       0x200000b0   Data           4  chassis.o(.data)
    temp                                     0x200000b8   Data           1  chassis.o(.data)
    Yaw                                      0x200000c0   Data           4  gyro.o(.data)
    Pitch                                    0x200000c4   Data           4  gyro.o(.data)
    Roll                                     0x200000c8   Data           4  gyro.o(.data)
    chassis_ctrl                             0x200000cc   Data          12  data_dispose.o(.data)
    leftVelNow                               0x200000d8   Data           2  data_dispose.o(.data)
    rightVelNow                              0x200000da   Data           2  data_dispose.o(.data)
    angleNow                                 0x200000dc   Data           2  data_dispose.o(.data)
    leftVelSet                               0x200000de   Data           2  data_dispose.o(.data)
    rightVelSet                              0x200000e0   Data           2  data_dispose.o(.data)
    pxCurrentTCB                             0x200000e4   Data           4  tasks.o(.data)
    CPU_high_water                           0x20000144   Data           4  start_task.o(.data)
    ledCmd                                   0x20000154   Data          12  bsp_esp8266_test.o(.data)
    ucTcpClosedFlag                          0x20000160   Data           1  bsp_esp8266_test.o(.data)
    contol                                   0x20000161   Data           1  bsp_esp8266_test.o(.data)
    JudgeReceiveBuffer                       0x20000174   Data          26  uart.o(.bss)
    JudgeSend                                0x2000018e   Data          13  uart.o(.bss)
    Chassis_speed_L                          0x2000019c   Data          60  chassis.o(.bss)
    Chassis_speed_R                          0x200001d8   Data          60  chassis.o(.bss)
    Chassis_position                         0x20000214   Data          60  chassis.o(.bss)
    speed_L                                  0x20000250   Data          40  chassis.o(.bss)
    SaveBuffer                               0x20000278   Data         200  data_dispose.o(.bss)
    CPU_RunInfo1                             0x20004a24   Data         200  start_task.o(.bss)
    CPU_RunInfo2                             0x20004aec   Data         200  start_task.o(.bss)
    y_d                                      0x20004bb8   Data          40  iir.o(.bss)
    xin_d                                    0x20004be0   Data          40  iir.o(.bss)
    y_d_L                                    0x20004c08   Data          40  iir.o(.bss)
    xin_d_L                                  0x20004c30   Data          40  iir.o(.bss)
    y_d_Pid                                  0x20004c58   Data          40  iir.o(.bss)
    xin_d_Pid                                0x20004c80   Data          40  iir.o(.bss)
    strEsp8266_Fram_Record                   0x20004ca8   Data        1026  bsp_esp8266.o(.bss)
    strUSART_Fram_Record                     0x200050aa   Data        1026  bsp_esp8266.o(.bss)
    __libspace_start                         0x200054ac   Data          96  libspace.o(.bss)
    __temporary_stack_top$libspace           0x2000550c   Data           0  libspace.o(.bss)



==============================================================================

Memory Map of the image

  Image Entry point : 0x08000131

  Load Region LR_IROM1 (Base: 0x08000000, Size: 0x00008920, Max: 0x00040000, ABSOLUTE, COMPRESSED[0x0000880c])

    Execution Region ER_IROM1 (Exec base: 0x08000000, Load base: 0x08000000, Size: 0x000087bc, Max: 0x00040000, ABSOLUTE)

    Exec Addr    Load Addr    Size         Type   Attr      Idx    E Section Name        Object

    0x08000000   0x08000000   0x00000130   Data   RO           96    RESET               startup_stm32f10x_hd.o
    0x08000130   0x08000130   0x00000008   Code   RO         4305  * !!!main             c_w.l(__main.o)
    0x08000138   0x08000138   0x00000034   Code   RO         4610    !!!scatter          c_w.l(__scatter.o)
    0x0800016c   0x0800016c   0x0000005a   Code   RO         4608    !!dczerorl2         c_w.l(__dczerorl2.o)
    0x080001c6   0x080001c6   0x00000002   PAD
    0x080001c8   0x080001c8   0x0000001c   Code   RO         4612    !!handler_zi        c_w.l(__scatter_zi.o)
    0x080001e4   0x080001e4   0x00000000   Code   RO         4286    .ARM.Collect$$_printf_percent$$00000000  c_w.l(_printf_percent.o)
    0x080001e4   0x080001e4   0x00000006   Code   RO         4285    .ARM.Collect$$_printf_percent$$0000000A  c_w.l(_printf_u.o)
    0x080001ea   0x080001ea   0x00000006   Code   RO         4282    .ARM.Collect$$_printf_percent$$00000013  c_w.l(_printf_c.o)
    0x080001f0   0x080001f0   0x00000004   Code   RO         4386    .ARM.Collect$$_printf_percent$$00000017  c_w.l(_printf_percent_end.o)
    0x080001f4   0x080001f4   0x00000002   Code   RO         4471    .ARM.Collect$$libinit$$00000000  c_w.l(libinit.o)
    0x080001f6   0x080001f6   0x00000000   Code   RO         4481    .ARM.Collect$$libinit$$00000002  c_w.l(libinit2.o)
    0x080001f6   0x080001f6   0x00000000   Code   RO         4483    .ARM.Collect$$libinit$$00000004  c_w.l(libinit2.o)
    0x080001f6   0x080001f6   0x00000000   Code   RO         4486    .ARM.Collect$$libinit$$0000000A  c_w.l(libinit2.o)
    0x080001f6   0x080001f6   0x00000000   Code   RO         4488    .ARM.Collect$$libinit$$0000000C  c_w.l(libinit2.o)
    0x080001f6   0x080001f6   0x00000000   Code   RO         4490    .ARM.Collect$$libinit$$0000000E  c_w.l(libinit2.o)
    0x080001f6   0x080001f6   0x00000000   Code   RO         4493    .ARM.Collect$$libinit$$00000011  c_w.l(libinit2.o)
    0x080001f6   0x080001f6   0x00000000   Code   RO         4495    .ARM.Collect$$libinit$$00000013  c_w.l(libinit2.o)
    0x080001f6   0x080001f6   0x00000000   Code   RO         4497    .ARM.Collect$$libinit$$00000015  c_w.l(libinit2.o)
    0x080001f6   0x080001f6   0x00000000   Code   RO         4499    .ARM.Collect$$libinit$$00000017  c_w.l(libinit2.o)
    0x080001f6   0x080001f6   0x00000000   Code   RO         4501    .ARM.Collect$$libinit$$00000019  c_w.l(libinit2.o)
    0x080001f6   0x080001f6   0x00000000   Code   RO         4503    .ARM.Collect$$libinit$$0000001B  c_w.l(libinit2.o)
    0x080001f6   0x080001f6   0x00000000   Code   RO         4505    .ARM.Collect$$libinit$$0000001D  c_w.l(libinit2.o)
    0x080001f6   0x080001f6   0x00000000   Code   RO         4507    .ARM.Collect$$libinit$$0000001F  c_w.l(libinit2.o)
    0x080001f6   0x080001f6   0x00000000   Code   RO         4509    .ARM.Collect$$libinit$$00000021  c_w.l(libinit2.o)
    0x080001f6   0x080001f6   0x00000000   Code   RO         4511    .ARM.Collect$$libinit$$00000023  c_w.l(libinit2.o)
    0x080001f6   0x080001f6   0x00000000   Code   RO         4513    .ARM.Collect$$libinit$$00000025  c_w.l(libinit2.o)
    0x080001f6   0x080001f6   0x00000000   Code   RO         4517    .ARM.Collect$$libinit$$0000002C  c_w.l(libinit2.o)
    0x080001f6   0x080001f6   0x00000000   Code   RO         4519    .ARM.Collect$$libinit$$0000002E  c_w.l(libinit2.o)
    0x080001f6   0x080001f6   0x00000000   Code   RO         4521    .ARM.Collect$$libinit$$00000030  c_w.l(libinit2.o)
    0x080001f6   0x080001f6   0x00000000   Code   RO         4523    .ARM.Collect$$libinit$$00000032  c_w.l(libinit2.o)
    0x080001f6   0x080001f6   0x00000002   Code   RO         4524    .ARM.Collect$$libinit$$00000033  c_w.l(libinit2.o)
    0x080001f8   0x080001f8   0x00000002   Code   RO         4558    .ARM.Collect$$libshutdown$$00000000  c_w.l(libshutdown.o)
    0x080001fa   0x080001fa   0x00000000   Code   RO         4575    .ARM.Collect$$libshutdown$$00000002  c_w.l(libshutdown2.o)
    0x080001fa   0x080001fa   0x00000000   Code   RO         4577    .ARM.Collect$$libshutdown$$00000004  c_w.l(libshutdown2.o)
    0x080001fa   0x080001fa   0x00000000   Code   RO         4580    .ARM.Collect$$libshutdown$$00000007  c_w.l(libshutdown2.o)
    0x080001fa   0x080001fa   0x00000000   Code   RO         4583    .ARM.Collect$$libshutdown$$0000000A  c_w.l(libshutdown2.o)
    0x080001fa   0x080001fa   0x00000000   Code   RO         4585    .ARM.Collect$$libshutdown$$0000000C  c_w.l(libshutdown2.o)
    0x080001fa   0x080001fa   0x00000000   Code   RO         4588    .ARM.Collect$$libshutdown$$0000000F  c_w.l(libshutdown2.o)
    0x080001fa   0x080001fa   0x00000002   Code   RO         4589    .ARM.Collect$$libshutdown$$00000010  c_w.l(libshutdown2.o)
    0x080001fc   0x080001fc   0x00000000   Code   RO         4373    .ARM.Collect$$rtentry$$00000000  c_w.l(__rtentry.o)
    0x080001fc   0x080001fc   0x00000000   Code   RO         4426    .ARM.Collect$$rtentry$$00000002  c_w.l(__rtentry2.o)
    0x080001fc   0x080001fc   0x00000006   Code   RO         4438    .ARM.Collect$$rtentry$$00000004  c_w.l(__rtentry4.o)
    0x08000202   0x08000202   0x00000000   Code   RO         4428    .ARM.Collect$$rtentry$$00000009  c_w.l(__rtentry2.o)
    0x08000202   0x08000202   0x00000004   Code   RO         4429    .ARM.Collect$$rtentry$$0000000A  c_w.l(__rtentry2.o)
    0x08000206   0x08000206   0x00000000   Code   RO         4431    .ARM.Collect$$rtentry$$0000000C  c_w.l(__rtentry2.o)
    0x08000206   0x08000206   0x00000008   Code   RO         4432    .ARM.Collect$$rtentry$$0000000D  c_w.l(__rtentry2.o)
    0x0800020e   0x0800020e   0x00000002   Code   RO         4474    .ARM.Collect$$rtexit$$00000000  c_w.l(rtexit.o)
    0x08000210   0x08000210   0x00000000   Code   RO         4528    .ARM.Collect$$rtexit$$00000002  c_w.l(rtexit2.o)
    0x08000210   0x08000210   0x00000004   Code   RO         4529    .ARM.Collect$$rtexit$$00000003  c_w.l(rtexit2.o)
    0x08000214   0x08000214   0x00000006   Code   RO         4530    .ARM.Collect$$rtexit$$00000004  c_w.l(rtexit2.o)
    0x0800021a   0x0800021a   0x00000002   PAD
    0x0800021c   0x0800021c   0x00000096   Code   RO         3903    .emb_text           port.o
    0x080002b2   0x080002b2   0x00000002   PAD
    0x080002b4   0x080002b4   0x00000040   Code   RO           97    .text               startup_stm32f10x_hd.o
    0x080002f4   0x080002f4   0x00000048   Code   RO         4250    .text               c_w.l(llsdiv.o)
    0x0800033c   0x0800033c   0x00000028   Code   RO         4254    .text               c_w.l(noretval__2sprintf.o)
    0x08000364   0x08000364   0x00000068   Code   RO         4256    .text               c_w.l(__printf.o)
    0x080003cc   0x080003cc   0x00000052   Code   RO         4258    .text               c_w.l(_printf_str.o)
    0x0800041e   0x0800041e   0x00000002   PAD
    0x08000420   0x08000420   0x00000078   Code   RO         4260    .text               c_w.l(_printf_dec.o)
    0x08000498   0x08000498   0x00000024   Code   RO         4287    .text               c_w.l(strstr.o)
    0x080004bc   0x080004bc   0x00000058   Code   RO         4289    .text               c_w.l(memcmp.o)
    0x08000514   0x08000514   0x00000048   Code   RO         4291    .text               c_w.l(strcpy.o)
    0x0800055c   0x0800055c   0x0000003e   Code   RO         4293    .text               c_w.l(strlen.o)
    0x0800059a   0x0800059a   0x0000008a   Code   RO         4295    .text               c_w.l(rt_memcpy_v6.o)
    0x08000624   0x08000624   0x00000010   Code   RO         4297    .text               c_w.l(aeabi_memset.o)
    0x08000634   0x08000634   0x00000044   Code   RO         4299    .text               c_w.l(rt_memclr.o)
    0x08000678   0x08000678   0x0000004e   Code   RO         4301    .text               c_w.l(rt_memclr_w.o)
    0x080006c6   0x080006c6   0x00000006   Code   RO         4303    .text               c_w.l(heapauxi.o)
    0x080006cc   0x080006cc   0x000000ee   Code   RO         4374    .text               c_w.l(lludivv7m.o)
    0x080007ba   0x080007ba   0x000000b2   Code   RO         4378    .text               c_w.l(_printf_intcommon.o)
    0x0800086c   0x0800086c   0x00000030   Code   RO         4380    .text               c_w.l(_printf_char_common.o)
    0x0800089c   0x0800089c   0x0000000a   Code   RO         4382    .text               c_w.l(_sputc.o)
    0x080008a6   0x080008a6   0x0000002c   Code   RO         4384    .text               c_w.l(_printf_char.o)
    0x080008d2   0x080008d2   0x00000064   Code   RO         4387    .text               c_w.l(rt_memcpy_w.o)
    0x08000936   0x08000936   0x00000002   PAD
    0x08000938   0x08000938   0x00000008   Code   RO         4457    .text               c_w.l(libspace.o)
    0x08000940   0x08000940   0x0000004a   Code   RO         4460    .text               c_w.l(sys_stackheap_outer.o)
    0x0800098a   0x0800098a   0x00000012   Code   RO         4464    .text               c_w.l(exit.o)
    0x0800099c   0x0800099c   0x0000000c   Code   RO         4546    .text               c_w.l(sys_exit.o)
    0x080009a8   0x080009a8   0x00000002   Code   RO         4563    .text               c_w.l(use_no_semi.o)
    0x080009aa   0x080009aa   0x00000000   Code   RO         4565    .text               c_w.l(indicate_semi.o)
    0x080009aa   0x080009aa   0x00000032   Code   RO         2103    i.BSP_init          main.o
    0x080009dc   0x080009dc   0x00000004   Code   RO         2052    i.BusFault_Handler  stm32f10x_it.o
    0x080009e0   0x080009e0   0x0000001e   Code   RO         3051    i.CHASSIC_task      chassis.o
    0x080009fe   0x080009fe   0x00000002   PAD
    0x08000a00   0x08000a00   0x00000030   Code   RO         3974    i.CPU_task          start_task.o
    0x08000a30   0x08000a30   0x00000090   Code   RO         3052    i.Chassis_CurrentPid_Cal  chassis.o
    0x08000ac0   0x08000ac0   0x00000020   Code   RO         3024    i.DMA1_Channel6_IRQHandler  uart.o
    0x08000ae0   0x08000ae0   0x0000002c   Code   RO         3025    i.DMA1_Channel7_IRQHandler  uart.o
    0x08000b0c   0x08000b0c   0x0000001c   Code   RO         1560    i.DMA_ClearFlag     stm32f10x_dma.o
    0x08000b28   0x08000b28   0x0000001c   Code   RO         1561    i.DMA_ClearITPendingBit  stm32f10x_dma.o
    0x08000b44   0x08000b44   0x00000018   Code   RO         1562    i.DMA_Cmd           stm32f10x_dma.o
    0x08000b5c   0x08000b5c   0x0000014c   Code   RO         1563    i.DMA_DeInit        stm32f10x_dma.o
    0x08000ca8   0x08000ca8   0x0000002c   Code   RO         1565    i.DMA_GetFlagStatus  stm32f10x_dma.o
    0x08000cd4   0x08000cd4   0x0000002c   Code   RO         1566    i.DMA_GetITStatus   stm32f10x_dma.o
    0x08000d00   0x08000d00   0x00000012   Code   RO         1567    i.DMA_ITConfig      stm32f10x_dma.o
    0x08000d12   0x08000d12   0x0000003c   Code   RO         1568    i.DMA_Init          stm32f10x_dma.o
    0x08000d4e   0x08000d4e   0x00000002   Code   RO         2053    i.DebugMon_Handler  stm32f10x_it.o
    0x08000d50   0x08000d50   0x000000a8   Code   RO         2285    i.Encoder_Init_TIM3  encoder.o
    0x08000df8   0x08000df8   0x000000a8   Code   RO         2286    i.Encoder_Init_TIM5  encoder.o
    0x08000ea0   0x08000ea0   0x00000116   Code   RO          302    i.GPIO_Init         stm32f10x_gpio.o
    0x08000fb6   0x08000fb6   0x00000004   Code   RO          309    i.GPIO_ResetBits    stm32f10x_gpio.o
    0x08000fba   0x08000fba   0x00000004   Code   RO          310    i.GPIO_SetBits      stm32f10x_gpio.o
    0x08000fbe   0x08000fbe   0x00000002   PAD
    0x08000fc0   0x08000fc0   0x00000038   Code   RO         3135    i.GYRO              gyro.o
    0x08000ff8   0x08000ff8   0x00000090   Code   RO         2287    i.Get_Motor_Speed   encoder.o
    0x08001088   0x08001088   0x00000004   Code   RO         2054    i.HardFault_Handler  stm32f10x_it.o
    0x0800108c   0x0800108c   0x000001a4   Code   RO         4026    i.IIR_TICK_d_L      iir.o
    0x08001230   0x08001230   0x000001a4   Code   RO         4028    i.IIR_TICK_d_R      iir.o
    0x080013d4   0x080013d4   0x000000cc   Code   RO         3154    i.JudgeBuffReceive  data_dispose.o
    0x080014a0   0x080014a0   0x0000004c   Code   RO         2371    i.MPU_IIC_Ack       mpuiic.o
    0x080014ec   0x080014ec   0x0000000a   Code   RO         2372    i.MPU_IIC_Delay     mpuiic.o
    0x080014f6   0x080014f6   0x00000002   PAD
    0x080014f8   0x080014f8   0x00000038   Code   RO         2373    i.MPU_IIC_Init      mpuiic.o
    0x08001530   0x08001530   0x0000004c   Code   RO         2374    i.MPU_IIC_NAck      mpuiic.o
    0x0800157c   0x0800157c   0x0000006c   Code   RO         2375    i.MPU_IIC_Read_Byte  mpuiic.o
    0x080015e8   0x080015e8   0x0000005c   Code   RO         2376    i.MPU_IIC_Send_Byte  mpuiic.o
    0x08001644   0x08001644   0x00000048   Code   RO         2377    i.MPU_IIC_Start     mpuiic.o
    0x0800168c   0x0800168c   0x00000048   Code   RO         2378    i.MPU_IIC_Stop      mpuiic.o
    0x080016d4   0x080016d4   0x00000064   Code   RO         2379    i.MPU_IIC_Wait_Ack  mpuiic.o
    0x08001738   0x08001738   0x00000074   Code   RO         2439    i.MPU_Read_Len      mpu6050.o
    0x080017ac   0x080017ac   0x00000060   Code   RO         2445    i.MPU_Write_Len     mpu6050.o
    0x0800180c   0x0800180c   0x00000004   Code   RO         2055    i.MemManage_Handler  stm32f10x_it.o
    0x08001810   0x08001810   0x00000002   Code   RO         2056    i.NMI_Handler       stm32f10x_it.o
    0x08001812   0x08001812   0x00000002   PAD
    0x08001814   0x08001814   0x00000070   Code   RO          101    i.NVIC_Init         misc.o
    0x08001884   0x08001884   0x00000014   Code   RO          102    i.NVIC_PriorityGroupConfig  misc.o
    0x08001898   0x08001898   0x000000b8   Code   RO         3053    i.PID_Param_Init    chassis.o
    0x08001950   0x08001950   0x00000020   Code   RO          633    i.RCC_AHBPeriphClockCmd  stm32f10x_rcc.o
    0x08001970   0x08001970   0x00000020   Code   RO          634    i.RCC_APB1PeriphClockCmd  stm32f10x_rcc.o
    0x08001990   0x08001990   0x00000020   Code   RO          636    i.RCC_APB2PeriphClockCmd  stm32f10x_rcc.o
    0x080019b0   0x080019b0   0x000000d4   Code   RO          644    i.RCC_GetClocksFreq  stm32f10x_rcc.o
    0x08001a84   0x08001a84   0x00000008   Code   RO            1    i.SetSysClock       system_stm32f10x.o
    0x08001a8c   0x08001a8c   0x000000e0   Code   RO            2    i.SetSysClockTo72   system_stm32f10x.o
    0x08001b6c   0x08001b6c   0x00000030   Code   RO         3054    i.SoftReset         chassis.o
    0x08001b9c   0x08001b9c   0x00000008   Code   RO         2057    i.SysTick_Handler   stm32f10x_it.o
    0x08001ba4   0x08001ba4   0x00000060   Code   RO            4    i.SystemInit        system_stm32f10x.o
    0x08001c04   0x08001c04   0x00000080   Code   RO          832    i.TI1_Config        stm32f10x_tim.o
    0x08001c84   0x08001c84   0x00000098   Code   RO          833    i.TI2_Config        stm32f10x_tim.o
    0x08001d1c   0x08001d1c   0x00000090   Code   RO          834    i.TI3_Config        stm32f10x_tim.o
    0x08001dac   0x08001dac   0x00000098   Code   RO          835    i.TI4_Config        stm32f10x_tim.o
    0x08001e44   0x08001e44   0x00000144   Code   RO         2323    i.TIM1_PWM_Init     pwm.o
    0x08001f88   0x08001f88   0x00000024   Code   RO         2228    i.TIM2_IRQHandler   delay.o
    0x08001fac   0x08001fac   0x0000005c   Code   RO         2229    i.TIM2_Init         delay.o
    0x08002008   0x08002008   0x00000028   Code   RO         2261    i.TIM4_IRQHandler   tim.o
    0x08002030   0x08002030   0x00000060   Code   RO         2262    i.TIM4_Init         tim.o
    0x08002090   0x08002090   0x00000184   Code   RO         3056    i.TIM6_IRQHandler   chassis.o
    0x08002214   0x08002214   0x00000068   Code   RO         2288    i.TIM6_Init         encoder.o
    0x0800227c   0x0800227c   0x00000018   Code   RO          836    i.TIM_ARRPreloadConfig  stm32f10x_tim.o
    0x08002294   0x08002294   0x00000006   Code   RO          842    i.TIM_ClearFlag     stm32f10x_tim.o
    0x0800229a   0x0800229a   0x00000006   Code   RO          843    i.TIM_ClearITPendingBit  stm32f10x_tim.o
    0x080022a0   0x080022a0   0x00000018   Code   RO          848    i.TIM_Cmd           stm32f10x_tim.o
    0x080022b8   0x080022b8   0x0000001e   Code   RO          850    i.TIM_CtrlPWMOutputs  stm32f10x_tim.o
    0x080022d6   0x080022d6   0x00000042   Code   RO          857    i.TIM_EncoderInterfaceConfig  stm32f10x_tim.o
    0x08002318   0x08002318   0x00000022   Code   RO          869    i.TIM_GetITStatus   stm32f10x_tim.o
    0x0800233a   0x0800233a   0x00000002   PAD
    0x0800233c   0x0800233c   0x000000ac   Code   RO          871    i.TIM_ICInit        stm32f10x_tim.o
    0x080023e8   0x080023e8   0x00000012   Code   RO          872    i.TIM_ICStructInit  stm32f10x_tim.o
    0x080023fa   0x080023fa   0x00000012   Code   RO          873    i.TIM_ITConfig      stm32f10x_tim.o
    0x0800240c   0x0800240c   0x00000098   Code   RO          877    i.TIM_OC1Init       stm32f10x_tim.o
    0x080024a4   0x080024a4   0x00000012   Code   RO          880    i.TIM_OC1PreloadConfig  stm32f10x_tim.o
    0x080024b6   0x080024b6   0x00000002   PAD
    0x080024b8   0x080024b8   0x000000a4   Code   RO          882    i.TIM_OC2Init       stm32f10x_tim.o
    0x0800255c   0x0800255c   0x0000001a   Code   RO          885    i.TIM_OC2PreloadConfig  stm32f10x_tim.o
    0x08002576   0x08002576   0x00000004   Code   RO          909    i.TIM_SetCompare1   stm32f10x_tim.o
    0x0800257a   0x0800257a   0x00000004   Code   RO          910    i.TIM_SetCompare2   stm32f10x_tim.o
    0x0800257e   0x0800257e   0x00000004   Code   RO          913    i.TIM_SetCounter    stm32f10x_tim.o
    0x08002582   0x08002582   0x00000012   Code   RO          914    i.TIM_SetIC1Prescaler  stm32f10x_tim.o
    0x08002594   0x08002594   0x0000001a   Code   RO          915    i.TIM_SetIC2Prescaler  stm32f10x_tim.o
    0x080025ae   0x080025ae   0x00000012   Code   RO          916    i.TIM_SetIC3Prescaler  stm32f10x_tim.o
    0x080025c0   0x080025c0   0x0000001a   Code   RO          917    i.TIM_SetIC4Prescaler  stm32f10x_tim.o
    0x080025da   0x080025da   0x00000002   PAD
    0x080025dc   0x080025dc   0x000000a4   Code   RO          919    i.TIM_TimeBaseInit  stm32f10x_tim.o
    0x08002680   0x08002680   0x00000012   Code   RO          920    i.TIM_TimeBaseStructInit  stm32f10x_tim.o
    0x08002692   0x08002692   0x00000002   PAD
    0x08002694   0x08002694   0x00000198   Code   RO         3026    i.UART2_DMA_Init    uart.o
    0x0800282c   0x0800282c   0x000000a0   Code   RO         4106    i.USART3_IRQHandler  bsp_esp8266.o
    0x080028cc   0x080028cc   0x00000018   Code   RO         1384    i.USART_Cmd         stm32f10x_usart.o
    0x080028e4   0x080028e4   0x00000012   Code   RO         1385    i.USART_DMACmd      stm32f10x_usart.o
    0x080028f6   0x080028f6   0x00000054   Code   RO         1388    i.USART_GetITStatus  stm32f10x_usart.o
    0x0800294a   0x0800294a   0x0000004a   Code   RO         1390    i.USART_ITConfig    stm32f10x_usart.o
    0x08002994   0x08002994   0x000000d8   Code   RO         1391    i.USART_Init        stm32f10x_usart.o
    0x08002a6c   0x08002a6c   0x0000000a   Code   RO         1398    i.USART_ReceiveData  stm32f10x_usart.o
    0x08002a76   0x08002a76   0x00000004   Code   RO         2058    i.UsageFault_Handler  stm32f10x_it.o
    0x08002a7a   0x08002a7a   0x00000028   Code   RO         4453    i.__ARM_fpclassify  m_ws.l(fpclassify.o)
    0x08002aa2   0x08002aa2   0x000000aa   Code   RO         4455    i.__kernel_poly     m_ws.l(poly.o)
    0x08002b4c   0x08002b4c   0x00000006   Code   RO         4411    i.__mathlib_dbl_infnan  m_ws.l(dunder.o)
    0x08002b52   0x08002b52   0x00000004   Code   RO         4412    i.__mathlib_dbl_infnan2  m_ws.l(dunder.o)
    0x08002b56   0x08002b56   0x00000002   PAD
    0x08002b58   0x08002b58   0x00000010   Code   RO         4416    i.__mathlib_dbl_underflow  m_ws.l(dunder.o)
    0x08002b68   0x08002b68   0x000000a8   Code   RO         2700    i.accel_self_test   inv_mpu.o
    0x08002c10   0x08002c10   0x00000220   Code   RO         4401    i.atan              m_ws.l(atan.o)
    0x08002e30   0x08002e30   0x00000180   Code   RO         4366    i.atan2             m_ws.l(atan2.o)
    0x08002fb0   0x08002fb0   0x0000005c   Code   RO         3057    i.control           chassis.o
    0x0800300c   0x0800300c   0x00000064   Code   RO         2512    i.decode_gesture    inv_mpu_dmp_motion_driver.o
    0x08003070   0x08003070   0x0000002c   Code   RO         2230    i.delay_ms          delay.o
    0x0800309c   0x0800309c   0x00000034   Code   RO         2231    i.delay_us          delay.o
    0x080030d0   0x080030d0   0x0000003c   Code   RO         2513    i.dmp_enable_6x_lp_quat  inv_mpu_dmp_motion_driver.o
    0x0800310c   0x0800310c   0x0000021c   Code   RO         2514    i.dmp_enable_feature  inv_mpu_dmp_motion_driver.o
    0x08003328   0x08003328   0x00000058   Code   RO         2515    i.dmp_enable_gyro_cal  inv_mpu_dmp_motion_driver.o
    0x08003380   0x08003380   0x0000003c   Code   RO         2516    i.dmp_enable_lp_quat  inv_mpu_dmp_motion_driver.o
    0x080033bc   0x080033bc   0x00000018   Code   RO         2521    i.dmp_load_motion_driver_firmware  inv_mpu_dmp_motion_driver.o
    0x080033d4   0x080033d4   0x000001cc   Code   RO         2522    i.dmp_read_fifo     inv_mpu_dmp_motion_driver.o
    0x080035a0   0x080035a0   0x00000130   Code   RO         2525    i.dmp_set_accel_bias  inv_mpu_dmp_motion_driver.o
    0x080036d0   0x080036d0   0x00000070   Code   RO         2526    i.dmp_set_fifo_rate  inv_mpu_dmp_motion_driver.o
    0x08003740   0x08003740   0x00000130   Code   RO         2527    i.dmp_set_gyro_bias  inv_mpu_dmp_motion_driver.o
    0x08003870   0x08003870   0x00000138   Code   RO         2529    i.dmp_set_orientation  inv_mpu_dmp_motion_driver.o
    0x080039a8   0x080039a8   0x00000038   Code   RO         2532    i.dmp_set_shake_reject_thresh  inv_mpu_dmp_motion_driver.o
    0x080039e0   0x080039e0   0x00000026   Code   RO         2533    i.dmp_set_shake_reject_time  inv_mpu_dmp_motion_driver.o
    0x08003a06   0x08003a06   0x00000026   Code   RO         2534    i.dmp_set_shake_reject_timeout  inv_mpu_dmp_motion_driver.o
    0x08003a2c   0x08003a2c   0x00000046   Code   RO         2535    i.dmp_set_tap_axes  inv_mpu_dmp_motion_driver.o
    0x08003a72   0x08003a72   0x00000026   Code   RO         2536    i.dmp_set_tap_count  inv_mpu_dmp_motion_driver.o
    0x08003a98   0x08003a98   0x000001a0   Code   RO         2537    i.dmp_set_tap_thresh  inv_mpu_dmp_motion_driver.o
    0x08003c38   0x08003c38   0x00000026   Code   RO         2538    i.dmp_set_tap_time  inv_mpu_dmp_motion_driver.o
    0x08003c5e   0x08003c5e   0x00000026   Code   RO         2539    i.dmp_set_tap_time_multi  inv_mpu_dmp_motion_driver.o
    0x08003c84   0x08003c84   0x0000006c   Code   RO         3501    i.eTaskGetState     tasks.o
    0x08003cf0   0x08003cf0   0x00000038   Code   RO         3155    i.getCrc8           data_dispose.o
    0x08003d28   0x08003d28   0x00000014   Code   RO         2289    i.getTIMx_DetaCnt   encoder.o
    0x08003d3c   0x08003d3c   0x000000b4   Code   RO         2701    i.get_accel_prod_shift  inv_mpu.o
    0x08003df0   0x08003df0   0x00000470   Code   RO         2702    i.get_st_biases     inv_mpu.o
    0x08004260   0x08004260   0x00000110   Code   RO         2703    i.gyro_self_test    inv_mpu.o
    0x08004370   0x08004370   0x00000028   Code   RO         2704    i.inv_orientation_matrix_to_scalar  inv_mpu.o
    0x08004398   0x08004398   0x0000004e   Code   RO         2705    i.inv_row_2_scale   inv_mpu.o
    0x080043e6   0x080043e6   0x00000018   Code   RO         2104    i.main              main.o
    0x080043fe   0x080043fe   0x00000002   Code   RO         2706    i.mget_ms           inv_mpu.o
    0x08004400   0x08004400   0x00000018   Code   RO         2324    i.motor_L_back      pwm.o
    0x08004418   0x08004418   0x00000018   Code   RO         2325    i.motor_L_move      pwm.o
    0x08004430   0x08004430   0x00000018   Code   RO         2326    i.motor_L_stop      pwm.o
    0x08004448   0x08004448   0x00000018   Code   RO         2327    i.motor_R_back      pwm.o
    0x08004460   0x08004460   0x00000018   Code   RO         2328    i.motor_R_move      pwm.o
    0x08004478   0x08004478   0x00000018   Code   RO         2329    i.motor_R_stop      pwm.o
    0x08004490   0x08004490   0x00000064   Code   RO         3059    i.motor_direction   chassis.o
    0x080044f4   0x080044f4   0x00000070   Code   RO         2707    i.mpu_configure_fifo  inv_mpu.o
    0x08004564   0x08004564   0x0000012c   Code   RO         2708    i.mpu_dmp_get_data  inv_mpu.o
    0x08004690   0x08004690   0x000000a0   Code   RO         2709    i.mpu_dmp_init      inv_mpu.o
    0x08004730   0x08004730   0x0000004c   Code   RO         2710    i.mpu_get_accel_fsr  inv_mpu.o
    0x0800477c   0x0800477c   0x00000054   Code   RO         2712    i.mpu_get_accel_sens  inv_mpu.o
    0x080047d0   0x080047d0   0x00000010   Code   RO         2717    i.mpu_get_fifo_config  inv_mpu.o
    0x080047e0   0x080047e0   0x00000044   Code   RO         2718    i.mpu_get_gyro_fsr  inv_mpu.o
    0x08004824   0x08004824   0x00000050   Code   RO         2720    i.mpu_get_gyro_sens  inv_mpu.o
    0x08004874   0x08004874   0x00000050   Code   RO         2722    i.mpu_get_lpf       inv_mpu.o
    0x080048c4   0x080048c4   0x00000020   Code   RO         2724    i.mpu_get_sample_rate  inv_mpu.o
    0x080048e4   0x080048e4   0x00000190   Code   RO         2726    i.mpu_init          inv_mpu.o
    0x08004a74   0x08004a74   0x000000b8   Code   RO         2727    i.mpu_load_firmware  inv_mpu.o
    0x08004b2c   0x08004b2c   0x000000e0   Code   RO         2728    i.mpu_lp_accel_mode  inv_mpu.o
    0x08004c0c   0x08004c0c   0x000000c0   Code   RO         2731    i.mpu_read_fifo_stream  inv_mpu.o
    0x08004ccc   0x08004ccc   0x00000080   Code   RO         2732    i.mpu_read_mem      inv_mpu.o
    0x08004d4c   0x08004d4c   0x000001c8   Code   RO         2735    i.mpu_reset_fifo    inv_mpu.o
    0x08004f14   0x08004f14   0x0000011c   Code   RO         2736    i.mpu_run_self_test  inv_mpu.o
    0x08005030   0x08005030   0x00000084   Code   RO         2738    i.mpu_set_accel_fsr  inv_mpu.o
    0x080050b4   0x080050b4   0x0000014c   Code   RO         2739    i.mpu_set_bypass    inv_mpu.o
    0x08005200   0x08005200   0x00000090   Code   RO         2741    i.mpu_set_dmp_state  inv_mpu.o
    0x08005290   0x08005290   0x00000088   Code   RO         2742    i.mpu_set_gyro_fsr  inv_mpu.o
    0x08005318   0x08005318   0x0000006c   Code   RO         2743    i.mpu_set_int_latched  inv_mpu.o
    0x08005384   0x08005384   0x00000084   Code   RO         2745    i.mpu_set_lpf       inv_mpu.o
    0x08005408   0x08005408   0x0000009c   Code   RO         2746    i.mpu_set_sample_rate  inv_mpu.o
    0x080054a4   0x080054a4   0x000000d0   Code   RO         2747    i.mpu_set_sensors   inv_mpu.o
    0x08005574   0x08005574   0x00000080   Code   RO         2748    i.mpu_write_mem     inv_mpu.o
    0x080055f4   0x080055f4   0x00000098   Code   RO         3060    i.pid_motor_chose   chassis.o
    0x0800568c   0x0800568c   0x00000098   Code   RO         3503    i.prvAddCurrentTaskToDelayedList  tasks.o
    0x08005724   0x08005724   0x000000b8   Code   RO         3504    i.prvAddNewTaskToReadyList  tasks.o
    0x080057dc   0x080057dc   0x00000064   Code   RO         3505    i.prvCheckTasksWaitingTermination  tasks.o
    0x08005840   0x08005840   0x00000012   Code   RO         3506    i.prvDeleteTCB      tasks.o
    0x08005852   0x08005852   0x00000002   PAD
    0x08005854   0x08005854   0x0000007c   Code   RO         3854    i.prvHeapInit       heap_4.o
    0x080058d0   0x080058d0   0x00000028   Code   RO         3507    i.prvIdleTask       tasks.o
    0x080058f8   0x080058f8   0x00000090   Code   RO         3508    i.prvInitialiseNewTask  tasks.o
    0x08005988   0x08005988   0x00000068   Code   RO         3509    i.prvInitialiseTaskLists  tasks.o
    0x080059f0   0x080059f0   0x00000068   Code   RO         3855    i.prvInsertBlockIntoFreeList  heap_4.o
    0x08005a58   0x08005a58   0x0000006a   Code   RO         3510    i.prvListTasksWithinSingleList  tasks.o
    0x08005ac2   0x08005ac2   0x00000002   PAD
    0x08005ac4   0x08005ac4   0x00000034   Code   RO         3511    i.prvResetNextTaskUnblockTime  tasks.o
    0x08005af8   0x08005af8   0x00000016   Code   RO         3512    i.prvTaskCheckFreeStackSpace  tasks.o
    0x08005b0e   0x08005b0e   0x00000016   Code   RO         3904    i.prvTaskExitError  port.o
    0x08005b24   0x08005b24   0x0000002a   Code   RO         3514    i.prvWriteNameToBuffer  tasks.o
    0x08005b4e   0x08005b4e   0x00000002   PAD
    0x08005b50   0x08005b50   0x000000d0   Code   RO         3856    i.pvPortMalloc      heap_4.o
    0x08005c20   0x08005c20   0x00000024   Code   RO         3905    i.pxPortInitialiseStack  port.o
    0x08005c44   0x08005c44   0x00000094   Code   RO         2749    i.run_self_test     inv_mpu.o
    0x08005cd8   0x08005cd8   0x00000090   Code   RO         2750    i.set_int_enable    inv_mpu.o
    0x08005d68   0x08005d68   0x000000e8   Code   RO         4004    i.speed_PID_Calc    pid.o
    0x08005e50   0x08005e50   0x0000002c   Code   RO         3975    i.startTast         start_task.o
    0x08005e7c   0x08005e7c   0x00000074   Code   RO         3976    i.start_task        start_task.o
    0x08005ef0   0x08005ef0   0x000000b0   Code   RO         3156    i.usartSendData     data_dispose.o
    0x08005fa0   0x08005fa0   0x00000028   Code   RO         3300    i.uxListRemove      list.o
    0x08005fc8   0x08005fc8   0x000000b8   Code   RO         3518    i.uxTaskGetSystemState  tasks.o
    0x08006080   0x08006080   0x0000001a   Code   RO         3301    i.vListInitialise   list.o
    0x0800609a   0x0800609a   0x00000006   Code   RO         3302    i.vListInitialiseItem  list.o
    0x080060a0   0x080060a0   0x00000034   Code   RO         3303    i.vListInsert       list.o
    0x080060d4   0x080060d4   0x00000018   Code   RO         3304    i.vListInsertEnd    list.o
    0x080060ec   0x080060ec   0x00000024   Code   RO         3907    i.vPortEnterCritical  port.o
    0x08006110   0x08006110   0x00000020   Code   RO         3908    i.vPortExitCritical  port.o
    0x08006130   0x08006130   0x00000048   Code   RO         3857    i.vPortFree         heap_4.o
    0x08006178   0x08006178   0x00000020   Code   RO         3909    i.vPortSetupTimerInterrupt  port.o
    0x08006198   0x08006198   0x00000034   Code   RO         3523    i.vTaskDelay        tasks.o
    0x080061cc   0x080061cc   0x00000074   Code   RO         3524    i.vTaskDelayUntil   tasks.o
    0x08006240   0x08006240   0x000000cc   Code   RO         3525    i.vTaskDelete       tasks.o
    0x0800630c   0x0800630c   0x00000078   Code   RO         3527    i.vTaskGetInfo      tasks.o
    0x08006384   0x08006384   0x000000d4   Code   RO         3528    i.vTaskGetRunTimeStats  tasks.o
    0x08006458   0x08006458   0x000000e0   Code   RO         3529    i.vTaskList         tasks.o
    0x08006538   0x08006538   0x0000006c   Code   RO         3538    i.vTaskStartScheduler  tasks.o
    0x080065a4   0x080065a4   0x00000010   Code   RO         3540    i.vTaskSuspendAll   tasks.o
    0x080065b4   0x080065b4   0x000000a0   Code   RO         3541    i.vTaskSwitchContext  tasks.o
    0x08006654   0x08006654   0x00000034   Code   RO         3910    i.xPortStartScheduler  port.o
    0x08006688   0x08006688   0x00000034   Code   RO         3911    i.xPortSysTickHandler  port.o
    0x080066bc   0x080066bc   0x00000060   Code   RO         3543    i.xTaskCreate       tasks.o
    0x0800671c   0x0800671c   0x0000000c   Code   RO         3547    i.xTaskGetTickCount  tasks.o
    0x08006728   0x08006728   0x0000011c   Code   RO         3549    i.xTaskIncrementTick  tasks.o
    0x08006844   0x08006844   0x000000e8   Code   RO         3554    i.xTaskResumeAll    tasks.o
    0x0800692c   0x0800692c   0x00000062   Code   RO         4307    x$fpl$d2f           fz_ws.l(d2f.o)
    0x0800698e   0x0800698e   0x00000002   PAD
    0x08006990   0x08006990   0x00000150   Code   RO         4309    x$fpl$dadd          fz_ws.l(daddsub_clz.o)
    0x08006ae0   0x08006ae0   0x00000010   Code   RO         4472    x$fpl$dcheck1       fz_ws.l(dcheck1.o)
    0x08006af0   0x08006af0   0x000002b0   Code   RO         4316    x$fpl$ddiv          fz_ws.l(ddiv.o)
    0x08006da0   0x08006da0   0x0000005e   Code   RO         4319    x$fpl$dfix          fz_ws.l(dfix.o)
    0x08006dfe   0x08006dfe   0x0000002e   Code   RO         4324    x$fpl$dflt          fz_ws.l(dflt_clz.o)
    0x08006e2c   0x08006e2c   0x00000154   Code   RO         4329    x$fpl$dmul          fz_ws.l(dmul.o)
    0x08006f80   0x08006f80   0x0000009c   Code   RO         4389    x$fpl$dnaninf       fz_ws.l(dnaninf.o)
    0x0800701c   0x0800701c   0x0000000c   Code   RO         4391    x$fpl$dretinf       fz_ws.l(dretinf.o)
    0x08007028   0x08007028   0x00000016   Code   RO         4310    x$fpl$drsb          fz_ws.l(daddsub_clz.o)
    0x0800703e   0x0800703e   0x00000002   PAD
    0x08007040   0x08007040   0x000001d4   Code   RO         4311    x$fpl$dsub          fz_ws.l(daddsub_clz.o)
    0x08007214   0x08007214   0x00000056   Code   RO         4331    x$fpl$f2d           fz_ws.l(f2d.o)
    0x0800726a   0x0800726a   0x00000002   PAD
    0x0800726c   0x0800726c   0x000000c4   Code   RO         4333    x$fpl$fadd          fz_ws.l(faddsub_clz.o)
    0x08007330   0x08007330   0x00000018   Code   RO         4393    x$fpl$fcmpinf       fz_ws.l(fcmpi.o)
    0x08007348   0x08007348   0x00000184   Code   RO         4340    x$fpl$fdiv          fz_ws.l(fdiv.o)
    0x080074cc   0x080074cc   0x00000068   Code   RO         4343    x$fpl$feqf          fz_ws.l(feqf.o)
    0x08007534   0x08007534   0x00000036   Code   RO         4345    x$fpl$ffix          fz_ws.l(ffix.o)
    0x0800756a   0x0800756a   0x00000002   PAD
    0x0800756c   0x0800756c   0x0000003e   Code   RO         4349    x$fpl$ffixu         fz_ws.l(ffixu.o)
    0x080075aa   0x080075aa   0x00000002   PAD
    0x080075ac   0x080075ac   0x00000030   Code   RO         4354    x$fpl$fflt          fz_ws.l(fflt_clz.o)
    0x080075dc   0x080075dc   0x00000026   Code   RO         4353    x$fpl$ffltu         fz_ws.l(fflt_clz.o)
    0x08007602   0x08007602   0x00000002   PAD
    0x08007604   0x08007604   0x00000068   Code   RO         4359    x$fpl$fleqf         fz_ws.l(fleqf.o)
    0x0800766c   0x0800766c   0x00000102   Code   RO         4361    x$fpl$fmul          fz_ws.l(fmul.o)
    0x0800776e   0x0800776e   0x0000008c   Code   RO         4395    x$fpl$fnaninf       fz_ws.l(fnaninf.o)
    0x080077fa   0x080077fa   0x0000000a   Code   RO         4397    x$fpl$fretinf       fz_ws.l(fretinf.o)
    0x08007804   0x08007804   0x00000062   Code   RO         4363    x$fpl$frleqf        fz_ws.l(frleqf.o)
    0x08007866   0x08007866   0x00000002   PAD
    0x08007868   0x08007868   0x000000ea   Code   RO         4335    x$fpl$fsub          fz_ws.l(faddsub_clz.o)
    0x08007952   0x08007952   0x00000064   Code   RO         4525    x$fpl$retnan        fz_ws.l(retnan.o)
    0x080079b6   0x080079b6   0x0000005c   Code   RO         4451    x$fpl$scalbn        fz_ws.l(scalbn.o)
    0x08007a12   0x08007a12   0x00000030   Code   RO         4544    x$fpl$trapveneer    fz_ws.l(trapv.o)
    0x08007a42   0x08007a42   0x00000000   Code   RO         4399    x$fpl$usenofp       fz_ws.l(usenofp.o)
    0x08007a42   0x08007a42   0x00000bf6   Data   RO         2541    .constdata          inv_mpu_dmp_motion_driver.o
    0x08008638   0x08008638   0x00000050   Data   RO         2752    .constdata          inv_mpu.o
    0x08008688   0x08008688   0x00000004   Data   RO         3158    .constdata          data_dispose.o
    0x0800868c   0x0800868c   0x00000004   PAD
    0x08008690   0x08008690   0x00000050   Data   RO         4030    .constdata          iir.o
    0x080086e0   0x080086e0   0x00000098   Data   RO         4402    .constdata          m_ws.l(atan.o)
    0x08008778   0x08008778   0x00000008   Data   RO         4424    .constdata          m_ws.l(qnan.o)
    0x08008780   0x08008780   0x0000001c   Data   RO         4057    .conststring        bsp_esp8266_test.o
    0x0800879c   0x0800879c   0x00000020   Data   RO         4606    Region$$Table       anon$$obj.o


    Execution Region RW_IRAM1 (Exec base: 0x20000000, Load base: 0x080087bc, Size: 0x00005b10, Max: 0x0000c000, ABSOLUTE, COMPRESSED[0x00000050])

    Exec Addr    Load Addr    Size         Type   Attr      Idx    E Section Name        Object

    0x20000000   COMPRESSED   0x00000014   Data   RW            5    .data               system_stm32f10x.o
    0x20000014   COMPRESSED   0x00000014   Data   RW          664    .data               stm32f10x_rcc.o
    0x20000028   COMPRESSED   0x00000008   Data   RW         2232    .data               delay.o
    0x20000030   COMPRESSED   0x00000004   Data   RW         2263    .data               tim.o
    0x20000034   COMPRESSED   0x00000010   Data   RW         2290    .data               encoder.o
    0x20000044   COMPRESSED   0x00000035   Data   RW         2753    .data               inv_mpu.o
    0x20000079   COMPRESSED   0x00000007   PAD
    0x20000080   COMPRESSED   0x00000040   Data   RW         3062    .data               chassis.o
    0x200000c0   COMPRESSED   0x0000000c   Data   RW         3136    .data               gyro.o
    0x200000cc   COMPRESSED   0x00000016   Data   RW         3159    .data               data_dispose.o
    0x200000e2   COMPRESSED   0x00000002   PAD
    0x200000e4   COMPRESSED   0x00000044   Data   RW         3557    .data               tasks.o
    0x20000128   COMPRESSED   0x00000018   Data   RW         3862    .data               heap_4.o
    0x20000140   COMPRESSED   0x00000004   Data   RW         3912    .data               port.o
    0x20000144   COMPRESSED   0x00000010   Data   RW         3978    .data               start_task.o
    0x20000154   COMPRESSED   0x0000000e   Data   RW         4058    .data               bsp_esp8266_test.o
    0x20000162   COMPRESSED   0x00000002   PAD
    0x20000164        -       0x00000010   Zero   RW         2540    .bss                inv_mpu_dmp_motion_driver.o
    0x20000174        -       0x00000027   Zero   RW         3027    .bss                uart.o
    0x2000019b   COMPRESSED   0x00000001   PAD
    0x2000019c        -       0x000000dc   Zero   RW         3061    .bss                chassis.o
    0x20000278        -       0x000000c8   Zero   RW         3157    .bss                data_dispose.o
    0x20000340        -       0x000002e4   Zero   RW         3556    .bss                tasks.o
    0x20000624        -       0x00004400   Zero   RW         3861    .bss                heap_4.o
    0x20004a24        -       0x00000190   Zero   RW         3977    .bss                start_task.o
    0x20004bb4   COMPRESSED   0x00000004   PAD
    0x20004bb8        -       0x000000f0   Zero   RW         4029    .bss                iir.o
    0x20004ca8        -       0x00000804   Zero   RW         4107    .bss                bsp_esp8266.o
    0x200054ac        -       0x00000060   Zero   RW         4458    .bss                c_w.l(libspace.o)
    0x2000550c   COMPRESSED   0x00000004   PAD
    0x20005510        -       0x00000200   Zero   RW           95    HEAP                startup_stm32f10x_hd.o
    0x20005710        -       0x00000400   Zero   RW           94    STACK               startup_stm32f10x_hd.o


==============================================================================

Image component sizes


      Code (inc. data)   RO Data    RW Data    ZI Data      Debug   Object Name

       160         26          0          0       2052       3162   bsp_esp8266.o
         0          0         28         14          0        821   bsp_esp8266_test.o
      1138        162          0         64        220      22504   chassis.o
         0          0          0          0          0         32   core_cm3.o
       436         48          4         22        200       4306   data_dispose.o
       224         20          0          8          0       2482   delay.o
       604         48          0         16          0       3856   encoder.o
         0          0          0          0          0       1476   event_groups.o
        56         22          0         12          0       1284   gyro.o
       508         62          0         24      17408       3991   heap_4.o
       840         32         80          0        240       2262   iir.o
      6520        214         80         53          0      32000   inv_mpu.o
      3096        122       3062          0         16      21254   inv_mpu_dmp_motion_driver.o
       148          0          0          0          0       3322   list.o
        74          0          0          0          0      12314   main.o
       132         22          0          0          0       1583   misc.o
       212          0          0          0          0       2015   mpu6050.o
       662        100          0          0          0       5030   mpuiic.o
       232          0          0          0          0       1069   pid.o
       412         50          0          4          0       9348   port.o
       468         66          0          0          0       3618   pwm.o
       208         80          0         16        400       2547   start_task.o
        64         26        304          0       1536        828   startup_stm32f10x_hd.o
       578         44          0          0          0       6443   stm32f10x_dma.o
       286          0          0          0          0       3104   stm32f10x_gpio.o
        28          0          0          0          0       3319   stm32f10x_it.o
       308         38          0         20          0       5130   stm32f10x_rcc.o
      1616        180          0          0          0      17835   stm32f10x_tim.o
       426          6          0          0          0       5713   stm32f10x_usart.o
       328         28          0         20          0     265149   system_stm32f10x.o
      3092        438          0         68        740      30630   tasks.o
       136         12          0          4          0       1628   tim.o
       484         32          0          0         39       2618   uart.o

    ----------------------------------------------------------------------
     23500       1878       3594        356      22856     482673   Object Totals
         0          0         32          0          0          0   (incl. Generated)
        24          0          4         11          5          0   (incl. Padding)

    ----------------------------------------------------------------------

      Code (inc. data)   RO Data    RW Data    ZI Data      Debug   Library Member Name

        90          0          0          0          0          0   __dczerorl2.o
         8          0          0          0          0         68   __main.o
       104          0          0          0          0         84   __printf.o
         0          0          0          0          0          0   __rtentry.o
        12          0          0          0          0          0   __rtentry2.o
         6          0          0          0          0          0   __rtentry4.o
        52          8          0          0          0          0   __scatter.o
        28          0          0          0          0          0   __scatter_zi.o
         6          0          0          0          0          0   _printf_c.o
        44          0          0          0          0        108   _printf_char.o
        48          6          0          0          0         96   _printf_char_common.o
       120         16          0          0          0         92   _printf_dec.o
       178          0          0          0          0         88   _printf_intcommon.o
         0          0          0          0          0          0   _printf_percent.o
         4          0          0          0          0          0   _printf_percent_end.o
        82          0          0          0          0         80   _printf_str.o
         6          0          0          0          0          0   _printf_u.o
        10          0          0          0          0         68   _sputc.o
        16          0          0          0          0         68   aeabi_memset.o
        18          0          0          0          0         80   exit.o
         6          0          0          0          0        152   heapauxi.o
         0          0          0          0          0          0   indicate_semi.o
         2          0          0          0          0          0   libinit.o
         2          0          0          0          0          0   libinit2.o
         2          0          0          0          0          0   libshutdown.o
         2          0          0          0          0          0   libshutdown2.o
         8          4          0          0         96         68   libspace.o
        72          0          0          0          0         76   llsdiv.o
       238          0          0          0          0        100   lludivv7m.o
        88          0          0          0          0         76   memcmp.o
        40          6          0          0          0         84   noretval__2sprintf.o
        68          0          0          0          0         68   rt_memclr.o
        78          0          0          0          0         80   rt_memclr_w.o
       138          0          0          0          0         68   rt_memcpy_v6.o
       100          0          0          0          0         80   rt_memcpy_w.o
         2          0          0          0          0          0   rtexit.o
        10          0          0          0          0          0   rtexit2.o
        72          0          0          0          0         80   strcpy.o
        62          0          0          0          0         76   strlen.o
        36          0          0          0          0         80   strstr.o
        12          4          0          0          0         68   sys_exit.o
        74          0          0          0          0         80   sys_stackheap_outer.o
         2          0          0          0          0         68   use_no_semi.o
        98          4          0          0          0         92   d2f.o
       826         16          0          0          0        348   daddsub_clz.o
        16          4          0          0          0         68   dcheck1.o
       688        140          0          0          0        208   ddiv.o
        94          4          0          0          0         92   dfix.o
        46          0          0          0          0         68   dflt_clz.o
       340         12          0          0          0        104   dmul.o
       156          4          0          0          0         92   dnaninf.o
        12          0          0          0          0         68   dretinf.o
        86          4          0          0          0         84   f2d.o
       430          8          0          0          0        168   faddsub_clz.o
        24          0          0          0          0         68   fcmpi.o
       388         76          0          0          0         96   fdiv.o
       104          4          0          0          0         84   feqf.o
        54          4          0          0          0         84   ffix.o
        62          4          0          0          0         84   ffixu.o
        86          0          0          0          0        136   fflt_clz.o
       104          4          0          0          0         84   fleqf.o
       258          4          0          0          0         84   fmul.o
       140          4          0          0          0         84   fnaninf.o
        10          0          0          0          0         68   fretinf.o
        98          0          0          0          0         68   frleqf.o
       100          0          0          0          0         68   retnan.o
        92          0          0          0          0         68   scalbn.o
        48          0          0          0          0         68   trapv.o
         0          0          0          0          0          0   usenofp.o
       544         70        152          0          0        124   atan.o
       384         38          0          0          0        144   atan2.o
        26          6          0          0          0        204   dunder.o
        40          0          0          0          0         68   fpclassify.o
       170          0          0          0          0         96   poly.o
         0          0          8          0          0          0   qnan.o

    ----------------------------------------------------------------------
      7494        454        160          0        100       5308   Library Totals
        24          0          0          0          4          0   (incl. Padding)

    ----------------------------------------------------------------------

      Code (inc. data)   RO Data    RW Data    ZI Data      Debug   Library Name

      1946         44          0          0         96       2136   c_w.l
      4360        296          0          0          0       2536   fz_ws.l
      1164        114        160          0          0        636   m_ws.l

    ----------------------------------------------------------------------
      7494        454        160          0        100       5308   Library Totals

    ----------------------------------------------------------------------

==============================================================================


      Code (inc. data)   RO Data    RW Data    ZI Data      Debug   

     30994       2332       3754        356      22956     474301   Grand Totals
     30994       2332       3754         80      22956     474301   ELF Image Totals (compressed)
     30994       2332       3754         80          0          0   ROM Totals

==============================================================================

    Total RO  Size (Code + RO Data)                34748 (  33.93kB)
    Total RW  Size (RW Data + ZI Data)             23312 (  22.77kB)
    Total ROM Size (Code + RO Data + RW Data)      34828 (  34.01kB)

==============================================================================

